05-22 21:45:35.007  2453  3239 W ContextImpl: Calling a method in the system process without a qualified user: android.app.ContextImpl.sendBroadcastMultiplePermissions:1315 com.android.server.TelephonyRegistry.broadcastServiceStateChanged:3614 com.android.server.TelephonyRegistry.notifyServiceStateForPhoneId:1759 com.android.internal.telephony.ITelephonyRegistry$Stub.onTransact:534 android.os.Binder.execTransactInternal:1392 
05-22 21:45:35.021  2453  3239 D OplusCustomizeRestrictionManagerService: ismmsreceiveDisabled null
05-22 21:45:35.021  2453  3239 E OplusCustomizeRestrictionManagerService: getMobileDataMode error :s == null
05-22 21:45:35.259  2453  2559 D OplusSmartBrightnessController: handleMessage MSG_LUX_CHANGED, mLux:63.041035 luxQueue=[63.041035, 63.041035, 63.041035, 63.041035, 63.041035, 63.041035, 63.041035]
05-22 21:45:36.392  1896  1896 I wificond: Regulatory domain changed to country: IN on wiphy_index: 0
05-22 21:45:36.392  1896  1896 I wificond: UpdateBandInfo
05-22 21:45:36.403  1896  1896 I wificond: 2.4Ghz frequencies: 2412 2417 2422 2427 2432 2437 2442 2447 2452 2457 2462 2467 2472
05-22 21:45:36.403  1896  1896 I wificond: 5Ghz non-DFS frequencies: 5180 5200 5220 5240 5745 5765 5785 5805 5825 5845 5865
05-22 21:45:36.404  1896  1896 I wificond: 5Ghz DFS frequencies: 5260 5280 5300 5320 5500 5520 5540 5560 5580 5600 5620 5640 5660 5680 5700 5720
05-22 21:45:36.404  1896  1896 I wificond: 6Ghz frequencies:
05-22 21:45:36.404  1896  1896 I wificond: 60Ghz frequencies:
05-22 21:45:36.459  2453  2559 D OplusSmartBrightnessController: handleMessage MSG_LUX_CHANGED, mLux:63.041035 luxQueue=[63.041035, 63.041035, 63.041035, 63.041035, 63.041035, 63.041035]
05-22 21:45:37.458  2453  2559 D OplusSmartBrightnessController: handleMessage MSG_LUX_CHANGED, mLux:106.58255 luxQueue=[106.58255, 106.58255, 106.58255, 106.58255, 106.58255]
05-22 21:45:38.658  2453  2559 D OplusSmartBrightnessController: handleMessage MSG_LUX_CHANGED, mLux:106.58255 luxQueue=[106.58255, 106.58255, 106.58255, 106.58255, 106.58255, 106.58255]
05-22 21:45:39.859  2453  2559 D OplusSmartBrightnessController: handleMessage MSG_LUX_CHANGED, mLux:106.58255 luxQueue=[106.58255, 106.58255, 106.58255, 106.58255, 106.58255, 106.58255]
05-22 21:45:41.257  2453  2559 D OplusSmartBrightnessController: handleMessage MSG_LUX_CHANGED, mLux:106.58254 luxQueue=[106.58255, 106.58255, 106.58255, 106.58255, 106.58255, 106.58255, 106.58255]
05-22 21:45:43.257  2453  2559 D OplusSmartBrightnessController: handleMessage MSG_LUX_CHANGED, mLux:106.45671 luxQueue=[106.45671, 106.45671, 106.45671, 106.45671, 106.45671, 106.45671, 106.45671, 106.45671]
05-22 21:45:44.458  2453  2559 D OplusSmartBrightnessController: handleMessage MSG_LUX_CHANGED, mLux:106.45671 luxQueue=[106.45671, 106.45671, 106.45671, 106.45671, 106.45671, 106.45671]
05-22 21:45:45.494  2453  3239 W PackageManager: package com.whatsapp uid 10307 pid 5126 call SetEnabledSetting(com.whatsapp component = androidx.work.impl.background.systemalarm.RescheduleReceiver, 1, 0)
05-22 21:45:45.658  2453  2559 D OplusSmartBrightnessController: handleMessage MSG_LUX_CHANGED, mLux:106.45671 luxQueue=[106.45671, 106.45671, 106.45671, 106.45671, 106.45671, 106.45671]
05-22 21:45:47.067  2453  2970 V AlarmManager: Checking for alarms... rtc=1716394547067, elapsed=100893595, nextNoWakeup = 101896529, PendingNonWakeupAlarmsSize = 0, result = 0x8, hasPendingIdle = false
05-22 21:45:47.073  2453  2970 V AlarmManager: Triggering alarm #0: Alarm{b1ed047 type 3 origWhen 100864285 whenElapsed 100864285 android} uid 1000 whenElapsed 100864285 windowLength 29310 maxWhenElapsed 100893595 repeatInterval 0 action null component null tag *job.delay* flags 0x0 procName system_server
05-22 21:45:47.073  2453  2970 V AlarmManager: Triggering alarm #1: Alarm{d7e8074 type 3 origWhen 100875941 whenElapsed 100875941 com.oplus.nhs} uid 1001 whenElapsed 100875941 windowLength 225000 maxWhenElapsed 101100941 repeatInterval 300000 action oplus.intent.action.INTERNAL_LOOP_UPDATE_ACTIVITYINFO_ALARM component ComponentInfo{com.oplus.nhs/com.oplus.nhs.pwr.ModemAci.ModemAciAlarmReceiver} flags 0x8 procName com.oplus.nhs
05-22 21:45:47.073  2453  2970 V AlarmManager: sending alarm Alarm{b1ed047 type 3 origWhen 100864285 whenElapsed 100864285 android} uid 1000 whenElapsed 100864285 windowLength 29310 maxWhenElapsed 100893595 repeatInterval 0 action null component null tag *job.delay* flags 0x0 procName system_server
05-22 21:45:47.073  2453  2970 V AlarmManager: Alarm to uid=1000 listener=android.app.AlarmManager$ListenerWrapper@6066300
05-22 21:45:47.073  2453  2970 D AlarmManager: mBroadcastRefCount -> 1
05-22 21:45:47.075  2453  2970 V AlarmManager: sending alarm Alarm{d7e8074 type 3 origWhen 100875941 whenElapsed 100875941 com.oplus.nhs} uid 1001 whenElapsed 100875941 windowLength 225000 maxWhenElapsed 101100941 repeatInterval 300000 action oplus.intent.action.INTERNAL_LOOP_UPDATE_ACTIVITYINFO_ALARM component ComponentInfo{com.oplus.nhs/com.oplus.nhs.pwr.ModemAci.ModemAciAlarmReceiver} flags 0x8 procName com.oplus.nhs
05-22 21:45:47.077  2453  2970 D AlarmManager: mBroadcastRefCount -> 2
05-22 21:45:47.083  2453  2453 V AlarmManager: set(null) : type=3 triggerAtTime=100933201 win=29692 tElapsed=100933201 maxElapsed=100962893 interval=0 flags=0x0 callingPackage=android listenerTag=*job.delay*
05-22 21:45:47.085  2453  4201 D AlarmManager: remove: operation=PendingIntent{6e29e3: PendingIntentRecord{9e7797c com.oplus.nhs broadcastIntent}}, listener=null
05-22 21:45:47.086  2453  2453 I AlarmManager: alarmComplete() from android.app.AlarmManager$ListenerWrapper@6066300
05-22 21:45:47.087  2453  2453 D AlarmManager: mBroadcastRefCount -> 1
05-22 21:45:47.087  2453  4201 V AlarmManager: set(PendingIntent{de3d299: PendingIntentRecord{9e7797c com.oplus.nhs broadcastIntent}}) : type=2 triggerAtTime=102693615 win=1349999 tElapsed=102693615 maxElapsed=104043614 interval=0 flags=0x8 callingPackage=com.oplus.nhs listenerTag=null
05-22 21:45:47.089  2453  2453 D AlarmManager: mBroadcastRefCount -> 0
05-22 21:45:48.258  2453  2559 D OplusSmartBrightnessController: handleMessage MSG_LUX_CHANGED, mLux:88.83875 luxQueue=[88.83875, 88.83875, 88.83875, 88.83875, 88.83875, 88.83875, 88.83875, 88.83875]
05-22 21:45:49.206  2453  3927 V AlarmManager: set(PendingIntent{d79055f: PendingIntentRecord{fdbb0ce com.whatsapp broadcastIntent}}) : type=2 triggerAtTime=101495733 win=449999 tElapsed=101495733 maxElapsed=101945732 interval=0 flags=0x8 callingPackage=com.whatsapp listenerTag=null
05-22 21:45:49.208  2453  3927 V AlarmManager: set(PendingIntent{bd87075: PendingIntentRecord{fdbb0ce com.whatsapp broadcastIntent}}) : type=2 triggerAtTime=101495736 win=450000 tElapsed=101495736 maxElapsed=101945736 interval=0 flags=0x8 callingPackage=com.whatsapp listenerTag=null
05-22 21:45:49.458  2453  2559 D OplusSmartBrightnessController: handleMessage MSG_LUX_CHANGED, mLux:88.83875 luxQueue=[88.83875, 88.83875, 88.83875, 88.83875, 88.83875, 88.83875]
05-22 21:45:50.859  2453  2559 D OplusSmartBrightnessController: handleMessage MSG_LUX_CHANGED, mLux:88.83875 luxQueue=[88.83875, 88.83875, 88.83875, 88.83875, 88.83875, 88.83875, 88.83875]
05-22 21:45:53.058  2453  2559 D OplusSmartBrightnessController: handleMessage MSG_LUX_CHANGED, mLux:118.915115 luxQueue=[118.915115, 118.915115, 118.915115, 118.915115, 118.915115, 118.915115]
05-22 21:45:54.258  2453  2559 D OplusSmartBrightnessController: handleMessage MSG_LUX_CHANGED, mLux:118.915115 luxQueue=[118.915115, 118.915115, 118.915115, 118.915115, 118.915115, 118.915115]
05-22 21:45:55.459  2453  2559 D OplusSmartBrightnessController: handleMessage MSG_LUX_CHANGED, mLux:118.915115 luxQueue=[118.915115, 118.915115, 118.915115, 118.915115, 118.915115, 118.915115]
05-22 21:45:56.858  2453  2559 D OplusSmartBrightnessController: handleMessage MSG_LUX_CHANGED, mLux:118.915115 luxQueue=[118.915115, 118.915115, 118.915115, 118.915115, 118.915115, 118.915115, 118.915115]
05-22 21:45:58.658  2453  2559 D OplusSmartBrightnessController: handleMessage MSG_LUX_CHANGED, mLux:111.993774 luxQueue=[111.993774, 111.993774, 111.993774, 111.993774, 111.993774, 111.993774, 111.993774, 111.993774]
05-22 21:45:59.859  2453  2559 D OplusSmartBrightnessController: handleMessage MSG_LUX_CHANGED, mLux:111.993774 luxQueue=[111.993774, 111.993774, 111.993774, 111.993774, 111.993774, 111.993774]
05-22 21:46:00.000  2453  2970 V AlarmManager: Checking for alarms... rtc=1716394560000, elapsed=100906528, nextNoWakeup = 101896529, PendingNonWakeupAlarmsSize = 0, result = 0x8, hasPendingIdle = false
05-22 21:46:00.001  2453  2970 V AlarmManager: Triggering alarm #0: Alarm{f36966b type 3 origWhen 100906528 whenElapsed 100906528 android} uid 1000 whenElapsed 100906528 windowLength 0 maxWhenElapsed 100906528 repeatInterval 0 action null component null tag TIME_TICK flags 0x9 procName system_server
05-22 21:46:00.001  2453  2970 V AlarmManager: sending alarm Alarm{f36966b type 3 origWhen 100906528 whenElapsed 100906528 android} uid 1000 whenElapsed 100906528 windowLength 0 maxWhenElapsed 100906528 repeatInterval 0 action null component null tag TIME_TICK flags 0x9 procName system_server
05-22 21:46:00.001  2453  2970 V AlarmManager: Alarm to uid=1000 listener=com.android.server.alarm.AlarmManagerService$3@23f812e
05-22 21:46:00.001  2453  2970 V AlarmManager: Received TIME_TICK alarm; rescheduling
05-22 21:46:00.001  2453  2970 V AlarmManager: set(null) : type=3 triggerAtTime=100966529 win=0 tElapsed=100966529 maxElapsed=100966529 interval=0 flags=0x9 callingPackage=android listenerTag=TIME_TICK
05-22 21:46:00.004  2453  2970 D AlarmManager: mBroadcastRefCount -> 1
05-22 21:46:00.007  2453  2453 I AlarmManager: alarmComplete() from com.android.server.alarm.AlarmManagerService$3@23f812e
05-22 21:46:00.007  2453  2453 D AlarmManager: mBroadcastRefCount -> 0
05-22 21:46:00.034  2453  3239 E OplusCustomizeRestrictionManagerService: isBiometricDisabled start
05-22 21:46:00.509  2453  3239 E OplusCustomizeRestrictionManagerService: isBiometricDisabled start
05-22 21:46:01.258  2453  2559 D OplusSmartBrightnessController: handleMessage MSG_LUX_CHANGED, mLux:111.99377 luxQueue=[111.993774, 111.993774, 111.993774, 111.993774, 111.993774, 111.993774, 111.993774]
05-22 21:46:02.059  2453  2559 D OplusSmartBrightnessController: handleMessage MSG_LUX_CHANGED, mLux:111.993774 luxQueue=[111.993774, 111.993774, 111.993774, 111.993774]
05-22 21:46:03.057  2453  2559 D OplusSmartBrightnessController: handleMessage MSG_LUX_CHANGED, mLux:122.94207 luxQueue=[122.94207, 122.94207, 122.94207, 122.94207, 122.94207]
05-22 21:46:04.257  2453  2559 D OplusSmartBrightnessController: handleMessage MSG_LUX_CHANGED, mLux:122.94207 luxQueue=[122.94207, 122.94207, 122.94207, 122.94207, 122.94207, 122.94207]
05-22 21:46:05.457  2453  2559 D OplusSmartBrightnessController: handleMessage MSG_LUX_CHANGED, mLux:122.94207 luxQueue=[122.94207, 122.94207, 122.94207, 122.94207, 122.94207, 122.94207]
05-22 21:46:06.658  2453  2559 D OplusSmartBrightnessController: handleMessage MSG_LUX_CHANGED, mLux:122.94207 luxQueue=[122.94207, 122.94207, 122.94207, 122.94207, 122.94207, 122.94207]
05-22 21:46:07.549  2453  4369 D OplusProxyWakeLock: restore uid :10462 wakelock: lock:192700200 PARTIAL_WAKE_LOCK              '*job*' (uid=1000 pid=2453 ws=WorkSource{10462 com.jio.media.ondemand})
05-22 21:46:07.552  2453  3239 W ProcessStats: Tracking association SourceState{f51e808 com.google.android.apps.messaging:rcs/10236 BFgs #422471} whose proc state 4 is better than process ProcessState{7f4548c com.google.android.apps.messaging/10236 pkg=com.google.android.apps.messaging} proc state 13 (1 skipped)
05-22 21:46:08.821  2453  3928 E BatteryStatsService: Invalid uid for waking network packet: -1
05-22 21:46:08.858  2453  2559 D OplusSmartBrightnessController: handleMessage MSG_LUX_CHANGED, mLux:113.88141 luxQueue=[113.88141, 113.88141, 113.88141, 113.88141, 113.88141, 113.88141, 113.88141, 113.88141]
05-22 21:46:10.058  2453  2559 D OplusSmartBrightnessController: handleMessage MSG_LUX_CHANGED, mLux:113.88141 luxQueue=[113.88141, 113.88141, 113.88141, 113.88141, 113.88141, 113.88141]
05-22 21:46:10.573  2453  4369 I OplusProxyWakeLock: add uid: 10462 wakelock: lock:192700200 PARTIAL_WAKE_LOCK              '*job*' (uid=1000 pid=2453 ws=WorkSource{10462 com.jio.media.ondemand})  to FroceReleaseWakeLock list
05-22 21:46:10.575  2453  4369 D DisplayManagerServiceExtImpl: request size(1,1),dpc=com.android.server.display.DisplayPowerController@b0183d3 size(0,1),flags=0X200F,id(0,0,local:4630946950956839809),enable=true,ready=false,waitForNegativeProximity=true policy=BRIGHT,useProximitySensor=false,dozeState=UNKNOWN,screenBrightnessOverride=-1.000000,useAuto=false,lowPower=false,lowPowerFactor=1.000000
05-22 21:46:10.575  2453  2557 D DpcExtImpl[0]: RECORD:onUpdatePowerState policy:3 state:2 brightness:8191
05-22 21:46:10.575  2453  2557 D DisplayManagerServiceExtImpl: request size(1,1),dpc=com.android.server.display.DisplayPowerController@b0183d3 size(0,1),flags=0X200F,id(0,0,local:4630946950956839809),enable=true,ready=true,waitForNegativeProximity=false policy=BRIGHT,useProximitySensor=false,dozeState=UNKNOWN,screenBrightnessOverride=-1.000000,useAuto=false,lowPower=false,lowPowerFactor=1.000000
05-22 21:46:11.457  2453  2559 D OplusSmartBrightnessController: handleMessage MSG_LUX_CHANGED, mLux:113.88141 luxQueue=[113.88141, 113.88141, 113.88141, 113.88141, 113.88141, 113.88141, 113.88141]
05-22 21:46:11.611  2453  4369 D OplusProxyWakeLock: restore uid :10462 wakelock: lock:192700200 PARTIAL_WAKE_LOCK              '*job*' (uid=1000 pid=2453 ws=WorkSource{10462 com.jio.media.ondemand})
05-22 21:46:12.659  2453  2559 D OplusSmartBrightnessController: handleMessage MSG_LUX_CHANGED, mLux:113.88141 luxQueue=[113.88141, 113.88141, 113.88141, 113.88141, 113.88141, 113.88141]
05-22 21:46:14.058  2453  2559 D OplusSmartBrightnessController: handleMessage MSG_LUX_CHANGED, mLux:113.88141 luxQueue=[113.88141, 113.88141, 113.88141, 113.88141, 113.88141, 113.88141, 113.88141]
05-22 21:46:14.642  2453  4369 I OplusProxyWakeLock: add uid: 10462 wakelock: lock:192700200 PARTIAL_WAKE_LOCK              '*job*' (uid=1000 pid=2453 ws=WorkSource{10462 com.jio.media.ondemand})  to FroceReleaseWakeLock list
05-22 21:46:14.643  2453  4369 D DisplayManagerServiceExtImpl: request size(1,1),dpc=com.android.server.display.DisplayPowerController@b0183d3 size(0,1),flags=0X200F,id(0,0,local:4630946950956839809),enable=true,ready=false,waitForNegativeProximity=true policy=BRIGHT,useProximitySensor=false,dozeState=UNKNOWN,screenBrightnessOverride=-1.000000,useAuto=false,lowPower=false,lowPowerFactor=1.000000
05-22 21:46:14.643  2453  2557 D DpcExtImpl[0]: RECORD:onUpdatePowerState policy:3 state:2 brightness:8191
05-22 21:46:14.644  2453  2557 D DisplayManagerServiceExtImpl: request size(1,1),dpc=com.android.server.display.DisplayPowerController@b0183d3 size(0,1),flags=0X200F,id(0,0,local:4630946950956839809),enable=true,ready=true,waitForNegativeProximity=false policy=BRIGHT,useProximitySensor=false,dozeState=UNKNOWN,screenBrightnessOverride=-1.000000,useAuto=false,lowPower=false,lowPowerFactor=1.000000
05-22 21:46:15.458  2453  2559 D OplusSmartBrightnessController: handleMessage MSG_LUX_CHANGED, mLux:113.88141 luxQueue=[113.88141, 113.88141, 113.88141, 113.88141, 113.88141, 113.88141, 113.88141]
05-22 21:46:15.527  2453  4532 W JobScheduler: Job didn't exist in JobStore: #com.whatsapp/125429
05-22 21:46:16.858  2453  2559 D OplusSmartBrightnessController: handleMessage MSG_LUX_CHANGED, mLux:113.88141 luxQueue=[113.88141, 113.88141, 113.88141, 113.88141, 113.88141, 113.88141, 113.88141]
05-22 21:46:17.714  2453  4532 W ProcessStats: Tracking association SourceState{f51e808 com.google.android.apps.messaging:rcs/10236 BFgs #422477} whose proc state 4 is better than process ProcessState{7f4548c com.google.android.apps.messaging/10236 pkg=com.google.android.apps.messaging} proc state 13 (2 skipped)
05-22 21:46:17.715  2453  4369 D OplusProxyWakeLock: restore uid :10462 wakelock: lock:192700200 PARTIAL_WAKE_LOCK              '*job*' (uid=1000 pid=2453 ws=WorkSource{10462 com.jio.media.ondemand})
05-22 21:46:18.658  2453  2559 D OplusSmartBrightnessController: handleMessage MSG_LUX_CHANGED, mLux:118.03421 luxQueue=[118.03421, 118.03421, 118.03421, 118.03421, 118.03421, 118.03421]
05-22 21:46:19.858  2453  2559 D OplusSmartBrightnessController: handleMessage MSG_LUX_CHANGED, mLux:118.03421 luxQueue=[118.03421, 118.03421, 118.03421, 118.03421, 118.03421, 118.03421]
05-22 21:46:20.170  2453  3927 W ContextImpl: Calling a method in the system process without a qualified user: android.app.ContextImpl.sendBroadcastMultiplePermissions:1282 android.content.Context.sendBroadcastMultiplePermissions:2476 com.android.server.TelephonyRegistry.broadcastServiceStateChanged:3594 com.android.server.TelephonyRegistry.notifyServiceStateForPhoneId:1759 com.android.internal.telephony.ITelephonyRegistry$Stub.onTransact:534 
05-22 21:46:20.173  2453  3927 W ContextImpl: Calling a method in the system process without a qualified user: android.app.ContextImpl.sendBroadcastMultiplePermissions:1315 com.android.server.TelephonyRegistry.broadcastServiceStateChanged:3599 com.android.server.TelephonyRegistry.notifyServiceStateForPhoneId:1759 com.android.internal.telephony.ITelephonyRegistry$Stub.onTransact:534 android.os.Binder.execTransactInternal:1392 
05-22 21:46:20.177  2453  3927 W ContextImpl: Calling a method in the system process without a qualified user: android.app.ContextImpl.sendBroadcastMultiplePermissions:1315 com.android.server.TelephonyRegistry.broadcastServiceStateChanged:3608 com.android.server.TelephonyRegistry.notifyServiceStateForPhoneId:1759 com.android.internal.telephony.ITelephonyRegistry$Stub.onTransact:534 android.os.Binder.execTransactInternal:1392 
05-22 21:46:20.177  2453  3927 W ContextImpl: Calling a method in the system process without a qualified user: android.app.ContextImpl.sendBroadcastMultiplePermissions:1315 com.android.server.TelephonyRegistry.broadcastServiceStateChanged:3614 com.android.server.TelephonyRegistry.notifyServiceStateForPhoneId:1759 com.android.internal.telephony.ITelephonyRegistry$Stub.onTransact:534 android.os.Binder.execTransactInternal:1392 
05-22 21:46:20.191  2453  4111 D OplusCustomizeRestrictionManagerService: ismmsreceiveDisabled null
05-22 21:46:20.191  2453  4111 E OplusCustomizeRestrictionManagerService: getMobileDataMode error :s == null
05-22 21:46:20.752  2453  4369 I OplusProxyWakeLock: add uid: 10462 wakelock: lock:192700200 PARTIAL_WAKE_LOCK              '*job*' (uid=1000 pid=2453 ws=WorkSource{10462 com.jio.media.ondemand})  to FroceReleaseWakeLock list
05-22 21:46:20.753  2453  4369 D DisplayManagerServiceExtImpl: request size(1,1),dpc=com.android.server.display.DisplayPowerController@b0183d3 size(0,1),flags=0X200F,id(0,0,local:4630946950956839809),enable=true,ready=false,waitForNegativeProximity=true policy=BRIGHT,useProximitySensor=false,dozeState=UNKNOWN,screenBrightnessOverride=-1.000000,useAuto=false,lowPower=false,lowPowerFactor=1.000000
05-22 21:46:20.753  2453  2557 D DpcExtImpl[0]: RECORD:onUpdatePowerState policy:3 state:2 brightness:8191
05-22 21:46:20.754  2453  2557 D DisplayManagerServiceExtImpl: request size(1,1),dpc=com.android.server.display.DisplayPowerController@b0183d3 size(0,1),flags=0X200F,id(0,0,local:4630946950956839809),enable=true,ready=true,waitForNegativeProximity=false policy=BRIGHT,useProximitySensor=false,dozeState=UNKNOWN,screenBrightnessOverride=-1.000000,useAuto=false,lowPower=false,lowPowerFactor=1.000000
05-22 21:46:21.081  1896  1896 I wificond: Regulatory domain changed to country: IN on wiphy_index: 0
05-22 21:46:21.081  1896  1896 I wificond: UpdateBandInfo
05-22 21:46:21.092  1896  1896 I wificond: 2.4Ghz frequencies: 2412 2417 2422 2427 2432 2437 2442 2447 2452 2457 2462 2467 2472
05-22 21:46:21.092  1896  1896 I wificond: 5Ghz non-DFS frequencies: 5180 5200 5220 5240 5745 5765 5785 5805 5825 5845 5865
05-22 21:46:21.092  1896  1896 I wificond: 5Ghz DFS frequencies: 5260 5280 5300 5320 5500 5520 5540 5560 5580 5600 5620 5640 5660 5680 5700 5720
05-22 21:46:21.092  1896  1896 I wificond: 6Ghz frequencies:
05-22 21:46:21.092  1896  1896 I wificond: 60Ghz frequencies:
05-22 21:46:21.258  2453  2559 D OplusSmartBrightnessController: handleMessage MSG_LUX_CHANGED, mLux:118.03422 luxQueue=[118.03421, 118.03421, 118.03421, 118.03421, 118.03421, 118.03421, 118.03421]
05-22 21:46:21.780  2453  4369 D OplusProxyWakeLock: restore uid :10462 wakelock: lock:192700200 PARTIAL_WAKE_LOCK              '*job*' (uid=1000 pid=2453 ws=WorkSource{10462 com.jio.media.ondemand})
05-22 21:46:22.362  2453  3239 W ContextImpl: Calling a method in the system process without a qualified user: android.app.ContextImpl.sendBroadcastMultiplePermissions:1282 android.content.Context.sendBroadcastMultiplePermissions:2476 com.android.server.TelephonyRegistry.broadcastServiceStateChanged:3594 com.android.server.TelephonyRegistry.notifyServiceStateForPhoneId:1759 com.android.internal.telephony.ITelephonyRegistry$Stub.onTransact:534 
05-22 21:46:22.365  2453  3239 W ContextImpl: Calling a method in the system process without a qualified user: android.app.ContextImpl.sendBroadcastMultiplePermissions:1315 com.android.server.TelephonyRegistry.broadcastServiceStateChanged:3599 com.android.server.TelephonyRegistry.notifyServiceStateForPhoneId:1759 com.android.internal.telephony.ITelephonyRegistry$Stub.onTransact:534 android.os.Binder.execTransactInternal:1392 
05-22 21:46:22.369  2453  3239 W ContextImpl: Calling a method in the system process without a qualified user: android.app.ContextImpl.sendBroadcastMultiplePermissions:1315 com.android.server.TelephonyRegistry.broadcastServiceStateChanged:3608 com.android.server.TelephonyRegistry.notifyServiceStateForPhoneId:1759 com.android.internal.telephony.ITelephonyRegistry$Stub.onTransact:534 android.os.Binder.execTransactInternal:1392 
05-22 21:46:22.371  2453  3239 W ContextImpl: Calling a method in the system process without a qualified user: android.app.ContextImpl.sendBroadcastMultiplePermissions:1315 com.android.server.TelephonyRegistry.broadcastServiceStateChanged:3614 com.android.server.TelephonyRegistry.notifyServiceStateForPhoneId:1759 com.android.internal.telephony.ITelephonyRegistry$Stub.onTransact:534 android.os.Binder.execTransactInternal:1392 
05-22 21:46:22.379  2453  4534 D OplusCustomizeRestrictionManagerService: ismmsreceiveDisabled null
05-22 21:46:22.379  2453  3239 E OplusCustomizeRestrictionManagerService: getMobileDataMode error :s == null
05-22 21:46:22.461  2453  2559 D OplusSmartBrightnessController: handleMessage MSG_LUX_CHANGED, mLux:118.03421 luxQueue=[118.03421, 118.03421, 118.03421, 118.03421, 118.03421, 118.03421]
05-22 21:46:23.029  1896  1896 I wificond: Regulatory domain changed to country: IN on wiphy_index: 0
05-22 21:46:23.029  1896  1896 I wificond: UpdateBandInfo
05-22 21:46:23.039  1896  1896 I wificond: 2.4Ghz frequencies: 2412 2417 2422 2427 2432 2437 2442 2447 2452 2457 2462 2467 2472
05-22 21:46:23.039  1896  1896 I wificond: 5Ghz non-DFS frequencies: 5180 5200 5220 5240 5745 5765 5785 5805 5825 5845 5865
05-22 21:46:23.040  1896  1896 I wificond: 5Ghz DFS frequencies: 5260 5280 5300 5320 5500 5520 5540 5560 5580 5600 5620 5640 5660 5680 5700 5720
05-22 21:46:23.040  1896  1896 I wificond: 6Ghz frequencies:
05-22 21:46:23.040  1896  1896 I wificond: 60Ghz frequencies:
05-22 21:46:23.859  2453  2559 D OplusSmartBrightnessController: handleMessage MSG_LUX_CHANGED, mLux:118.03422 luxQueue=[118.03421, 118.03421, 118.03421, 118.03421, 118.03421, 118.03421, 118.03421]
05-22 21:46:24.812  2453  4369 I OplusProxyWakeLock: add uid: 10462 wakelock: lock:192700200 PARTIAL_WAKE_LOCK              '*job*' (uid=1000 pid=2453 ws=WorkSource{10462 com.jio.media.ondemand})  to FroceReleaseWakeLock list
05-22 21:46:24.813  2453  4369 D DisplayManagerServiceExtImpl: request size(1,1),dpc=com.android.server.display.DisplayPowerController@b0183d3 size(0,1),flags=0X200F,id(0,0,local:4630946950956839809),enable=true,ready=false,waitForNegativeProximity=true policy=BRIGHT,useProximitySensor=false,dozeState=UNKNOWN,screenBrightnessOverride=-1.000000,useAuto=false,lowPower=false,lowPowerFactor=1.000000
05-22 21:46:24.814  2453  2557 D DpcExtImpl[0]: RECORD:onUpdatePowerState policy:3 state:2 brightness:8191
05-22 21:46:24.814  2453  2557 D DisplayManagerServiceExtImpl: request size(1,1),dpc=com.android.server.display.DisplayPowerController@b0183d3 size(0,1),flags=0X200F,id(0,0,local:4630946950956839809),enable=true,ready=true,waitForNegativeProximity=false policy=BRIGHT,useProximitySensor=false,dozeState=UNKNOWN,screenBrightnessOverride=-1.000000,useAuto=false,lowPower=false,lowPowerFactor=1.000000
05-22 21:46:25.258  2453  2559 D OplusSmartBrightnessController: handleMessage MSG_LUX_CHANGED, mLux:118.03422 luxQueue=[118.03421, 118.03421, 118.03421, 118.03421, 118.03421, 118.03421, 118.03421]
05-22 21:46:26.458  2453  2559 D OplusSmartBrightnessController: handleMessage MSG_LUX_CHANGED, mLux:118.03421 luxQueue=[118.03421, 118.03421, 118.03421, 118.03421, 118.03421, 118.03421]
05-22 21:46:27.154  2453  3239 V AlarmManager: set(null) : type=3 triggerAtTime=100960384 win=20026 tElapsed=100960384 maxElapsed=100980410 interval=0 flags=0x0 callingPackage=android listenerTag=*job.delay*
05-22 21:46:27.471  2453  2970 V AlarmManager: Checking for alarms... rtc=1716394587471, elapsed=100934000, nextNoWakeup = 101896529, PendingNonWakeupAlarmsSize = 0, result = 0x4, hasPendingIdle = false
05-22 21:46:27.472  2453  2970 V AlarmManager: Triggering alarm #0: Alarm{2866f60 type 2 origWhen 100787506 whenElapsed 100787506 com.instagram.android} uid 10301 whenElapsed 100787506 windowLength 689998 maxWhenElapsed 101477504 repeatInterval 0 action KeepaliveManager.ACTION_BACKUP_ALARM.FBNS.com.instagram.android component null flags 0x8 procName com.instagram.android:mqtt
05-22 21:46:27.472  2453  2970 V AlarmManager: Triggering alarm #1: Alarm{d6cdc19 type 2 origWhen 100904000 whenElapsed 100904000 com.google.android.gms} uid 99910108 whenElapsed 100904000 windowLength 30000 maxWhenElapsed 100934000 repeatInterval 0 action com.google.android.location.ALARM_WAKEUP_ACTIVITY_DETECTION component null flags 0x0 procName com.google.android.gms.persistent
05-22 21:46:27.472  2453  2970 V AlarmManager: Triggering alarm #2: Alarm{6bf84de type 3 origWhen 100903311 whenElapsed 100903311 com.oplus.metis} uid 10116 whenElapsed 100903311 windowLength 224999 maxWhenElapsed 101128310 repeatInterval 0 action com.oplus.action.TIMER_ALARM_TASK component null flags 0x0 procName com.oplus.metis
05-22 21:46:27.472  2453  2970 V AlarmManager: Triggering alarm #3: Alarm{bbb66bf type 3 origWhen 100919675 whenElapsed 100919675 com.oplus.metis} uid 10116 whenElapsed 100919675 windowLength 44999 maxWhenElapsed 100964674 repeatInterval 0 action com.oplus.action.PID_TIMER_CHECK component null flags 0x0 procName com.oplus.metis
05-22 21:46:27.472  2453  2970 V AlarmManager: triggered: act=KeepaliveManager.ACTION_BACKUP_ALARM.FBNS.com.instagram.android pkg=com.instagram.android [oem] Alarm{2866f60 type 2 origWhen 100787506 whenElapsed 100787506 com.instagram.android} uid 10301 whenElapsed 100787506 windowLength 689998 maxWhenElapsed 101477504 repeatInterval 0 action KeepaliveManager.ACTION_BACKUP_ALARM.FBNS.com.instagram.android component null flags 0x8 procName com.instagram.android:mqtt
05-22 21:46:27.472  2453  2970 V AlarmManager: sending alarm Alarm{2866f60 type 2 origWhen 100787506 whenElapsed 100787506 com.instagram.android} uid 10301 whenElapsed 100787506 windowLength 689998 maxWhenElapsed 101477504 repeatInterval 0 action KeepaliveManager.ACTION_BACKUP_ALARM.FBNS.com.instagram.android component null flags 0x8 procName com.instagram.android:mqtt
05-22 21:46:27.474  2453  2970 D AlarmManager: mBroadcastRefCount -> 1
05-22 21:46:27.476  2453  2970 V AlarmManager: triggered: act=com.google.android.location.ALARM_WAKEUP_ACTIVITY_DETECTION [oem] Alarm{d6cdc19 type 2 origWhen 100904000 whenElapsed 100904000 com.google.android.gms} uid 99910108 whenElapsed 100904000 windowLength 30000 maxWhenElapsed 100934000 repeatInterval 0 action com.google.android.location.ALARM_WAKEUP_ACTIVITY_DETECTION component null flags 0x0 procName com.google.android.gms.persistent
05-22 21:46:27.476  2453  2970 V AlarmManager: sending alarm Alarm{d6cdc19 type 2 origWhen 100904000 whenElapsed 100904000 com.google.android.gms} uid 99910108 whenElapsed 100904000 windowLength 30000 maxWhenElapsed 100934000 repeatInterval 0 action com.google.android.location.ALARM_WAKEUP_ACTIVITY_DETECTION component null flags 0x0 procName com.google.android.gms.persistent
05-22 21:46:27.477  2453  2970 D AlarmManager: mBroadcastRefCount -> 2
05-22 21:46:27.477  2453  2970 V AlarmManager: sending alarm Alarm{6bf84de type 3 origWhen 100903311 whenElapsed 100903311 com.oplus.metis} uid 10116 whenElapsed 100903311 windowLength 224999 maxWhenElapsed 101128310 repeatInterval 0 action com.oplus.action.TIMER_ALARM_TASK component null flags 0x0 procName com.oplus.metis
05-22 21:46:27.478  2453  3239 D AlarmManager: remove: operation=PendingIntent{d3b10ea: PendingIntentRecord{7b89cd5 com.instagram.android broadcastIntent}}, listener=null
05-22 21:46:27.479  2453  2970 D AlarmManager: mBroadcastRefCount -> 3
05-22 21:46:27.479  2453  2970 V AlarmManager: sending alarm Alarm{bbb66bf type 3 origWhen 100919675 whenElapsed 100919675 com.oplus.metis} uid 10116 whenElapsed 100919675 windowLength 44999 maxWhenElapsed 100964674 repeatInterval 0 action com.oplus.action.PID_TIMER_CHECK component null flags 0x0 procName com.oplus.metis
05-22 21:46:27.485  2453  2970 D AlarmManager: mBroadcastRefCount -> 4
05-22 21:46:27.486  2453  2453 D AlarmManager: mBroadcastRefCount -> 3
05-22 21:46:27.486  2453  3927 V AlarmManager: set(PendingIntent{63151b6: PendingIntentRecord{7b89cd5 com.instagram.android broadcastIntent}}) : type=2 triggerAtTime=101834005 win=674993 tElapsed=101834005 maxElapsed=102508998 interval=0 flags=0x8 callingPackage=com.instagram.android listenerTag=null
05-22 21:46:27.490  2453  4469 V AlarmManager: set(PendingIntent{5c2958d: PendingIntentRecord{cb72ac7 com.oplus.metis broadcastIntent}}) : type=3 triggerAtTime=100994015 win=45000 tElapsed=100994015 maxElapsed=101039015 interval=0 flags=0x0 callingPackage=com.oplus.metis listenerTag=null
05-22 21:46:27.491  2453  2453 D AlarmManager: mBroadcastRefCount -> 2
05-22 21:46:27.491  2453  4534 V AlarmManager: set(PendingIntent{bdc3f53: PendingIntentRecord{c407603 com.instagram.android broadcastIntent}}) : type=2 triggerAtTime=101854005 win=689989 tElapsed=101854005 maxElapsed=102543994 interval=0 flags=0x8 callingPackage=com.instagram.android listenerTag=null
05-22 21:46:27.493  2453  2453 D AlarmManager: mBroadcastRefCount -> 1
05-22 21:46:27.499  2453  4469 V AlarmManager: set(PendingIntent{7cffd89: PendingIntentRecord{7575a36 com.instagram.android broadcastIntent}}) : type=2 triggerAtTime=100993027 win=44250 tElapsed=100993027 maxElapsed=101037277 interval=0 flags=0x8 callingPackage=com.instagram.android listenerTag=null
05-22 21:46:27.501  2453  4534 V AlarmManager: set(PendingIntent{72805bc: PendingIntentRecord{dfbd49c com.oplus.metis broadcastIntent}}) : type=3 triggerAtTime=101234029 win=225000 tElapsed=101234029 maxElapsed=101459029 interval=0 flags=0x0 callingPackage=com.oplus.metis listenerTag=null
05-22 21:46:27.504  2453  2453 D AlarmManager: mBroadcastRefCount -> 0
05-22 21:46:27.505  6725  6822 E ActivityThread: Failed to find provider info for com.oplus.sceneservice.scenesprovider
05-22 21:46:27.722  2453  3239 D AlarmManager: remove: operation=PendingIntent{fb1889a: PendingIntentRecord{7575a36 com.instagram.android broadcastIntent}}, listener=null
05-22 21:46:27.858  2453  2559 D OplusSmartBrightnessController: handleMessage MSG_LUX_CHANGED, mLux:118.03422 luxQueue=[118.03421, 118.03421, 118.03421, 118.03421, 118.03421, 118.03421, 118.03421]
05-22 21:46:29.045  2453  3239 V AlarmManager: set(PendingIntent{54dc1a8: PendingIntentRecord{d4cca0e com.google.android.gms/com.google.android.gms.location_base broadcastIntent}}) : type=2 triggerAtTime=101175538 win=30000 tElapsed=101175538 maxElapsed=101205538 interval=0 flags=0x0 callingPackage=com.google.android.gms listenerTag=null
05-22 21:46:29.258  2453  2559 D OplusSmartBrightnessController: handleMessage MSG_LUX_CHANGED, mLux:118.03422 luxQueue=[118.03421, 118.03421, 118.03421, 118.03421, 118.03421, 118.03421, 118.03421]
05-22 21:46:30.459  2453  2559 D OplusSmartBrightnessController: handleMessage MSG_LUX_CHANGED, mLux:118.03421 luxQueue=[118.03421, 118.03421, 118.03421, 118.03421, 118.03421, 118.03421]
05-22 21:46:31.412  2453  3927 E BatteryStatsService: Invalid uid for waking network packet: -1
05-22 21:46:31.413  2453  3927 E BatteryStatsService: Invalid uid for waking network packet: -1
05-22 21:46:31.414  2453  3239 E BatteryStatsService: Invalid uid for waking network packet: -1
05-22 21:46:31.658  2453  2559 D OplusSmartBrightnessController: handleMessage MSG_LUX_CHANGED, mLux:118.03421 luxQueue=[118.03421, 118.03421, 118.03421, 118.03421, 118.03421, 118.03421]
05-22 21:46:32.859  2453  2559 D OplusSmartBrightnessController: handleMessage MSG_LUX_CHANGED, mLux:118.03421 luxQueue=[118.03421, 118.03421, 118.03421, 118.03421, 118.03421, 118.03421]
05-22 21:46:32.868  2453  3927 W ContextImpl: Calling a method in the system process without a qualified user: android.app.ContextImpl.sendBroadcastMultiplePermissions:1282 android.content.Context.sendBroadcastMultiplePermissions:2476 com.android.server.TelephonyRegistry.broadcastServiceStateChanged:3594 com.android.server.TelephonyRegistry.notifyServiceStateForPhoneId:1759 com.android.internal.telephony.ITelephonyRegistry$Stub.onTransact:534 
05-22 21:46:32.871  2453  3927 W ContextImpl: Calling a method in the system process without a qualified user: android.app.ContextImpl.sendBroadcastMultiplePermissions:1315 com.android.server.TelephonyRegistry.broadcastServiceStateChanged:3599 com.android.server.TelephonyRegistry.notifyServiceStateForPhoneId:1759 com.android.internal.telephony.ITelephonyRegistry$Stub.onTransact:534 android.os.Binder.execTransactInternal:1392 
05-22 21:46:32.875  2453  3927 W ContextImpl: Calling a method in the system process without a qualified user: android.app.ContextImpl.sendBroadcastMultiplePermissions:1315 com.android.server.TelephonyRegistry.broadcastServiceStateChanged:3608 com.android.server.TelephonyRegistry.notifyServiceStateForPhoneId:1759 com.android.internal.telephony.ITelephonyRegistry$Stub.onTransact:534 android.os.Binder.execTransactInternal:1392 
05-22 21:46:32.877  2453  3927 W ContextImpl: Calling a method in the system process without a qualified user: android.app.ContextImpl.sendBroadcastMultiplePermissions:1315 com.android.server.TelephonyRegistry.broadcastServiceStateChanged:3614 com.android.server.TelephonyRegistry.notifyServiceStateForPhoneId:1759 com.android.internal.telephony.ITelephonyRegistry$Stub.onTransact:534 android.os.Binder.execTransactInternal:1392 
05-22 21:46:32.892  2453  3239 D OplusCustomizeRestrictionManagerService: ismmsreceiveDisabled null
05-22 21:46:32.892  2453  3239 E OplusCustomizeRestrictionManagerService: getMobileDataMode error :s == null
05-22 21:46:32.990  1896  1896 I wificond: Regulatory domain changed to country: IN on wiphy_index: 0
05-22 21:46:32.991  1896  1896 I wificond: UpdateBandInfo
05-22 21:46:33.000  1896  1896 I wificond: 2.4Ghz frequencies: 2412 2417 2422 2427 2432 2437 2442 2447 2452 2457 2462 2467 2472
05-22 21:46:33.000  1896  1896 I wificond: 5Ghz non-DFS frequencies: 5180 5200 5220 5240 5745 5765 5785 5805 5825 5845 5865
05-22 21:46:33.000  1896  1896 I wificond: 5Ghz DFS frequencies: 5260 5280 5300 5320 5500 5520 5540 5560 5580 5600 5620 5640 5660 5680 5700 5720
05-22 21:46:33.000  1896  1896 I wificond: 6Ghz frequencies:
05-22 21:46:33.001  1896  1896 I wificond: 60Ghz frequencies:
05-22 21:46:34.061  2453  2559 D OplusSmartBrightnessController: handleMessage MSG_LUX_CHANGED, mLux:118.03421 luxQueue=[118.03421, 118.03421, 118.03421, 118.03421, 118.03421, 118.03421]
05-22 21:46:35.457  2453  2559 D OplusSmartBrightnessController: handleMessage MSG_LUX_CHANGED, mLux:118.03422 luxQueue=[118.03421, 118.03421, 118.03421, 118.03421, 118.03421, 118.03421, 118.03421]
05-22 21:46:36.858  2453  2559 D OplusSmartBrightnessController: handleMessage MSG_LUX_CHANGED, mLux:118.03422 luxQueue=[118.03421, 118.03421, 118.03421, 118.03421, 118.03421, 118.03421, 118.03421]
05-22 21:46:38.061  2453  2559 D OplusSmartBrightnessController: handleMessage MSG_LUX_CHANGED, mLux:116.261795 luxQueue=[118.03421, 118.03421, 118.03421, 118.03421, 118.03421, 106.96007]
05-22 21:46:39.459  2453  2559 D OplusSmartBrightnessController: handleMessage MSG_LUX_CHANGED, mLux:106.96006 luxQueue=[106.96007, 106.96007, 106.96007, 106.96007, 106.96007, 106.96007, 106.96007]
05-22 21:46:40.459  2453  2559 D OplusSmartBrightnessController: handleMessage MSG_LUX_CHANGED, mLux:106.96007 luxQueue=[106.96007, 106.96007, 106.96007, 106.96007, 106.96007]
05-22 21:46:41.658  2453  2559 D OplusSmartBrightnessController: handleMessage MSG_LUX_CHANGED, mLux:106.96007 luxQueue=[106.96007, 106.96007, 106.96007, 106.96007, 106.96007, 106.96007]
05-22 21:46:43.059  2453  2559 D OplusSmartBrightnessController: handleMessage MSG_LUX_CHANGED, mLux:106.96006 luxQueue=[106.96007, 106.96007, 106.96007, 106.96007, 106.96007, 106.96007, 106.96007]
05-22 21:46:44.057  2453  2559 D OplusSmartBrightnessController: handleMessage MSG_LUX_CHANGED, mLux:115.01399 luxQueue=[115.01399, 115.01399, 115.01399, 115.01399, 115.01399]
05-22 21:46:45.257  2453  2559 D OplusSmartBrightnessController: handleMessage MSG_LUX_CHANGED, mLux:115.01399 luxQueue=[115.01399, 115.01399, 115.01399, 115.01399, 115.01399, 115.01399]
05-22 21:46:46.218  2453  3927 W PackageManager: package com.whatsapp uid 10307 pid 5126 call SetEnabledSetting(com.whatsapp component = androidx.work.impl.background.systemalarm.RescheduleReceiver, 1, 0)
05-22 21:46:46.251  2453  3927 D AlarmManager: remove: operation=PendingIntent{d0af713: PendingIntentRecord{4f2c8c2 com.google.android.gms/com.google.android.gms.scheduler broadcastIntent}}, listener=null
05-22 21:46:46.272  2453  4201 V AlarmManager: set(PendingIntent{602db49: PendingIntentRecord{4f2c8c2 com.google.android.gms/com.google.android.gms.scheduler broadcastIntent}}) : type=3 triggerAtTime=102761680 win=1356659 tElapsed=102761680 maxElapsed=104118339 interval=0 flags=0x0 callingPackage=com.google.android.gms listenerTag=null
05-22 21:46:46.308  2453  3927 D AlarmManager: remove: operation=PendingIntent{8b97114: PendingIntentRecord{4f2c8c2 com.google.android.gms/com.google.android.gms.scheduler broadcastIntent}}, listener=null
05-22 21:46:46.311  2453  3927 V AlarmManager: set(PendingIntent{e16dbd: PendingIntentRecord{4f2c8c2 com.google.android.gms/com.google.android.gms.scheduler broadcastIntent}}) : type=3 triggerAtTime=102761680 win=1356630 tElapsed=102761680 maxElapsed=104118310 interval=0 flags=0x0 callingPackage=com.google.android.gms listenerTag=null
05-22 21:46:46.457  2453  2559 D OplusSmartBrightnessController: handleMessage MSG_LUX_CHANGED, mLux:115.01399 luxQueue=[115.01399, 115.01399, 115.01399, 115.01399, 115.01399, 115.01399]
05-22 21:46:47.658  2453  2559 D OplusSmartBrightnessController: handleMessage MSG_LUX_CHANGED, mLux:115.01399 luxQueue=[115.01399, 115.01399, 115.01399, 115.01399, 115.01399, 115.01399]
05-22 21:46:49.458  2453  2559 D OplusSmartBrightnessController: handleMessage MSG_LUX_CHANGED, mLux:118.78927 luxQueue=[118.78927, 118.78927, 118.78927, 118.78927, 118.78927, 118.78927]
05-22 21:46:50.858  2453  2559 D OplusSmartBrightnessController: handleMessage MSG_LUX_CHANGED, mLux:118.78927 luxQueue=[118.78927, 118.78927, 118.78927, 118.78927, 118.78927, 118.78927, 118.78927]
05-22 21:46:52.058  2453  2559 D OplusSmartBrightnessController: handleMessage MSG_LUX_CHANGED, mLux:118.78927 luxQueue=[118.78927, 118.78927, 118.78927, 118.78927, 118.78927, 118.78927]
05-22 21:46:53.139  2453  3239 E BatteryStatsService: Invalid uid for waking network packet: -1
05-22 21:46:53.140  2453  3239 E BatteryStatsService: Invalid uid for waking network packet: -1
05-22 21:46:53.141  2453  3239 E BatteryStatsService: Invalid uid for waking network packet: -1
05-22 21:46:53.458  2453  2559 D OplusSmartBrightnessController: handleMessage MSG_LUX_CHANGED, mLux:118.78927 luxQueue=[118.78927, 118.78927, 118.78927, 118.78927, 118.78927, 118.78927, 118.78927]
05-22 21:46:54.857  2453  2559 D OplusSmartBrightnessController: handleMessage MSG_LUX_CHANGED, mLux:118.78927 luxQueue=[118.78927, 118.78927, 118.78927, 118.78927, 118.78927, 118.78927, 118.78927]
05-22 21:46:56.058  2453  2559 D OplusSmartBrightnessController: handleMessage MSG_LUX_CHANGED, mLux:118.78927 luxQueue=[118.78927, 118.78927, 118.78927, 118.78927, 118.78927, 118.78927]
05-22 21:46:56.272  2453  3927 D AlarmManager: remove: operation=PendingIntent{b5447e5: PendingIntentRecord{4f2c8c2 com.google.android.gms/com.google.android.gms.scheduler broadcastIntent}}, listener=null
05-22 21:46:56.289  2453  3239 V AlarmManager: set(PendingIntent{c067d61: PendingIntentRecord{4f2c8c2 com.google.android.gms/com.google.android.gms.scheduler broadcastIntent}}) : type=3 triggerAtTime=102761680 win=1349146 tElapsed=102761680 maxElapsed=104110826 interval=0 flags=0x0 callingPackage=com.google.android.gms listenerTag=null
05-22 21:46:56.292  2453  3927 W JobScheduler: Job didn't exist in JobStore: #com.google.android.apps.photos/1034
05-22 21:46:56.327  2453  3239 D AlarmManager: remove: operation=PendingIntent{bff455: PendingIntentRecord{4f2c8c2 com.google.android.gms/com.google.android.gms.scheduler broadcastIntent}}, listener=null
05-22 21:46:56.330  2453  3239 V AlarmManager: set(PendingIntent{ceb1e6a: PendingIntentRecord{4f2c8c2 com.google.android.gms/com.google.android.gms.scheduler broadcastIntent}}) : type=3 triggerAtTime=102761680 win=1349116 tElapsed=102761680 maxElapsed=104110796 interval=0 flags=0x0 callingPackage=com.google.android.gms listenerTag=null
05-22 21:46:57.456  2453  2559 D OplusSmartBrightnessController: handleMessage MSG_LUX_CHANGED, mLux:118.78927 luxQueue=[118.78927, 118.78927, 118.78927, 118.78927, 118.78927, 118.78927, 118.78927]
05-22 21:46:58.659  2453  2559 D OplusSmartBrightnessController: handleMessage MSG_LUX_CHANGED, mLux:118.78927 luxQueue=[118.78927, 118.78927, 118.78927, 118.78927, 118.78927, 118.78927]
05-22 21:47:00.001  2453  2970 V AlarmManager: Checking for alarms... rtc=1716394620000, elapsed=100966529, nextNoWakeup = 101896529, PendingNonWakeupAlarmsSize = 0, result = 0x8, hasPendingIdle = false
05-22 21:47:00.001  2453  2970 V AlarmManager: Triggering alarm #0: Alarm{46f406f type 3 origWhen 100966529 whenElapsed 100966529 android} uid 1000 whenElapsed 100966529 windowLength 0 maxWhenElapsed 100966529 repeatInterval 0 action null component null tag TIME_TICK flags 0x9 procName system_server
05-22 21:47:00.001  2453  2970 V AlarmManager: sending alarm Alarm{46f406f type 3 origWhen 100966529 whenElapsed 100966529 android} uid 1000 whenElapsed 100966529 windowLength 0 maxWhenElapsed 100966529 repeatInterval 0 action null component null tag TIME_TICK flags 0x9 procName system_server
05-22 21:47:00.002  2453  2970 V AlarmManager: Alarm to uid=1000 listener=com.android.server.alarm.AlarmManagerService$3@23f812e
05-22 21:47:00.002  2453  2970 V AlarmManager: Received TIME_TICK alarm; rescheduling
05-22 21:47:00.002  2453  2970 V AlarmManager: set(null) : type=3 triggerAtTime=101026528 win=0 tElapsed=101026528 maxElapsed=101026528 interval=0 flags=0x9 callingPackage=android listenerTag=TIME_TICK
05-22 21:47:00.004  2453  2970 D AlarmManager: mBroadcastRefCount -> 1
05-22 21:47:00.011  2453  2453 I AlarmManager: alarmComplete() from com.android.server.alarm.AlarmManagerService$3@23f812e
05-22 21:47:00.011  2453  2453 D AlarmManager: mBroadcastRefCount -> 0
05-22 21:47:00.034  2453  3239 E OplusCustomizeRestrictionManagerService: isBiometricDisabled start
05-22 21:47:00.056  2453  2559 D OplusSmartBrightnessController: handleMessage MSG_LUX_CHANGED, mLux:118.78927 luxQueue=[118.78927, 118.78927, 118.78927, 118.78927, 118.78927, 118.78927, 118.78927]
05-22 21:47:00.511  2453  3239 E OplusCustomizeRestrictionManagerService: isBiometricDisabled start
05-22 21:47:01.258  2453  2559 D OplusSmartBrightnessController: handleMessage MSG_LUX_CHANGED, mLux:118.78927 luxQueue=[118.78927, 118.78927, 118.78927, 118.78927, 118.78927, 118.78927]
05-22 21:47:02.458  2453  2559 D OplusSmartBrightnessController: handleMessage MSG_LUX_CHANGED, mLux:118.78927 luxQueue=[118.78927, 118.78927, 118.78927, 118.78927, 118.78927, 118.78927]
05-22 21:47:03.857  2453  2559 D OplusSmartBrightnessController: handleMessage MSG_LUX_CHANGED, mLux:118.78927 luxQueue=[118.78927, 118.78927, 118.78927, 118.78927, 118.78927, 118.78927, 118.78927]
05-22 21:47:05.057  2453  2559 D OplusSmartBrightnessController: handleMessage MSG_LUX_CHANGED, mLux:118.78927 luxQueue=[118.78927, 118.78927, 118.78927, 118.78927, 118.78927, 118.78927]
05-22 21:47:06.258  2453  2559 D OplusSmartBrightnessController: handleMessage MSG_LUX_CHANGED, mLux:118.78927 luxQueue=[118.78927, 118.78927, 118.78927, 118.78927, 118.78927, 118.78927]
05-22 21:47:07.658  2453  2559 D OplusSmartBrightnessController: handleMessage MSG_LUX_CHANGED, mLux:118.78927 luxQueue=[118.78927, 118.78927, 118.78927, 118.78927, 118.78927, 118.78927, 118.78927]
05-22 21:47:08.858  2453  2559 D OplusSmartBrightnessController: handleMessage MSG_LUX_CHANGED, mLux:118.78927 luxQueue=[118.78927, 118.78927, 118.78927, 118.78927, 118.78927, 118.78927]
05-22 21:47:10.257  2453  2559 D OplusSmartBrightnessController: handleMessage MSG_LUX_CHANGED, mLux:118.78927 luxQueue=[118.78927, 118.78927, 118.78927, 118.78927, 118.78927, 118.78927, 118.78927]
05-22 21:47:11.457  2453  2559 D OplusSmartBrightnessController: handleMessage MSG_LUX_CHANGED, mLux:118.78927 luxQueue=[118.78927, 118.78927, 118.78927, 118.78927, 118.78927, 118.78927]
05-22 21:47:12.657  2453  2559 D OplusSmartBrightnessController: handleMessage MSG_LUX_CHANGED, mLux:118.78927 luxQueue=[118.78927, 118.78927, 118.78927, 118.78927, 118.78927, 118.78927]
05-22 21:47:13.858  2453  2559 D OplusSmartBrightnessController: handleMessage MSG_LUX_CHANGED, mLux:118.78927 luxQueue=[118.78927, 118.78927, 118.78927, 118.78927, 118.78927, 118.78927]
05-22 21:47:13.881  2453  2970 V AlarmManager: Checking for alarms... rtc=1716394633881, elapsed=100980410, nextNoWakeup = 101896529, PendingNonWakeupAlarmsSize = 0, result = 0x8, hasPendingIdle = false
05-22 21:47:13.883  2453  2970 V AlarmManager: Triggering alarm #0: Alarm{356d461 type 3 origWhen 100940790 whenElapsed 100940790 com.whatsapp} uid 10307 whenElapsed 100940790 windowLength 180000 maxWhenElapsed 101120790 repeatInterval 0 action com.whatsapp.alarm.CLIENT_PING_PERIODIC component null flags 0x8 procName com.whatsapp
05-22 21:47:13.883  2453  2970 V AlarmManager: Triggering alarm #1: Alarm{4b42b86 type 3 origWhen 100960384 whenElapsed 100960384 android} uid 1000 whenElapsed 100960384 windowLength 20026 maxWhenElapsed 100980410 repeatInterval 0 action null component null tag *job.delay* flags 0x0 procName system_server
05-22 21:47:13.883  2453  2970 V AlarmManager: sending alarm Alarm{356d461 type 3 origWhen 100940790 whenElapsed 100940790 com.whatsapp} uid 10307 whenElapsed 100940790 windowLength 180000 maxWhenElapsed 101120790 repeatInterval 0 action com.whatsapp.alarm.CLIENT_PING_PERIODIC component null flags 0x8 procName com.whatsapp
05-22 21:47:13.887  2453  2970 D AlarmManager: mBroadcastRefCount -> 1
05-22 21:47:13.888  2453  2970 V AlarmManager: sending alarm Alarm{4b42b86 type 3 origWhen 100960384 whenElapsed 100960384 android} uid 1000 whenElapsed 100960384 windowLength 20026 maxWhenElapsed 100980410 repeatInterval 0 action null component null tag *job.delay* flags 0x0 procName system_server
05-22 21:47:13.888  2453  2970 V AlarmManager: Alarm to uid=1000 listener=android.app.AlarmManager$ListenerWrapper@6066300
05-22 21:47:13.889  2453  2970 D AlarmManager: mBroadcastRefCount -> 2
05-22 21:47:13.895  2453  4534 D AlarmManager: remove: operation=PendingIntent{abc8c74: PendingIntentRecord{740911c com.whatsapp broadcastIntent}}, listener=null
05-22 21:47:13.898  2453  4534 V AlarmManager: set(PendingIntent{acb559d: PendingIntentRecord{1177a12 com.whatsapp broadcastIntent}}) : type=2 triggerAtTime=101012425 win=23999 tElapsed=101012425 maxElapsed=101036424 interval=0 flags=0x8 callingPackage=com.whatsapp listenerTag=null
05-22 21:47:13.899  2453  2453 V AlarmManager: set(null) : type=3 triggerAtTime=101165901 win=139104 tElapsed=101165901 maxElapsed=101305005 interval=0 flags=0x0 callingPackage=android listenerTag=*job.delay*
05-22 21:47:13.902  2453  2453 I AlarmManager: alarmComplete() from android.app.AlarmManager$ListenerWrapper@6066300
05-22 21:47:13.902  2453  2453 D AlarmManager: mBroadcastRefCount -> 1
05-22 21:47:13.902  2453  2453 D AlarmManager: mBroadcastRefCount -> 0
05-22 21:47:13.906  2453  2764 D CompatibilityChangeReporter: Compat change id reported: 271850009; UID 10290; state: ENABLED
05-22 21:47:13.909  2453  2764 D CompatibilityChangeReporter: Compat change id reported: 135634846; UID 10290; state: DISABLED
05-22 21:47:13.909  2453  2764 D CompatibilityChangeReporter: Compat change id reported: 177438394; UID 10290; state: DISABLED
05-22 21:47:13.909  2453  2764 D CompatibilityChangeReporter: Compat change id reported: 135772972; UID 10290; state: DISABLED
