05-22 21:43:39.740  2453  2965 D VibrationThread: Perform OplusPrebakedSegment{mWaveformId=2, mDuration=45, mEffectStrength=2000, mDefaultUsage=TOUCH} on vibrator 0
05-22 21:43:39.861  2453  2559 D OplusSmartBrightnessController: handleMessage MSG_LUX_CHANGED, mLux:33.465103 luxQueue=[33.46412, 33.46412, 33.466087, 33.466087]
05-22 21:43:39.977  2453  3093 D PowerManagerService: userActivityNoUpdateLocked: groupId=0, eventTime=55860020, event=touch, flags=0x0, uid=1000
05-22 21:43:40.517  2453  3093 D PowerManagerService: userActivityNoUpdateLocked: groupId=0, eventTime=55860560, event=touch, flags=0x0, uid=1000
05-22 21:43:40.518  2453  3239 D LinearmotorVibrator: vibrate: effect=WaveformEffect { fdcbe70, effectType=1, effectStrength=-1, effectLoop=false, ringtoneVibrateType=-1, isRingtoneCustomized=false, ringtoneFilePath=, strengthSettingEnabled=true, asynchronous=true, usageHint=13 }
05-22 21:43:40.520  2453  3239 I VibratorManagerServiceExtImpl: vibrate is uid=1000, pid=2453, opPkg=android, effect=Mono{mEffect=Composed{segments=[OplusVibrationEffectSegment{mEffectId=1, mEffectStrength=-1, mRingtonePath=''}], repeat=-1}}, attributes=VibrationAttributes: Usage=TOUCH Audio Usage= USAGE_ASSISTANCE_SONIFICATION Flags=0, token=2909812
05-22 21:43:40.521  2453  3239 W VibrationScaler: Got unexpected vibration intensity: 2000
05-22 21:43:40.521  2453  3239 E VibrationScaler: No configured scaling level! (current=2000, default= 2)
05-22 21:43:40.524  2453  2965 D VibrationThread: Perform OplusPrebakedSegment{mWaveformId=2, mDuration=45, mEffectStrength=2000, mDefaultUsage=TOUCH} on vibrator 0
05-22 21:43:41.007  2453  3093 D PowerManagerService: userActivityNoUpdateLocked: groupId=0, eventTime=55861050, event=touch, flags=0x0, uid=1000
05-22 21:43:41.015  2453  3239 D LinearmotorVibrator: vibrate: effect=WaveformEffect { ceb6b2b, effectType=1, effectStrength=-1, effectLoop=false, ringtoneVibrateType=-1, isRingtoneCustomized=false, ringtoneFilePath=, strengthSettingEnabled=true, asynchronous=true, usageHint=13 }
05-22 21:43:41.021  2453  3239 I VibratorManagerServiceExtImpl: vibrate is uid=1000, pid=2453, opPkg=android, effect=Mono{mEffect=Composed{segments=[OplusVibrationEffectSegment{mEffectId=1, mEffectStrength=-1, mRingtonePath=''}], repeat=-1}}, attributes=VibrationAttributes: Usage=TOUCH Audio Usage= USAGE_ASSISTANCE_SONIFICATION Flags=0, token=2909812
05-22 21:43:41.023  2453  3239 W VibrationScaler: Got unexpected vibration intensity: 2000
05-22 21:43:41.023  2453  3239 E VibrationScaler: No configured scaling level! (current=2000, default= 2)
05-22 21:43:41.025  2453  2965 D VibrationThread: Perform OplusPrebakedSegment{mWaveformId=2, mDuration=45, mEffectStrength=2000, mDefaultUsage=TOUCH} on vibrator 0
05-22 21:43:41.119  2453  3239 V AlarmManager: set(PendingIntent{925eb88: PendingIntentRecord{fdbb0ce com.whatsapp broadcastIntent}}) : type=2 triggerAtTime=101367647 win=449999 tElapsed=101367647 maxElapsed=101817646 interval=0 flags=0x8 callingPackage=com.whatsapp listenerTag=null
05-22 21:43:41.183  2453  3093 D PowerManagerService: userActivityNoUpdateLocked: groupId=0, eventTime=55861226, event=touch, flags=0x0, uid=1000
05-22 21:43:41.187  2453  3239 D LinearmotorVibrator: vibrate: effect=WaveformEffect { 298146, effectType=1, effectStrength=-1, effectLoop=false, ringtoneVibrateType=-1, isRingtoneCustomized=false, ringtoneFilePath=, strengthSettingEnabled=true, asynchronous=true, usageHint=13 }
05-22 21:43:41.187  2453  3239 I VibratorManagerServiceExtImpl: vibrate is uid=1000, pid=2453, opPkg=android, effect=Mono{mEffect=Composed{segments=[OplusVibrationEffectSegment{mEffectId=1, mEffectStrength=-1, mRingtonePath=''}], repeat=-1}}, attributes=VibrationAttributes: Usage=TOUCH Audio Usage= USAGE_ASSISTANCE_SONIFICATION Flags=0, token=2909812
05-22 21:43:41.188  2453  3239 W VibrationScaler: Got unexpected vibration intensity: 2000
05-22 21:43:41.188  2453  3239 E VibrationScaler: No configured scaling level! (current=2000, default= 2)
05-22 21:43:41.190  2453  2965 D VibrationThread: Perform OplusPrebakedSegment{mWaveformId=2, mDuration=45, mEffectStrength=2000, mDefaultUsage=TOUCH} on vibrator 0
05-22 21:43:41.294  2453  3093 D PowerManagerService: userActivityNoUpdateLocked: groupId=0, eventTime=55861336, event=touch, flags=0x0, uid=1000
05-22 21:43:41.296  2453  4093 D LinearmotorVibrator: vibrate: effect=WaveformEffect { 9338f07, effectType=1, effectStrength=-1, effectLoop=false, ringtoneVibrateType=-1, isRingtoneCustomized=false, ringtoneFilePath=, strengthSettingEnabled=true, asynchronous=true, usageHint=13 }
05-22 21:43:41.296  2453  4093 I VibratorManagerServiceExtImpl: vibrate is uid=1000, pid=2453, opPkg=android, effect=Mono{mEffect=Composed{segments=[OplusVibrationEffectSegment{mEffectId=1, mEffectStrength=-1, mRingtonePath=''}], repeat=-1}}, attributes=VibrationAttributes: Usage=TOUCH Audio Usage= USAGE_ASSISTANCE_SONIFICATION Flags=0, token=2909812
05-22 21:43:41.297  2453  4093 W VibrationScaler: Got unexpected vibration intensity: 2000
05-22 21:43:41.297  2453  4093 E VibrationScaler: No configured scaling level! (current=2000, default= 2)
05-22 21:43:41.300  2453  2965 D VibrationThread: Perform OplusPrebakedSegment{mWaveformId=2, mDuration=45, mEffectStrength=2000, mDefaultUsage=TOUCH} on vibrator 0
05-22 21:43:41.395  2453  3093 D PowerManagerService: userActivityNoUpdateLocked: groupId=0, eventTime=55861437, event=touch, flags=0x0, uid=1000
05-22 21:43:41.460  2453  2559 D OplusSmartBrightnessController: handleMessage MSG_LUX_CHANGED, mLux:33.845978 luxQueue=[33.53048, 33.53048, 34.002632, 34.002632, 34.002632, 34.002632]
05-22 21:43:41.523  2453  3093 D PowerManagerService: userActivityNoUpdateLocked: groupId=0, eventTime=55861564, event=touch, flags=0x0, uid=1000
05-22 21:43:41.527  2453  4093 D LinearmotorVibrator: vibrate: effect=WaveformEffect { 6f23834, effectType=1, effectStrength=-1, effectLoop=false, ringtoneVibrateType=-1, isRingtoneCustomized=false, ringtoneFilePath=, strengthSettingEnabled=true, asynchronous=true, usageHint=13 }
05-22 21:43:41.528  2453  4093 I VibratorManagerServiceExtImpl: vibrate is uid=1000, pid=2453, opPkg=android, effect=Mono{mEffect=Composed{segments=[OplusVibrationEffectSegment{mEffectId=1, mEffectStrength=-1, mRingtonePath=''}], repeat=-1}}, attributes=VibrationAttributes: Usage=TOUCH Audio Usage= USAGE_ASSISTANCE_SONIFICATION Flags=0, token=2909812
05-22 21:43:41.528  2453  4093 W VibrationScaler: Got unexpected vibration intensity: 2000
05-22 21:43:41.528  2453  4093 E VibrationScaler: No configured scaling level! (current=2000, default= 2)
05-22 21:43:41.530  2453  2965 D VibrationThread: Perform OplusPrebakedSegment{mWaveformId=2, mDuration=45, mEffectStrength=2000, mDefaultUsage=TOUCH} on vibrator 0
05-22 21:43:41.724  2453  3093 D PowerManagerService: userActivityNoUpdateLocked: groupId=0, eventTime=55861767, event=touch, flags=0x0, uid=1000
05-22 21:43:41.730  2453  3302 D LinearmotorVibrator: vibrate: effect=WaveformEffect { e79f65d, effectType=1, effectStrength=-1, effectLoop=false, ringtoneVibrateType=-1, isRingtoneCustomized=false, ringtoneFilePath=, strengthSettingEnabled=true, asynchronous=true, usageHint=13 }
05-22 21:43:41.730  2453  3302 I VibratorManagerServiceExtImpl: vibrate is uid=1000, pid=2453, opPkg=android, effect=Mono{mEffect=Composed{segments=[OplusVibrationEffectSegment{mEffectId=1, mEffectStrength=-1, mRingtonePath=''}], repeat=-1}}, attributes=VibrationAttributes: Usage=TOUCH Audio Usage= USAGE_ASSISTANCE_SONIFICATION Flags=0, token=2909812
05-22 21:43:41.731  2453  3302 W VibrationScaler: Got unexpected vibration intensity: 2000
05-22 21:43:41.731  2453  3302 E VibrationScaler: No configured scaling level! (current=2000, default= 2)
05-22 21:43:41.733  2453  2965 D VibrationThread: Perform OplusPrebakedSegment{mWaveformId=2, mDuration=45, mEffectStrength=2000, mDefaultUsage=TOUCH} on vibrator 0
05-22 21:43:41.809  2453  3302 D LinearmotorVibrator: vibrate: effect=WaveformEffect { bec6bd2, effectType=1, effectStrength=-1, effectLoop=false, ringtoneVibrateType=-1, isRingtoneCustomized=false, ringtoneFilePath=, strengthSettingEnabled=true, asynchronous=true, usageHint=13 }
05-22 21:43:41.809  2453  3302 I VibratorManagerServiceExtImpl: vibrate is uid=1000, pid=2453, opPkg=android, effect=Mono{mEffect=Composed{segments=[OplusVibrationEffectSegment{mEffectId=1, mEffectStrength=-1, mRingtonePath=''}], repeat=-1}}, attributes=VibrationAttributes: Usage=TOUCH Audio Usage= USAGE_ASSISTANCE_SONIFICATION Flags=0, token=2909812
05-22 21:43:41.810  2453  3302 W VibrationScaler: Got unexpected vibration intensity: 2000
05-22 21:43:41.810  2453  3302 E VibrationScaler: No configured scaling level! (current=2000, default= 2)
05-22 21:43:41.814  2453  2965 D VibrationThread: Perform OplusPrebakedSegment{mWaveformId=2, mDuration=45, mEffectStrength=2000, mDefaultUsage=TOUCH} on vibrator 0
05-22 21:43:41.884  2453  3093 D PowerManagerService: userActivityNoUpdateLocked: groupId=0, eventTime=55861927, event=touch, flags=0x0, uid=1000
05-22 21:43:42.054  2453  3093 D PowerManagerService: userActivityNoUpdateLocked: groupId=0, eventTime=55862095, event=touch, flags=0x0, uid=1000
05-22 21:43:42.060  2453  3239 D LinearmotorVibrator: vibrate: effect=WaveformEffect { 2f014a3, effectType=1, effectStrength=-1, effectLoop=false, ringtoneVibrateType=-1, isRingtoneCustomized=false, ringtoneFilePath=, strengthSettingEnabled=true, asynchronous=true, usageHint=13 }
05-22 21:43:42.060  2453  3239 I VibratorManagerServiceExtImpl: vibrate is uid=1000, pid=2453, opPkg=android, effect=Mono{mEffect=Composed{segments=[OplusVibrationEffectSegment{mEffectId=1, mEffectStrength=-1, mRingtonePath=''}], repeat=-1}}, attributes=VibrationAttributes: Usage=TOUCH Audio Usage= USAGE_ASSISTANCE_SONIFICATION Flags=0, token=2909812
05-22 21:43:42.061  2453  3239 W VibrationScaler: Got unexpected vibration intensity: 2000
05-22 21:43:42.061  2453  3239 E VibrationScaler: No configured scaling level! (current=2000, default= 2)
05-22 21:43:42.063  2453  2965 D VibrationThread: Perform OplusPrebakedSegment{mWaveformId=2, mDuration=45, mEffectStrength=2000, mDefaultUsage=TOUCH} on vibrator 0
05-22 21:43:42.179  2453  3093 D PowerManagerService: userActivityNoUpdateLocked: groupId=0, eventTime=55862222, event=touch, flags=0x0, uid=1000
05-22 21:43:42.185  2453  3239 D LinearmotorVibrator: vibrate: effect=WaveformEffect { f94a3a0, effectType=1, effectStrength=-1, effectLoop=false, ringtoneVibrateType=-1, isRingtoneCustomized=false, ringtoneFilePath=, strengthSettingEnabled=true, asynchronous=true, usageHint=13 }
05-22 21:43:42.186  2453  3239 I VibratorManagerServiceExtImpl: vibrate is uid=1000, pid=2453, opPkg=android, effect=Mono{mEffect=Composed{segments=[OplusVibrationEffectSegment{mEffectId=1, mEffectStrength=-1, mRingtonePath=''}], repeat=-1}}, attributes=VibrationAttributes: Usage=TOUCH Audio Usage= USAGE_ASSISTANCE_SONIFICATION Flags=0, token=2909812
05-22 21:43:42.187  2453  3239 W VibrationScaler: Got unexpected vibration intensity: 2000
05-22 21:43:42.187  2453  3239 E VibrationScaler: No configured scaling level! (current=2000, default= 2)
05-22 21:43:42.188  2453  2965 D VibrationThread: Perform OplusPrebakedSegment{mWaveformId=2, mDuration=45, mEffectStrength=2000, mDefaultUsage=TOUCH} on vibrator 0
05-22 21:43:42.280  2453  3093 D PowerManagerService: userActivityNoUpdateLocked: groupId=0, eventTime=55862323, event=touch, flags=0x0, uid=1000
05-22 21:43:42.332  2453  4093 D LinearmotorVibrator: vibrate: effect=WaveformEffect { d81731e, effectType=1, effectStrength=-1, effectLoop=false, ringtoneVibrateType=-1, isRingtoneCustomized=false, ringtoneFilePath=, strengthSettingEnabled=true, asynchronous=true, usageHint=13 }
05-22 21:43:42.333  2453  4093 I VibratorManagerServiceExtImpl: vibrate is uid=1000, pid=2453, opPkg=android, effect=Mono{mEffect=Composed{segments=[OplusVibrationEffectSegment{mEffectId=1, mEffectStrength=-1, mRingtonePath=''}], repeat=-1}}, attributes=VibrationAttributes: Usage=TOUCH Audio Usage= USAGE_ASSISTANCE_SONIFICATION Flags=0, token=2909812
05-22 21:43:42.334  2453  4093 W VibrationScaler: Got unexpected vibration intensity: 2000
05-22 21:43:42.334  2453  4093 E VibrationScaler: No configured scaling level! (current=2000, default= 2)
05-22 21:43:42.336  2453  2965 D VibrationThread: Perform OplusPrebakedSegment{mWaveformId=2, mDuration=45, mEffectStrength=2000, mDefaultUsage=TOUCH} on vibrator 0
05-22 21:43:42.409  2453  3093 D PowerManagerService: userActivityNoUpdateLocked: groupId=0, eventTime=55862450, event=touch, flags=0x0, uid=1000
05-22 21:43:42.509  2453  3093 D PowerManagerService: userActivityNoUpdateLocked: groupId=0, eventTime=55862551, event=touch, flags=0x0, uid=1000
05-22 21:43:42.513  2453  4093 D LinearmotorVibrator: vibrate: effect=WaveformEffect { 23059cc, effectType=1, effectStrength=-1, effectLoop=false, ringtoneVibrateType=-1, isRingtoneCustomized=false, ringtoneFilePath=, strengthSettingEnabled=true, asynchronous=true, usageHint=13 }
05-22 21:43:42.514  2453  4093 I VibratorManagerServiceExtImpl: vibrate is uid=1000, pid=2453, opPkg=android, effect=Mono{mEffect=Composed{segments=[OplusVibrationEffectSegment{mEffectId=1, mEffectStrength=-1, mRingtonePath=''}], repeat=-1}}, attributes=VibrationAttributes: Usage=TOUCH Audio Usage= USAGE_ASSISTANCE_SONIFICATION Flags=0, token=2909812
05-22 21:43:42.515  2453  4093 W VibrationScaler: Got unexpected vibration intensity: 2000
05-22 21:43:42.515  2453  4093 E VibrationScaler: No configured scaling level! (current=2000, default= 2)
05-22 21:43:42.516  2453  2965 D VibrationThread: Perform OplusPrebakedSegment{mWaveformId=2, mDuration=45, mEffectStrength=2000, mDefaultUsage=TOUCH} on vibrator 0
05-22 21:43:42.643  2453  3093 D PowerManagerService: userActivityNoUpdateLocked: groupId=0, eventTime=55862686, event=touch, flags=0x0, uid=1000
05-22 21:43:42.652  2453  3239 D LinearmotorVibrator: vibrate: effect=WaveformEffect { 9ba9415, effectType=1, effectStrength=-1, effectLoop=false, ringtoneVibrateType=-1, isRingtoneCustomized=false, ringtoneFilePath=, strengthSettingEnabled=true, asynchronous=true, usageHint=13 }
05-22 21:43:42.653  2453  3239 I VibratorManagerServiceExtImpl: vibrate is uid=1000, pid=2453, opPkg=android, effect=Mono{mEffect=Composed{segments=[OplusVibrationEffectSegment{mEffectId=1, mEffectStrength=-1, mRingtonePath=''}], repeat=-1}}, attributes=VibrationAttributes: Usage=TOUCH Audio Usage= USAGE_ASSISTANCE_SONIFICATION Flags=0, token=2909812
05-22 21:43:42.654  2453  3239 W VibrationScaler: Got unexpected vibration intensity: 2000
05-22 21:43:42.654  2453  3239 E VibrationScaler: No configured scaling level! (current=2000, default= 2)
05-22 21:43:42.657  2453  2965 D VibrationThread: Perform OplusPrebakedSegment{mWaveformId=2, mDuration=45, mEffectStrength=2000, mDefaultUsage=TOUCH} on vibrator 0
05-22 21:43:43.461  2453  2559 I OplusSmartBrightnessController: deltaLux = 0.6511612, scale = 1.0945702
05-22 21:43:43.461  2453  2559 D OplusSmartBrightnessController: handleMessage MSG_LUX_CHANGED, mLux:33.251076 luxQueue=[33.23197, 33.23197, 33.035404, 33.035404, 33.188805, 33.188805, 33.188805, 33.188805, 33.32843, 33.32843]
05-22 21:43:43.581  2453  3093 D PowerManagerService: userActivityNoUpdateLocked: groupId=0, eventTime=55863622, event=touch, flags=0x0, uid=1000
05-22 21:43:43.586  2453  3302 D LinearmotorVibrator: vibrate: effect=WaveformEffect { acda32a, effectType=1, effectStrength=-1, effectLoop=false, ringtoneVibrateType=-1, isRingtoneCustomized=false, ringtoneFilePath=, strengthSettingEnabled=true, asynchronous=true, usageHint=13 }
05-22 21:43:43.587  2453  3302 I VibratorManagerServiceExtImpl: vibrate is uid=1000, pid=2453, opPkg=android, effect=Mono{mEffect=Composed{segments=[OplusVibrationEffectSegment{mEffectId=1, mEffectStrength=-1, mRingtonePath=''}], repeat=-1}}, attributes=VibrationAttributes: Usage=TOUCH Audio Usage= USAGE_ASSISTANCE_SONIFICATION Flags=0, token=2909812
05-22 21:43:43.587  2453  3302 W VibrationScaler: Got unexpected vibration intensity: 2000
05-22 21:43:43.587  2453  3302 E VibrationScaler: No configured scaling level! (current=2000, default= 2)
05-22 21:43:43.589  2453  2965 D VibrationThread: Perform OplusPrebakedSegment{mWaveformId=2, mDuration=45, mEffectStrength=2000, mDefaultUsage=TOUCH} on vibrator 0
05-22 21:43:43.697  2453  3093 D PowerManagerService: userActivityNoUpdateLocked: groupId=0, eventTime=55863740, event=touch, flags=0x0, uid=1000
05-22 21:43:43.713  2453  4093 D LinearmotorVibrator: vibrate: effect=WaveformEffect { dc1751b, effectType=1, effectStrength=-1, effectLoop=false, ringtoneVibrateType=-1, isRingtoneCustomized=false, ringtoneFilePath=, strengthSettingEnabled=true, asynchronous=true, usageHint=13 }
05-22 21:43:43.714  2453  4093 I VibratorManagerServiceExtImpl: vibrate is uid=1000, pid=2453, opPkg=android, effect=Mono{mEffect=Composed{segments=[OplusVibrationEffectSegment{mEffectId=1, mEffectStrength=-1, mRingtonePath=''}], repeat=-1}}, attributes=VibrationAttributes: Usage=TOUCH Audio Usage= USAGE_ASSISTANCE_SONIFICATION Flags=0, token=2909812
05-22 21:43:43.714  2453  4093 W VibrationScaler: Got unexpected vibration intensity: 2000
05-22 21:43:43.714  2453  4093 E VibrationScaler: No configured scaling level! (current=2000, default= 2)
05-22 21:43:43.716  2453  2965 D VibrationThread: Perform OplusPrebakedSegment{mWaveformId=2, mDuration=45, mEffectStrength=2000, mDefaultUsage=TOUCH} on vibrator 0
05-22 21:43:43.798  2453  3093 D PowerManagerService: userActivityNoUpdateLocked: groupId=0, eventTime=55863841, event=touch, flags=0x0, uid=1000
05-22 21:43:43.926  2453  3093 D PowerManagerService: userActivityNoUpdateLocked: groupId=0, eventTime=55863968, event=touch, flags=0x0, uid=1000
05-22 21:43:43.929  2453  4093 D LinearmotorVibrator: vibrate: effect=WaveformEffect { aef46b8, effectType=1, effectStrength=-1, effectLoop=false, ringtoneVibrateType=-1, isRingtoneCustomized=false, ringtoneFilePath=, strengthSettingEnabled=true, asynchronous=true, usageHint=13 }
05-22 21:43:43.930  2453  4093 I VibratorManagerServiceExtImpl: vibrate is uid=1000, pid=2453, opPkg=android, effect=Mono{mEffect=Composed{segments=[OplusVibrationEffectSegment{mEffectId=1, mEffectStrength=-1, mRingtonePath=''}], repeat=-1}}, attributes=VibrationAttributes: Usage=TOUCH Audio Usage= USAGE_ASSISTANCE_SONIFICATION Flags=0, token=2909812
05-22 21:43:43.931  2453  4093 W VibrationScaler: Got unexpected vibration intensity: 2000
05-22 21:43:43.931  2453  4093 E VibrationScaler: No configured scaling level! (current=2000, default= 2)
05-22 21:43:43.933  2453  2965 D VibrationThread: Perform OplusPrebakedSegment{mWaveformId=2, mDuration=45, mEffectStrength=2000, mDefaultUsage=TOUCH} on vibrator 0
05-22 21:43:44.043  2453  2544 D OplusThermalStats: REPORT_UPDATE_CPU  ->  phoneTemp:370  preHeatThreshold:400
05-22 21:43:44.147  2453  2529 D ProcessCpuTrackerExtImpl: mContext is already set, return now! 
05-22 21:43:44.152  2453  3093 D PowerManagerService: userActivityNoUpdateLocked: groupId=0, eventTime=55864195, event=touch, flags=0x0, uid=1000
05-22 21:43:44.156  2453  3239 D LinearmotorVibrator: vibrate: effect=WaveformEffect { fac7f6, effectType=1, effectStrength=-1, effectLoop=false, ringtoneVibrateType=-1, isRingtoneCustomized=false, ringtoneFilePath=, strengthSettingEnabled=true, asynchronous=true, usageHint=13 }
05-22 21:43:44.156  2453  3239 I VibratorManagerServiceExtImpl: vibrate is uid=1000, pid=2453, opPkg=android, effect=Mono{mEffect=Composed{segments=[OplusVibrationEffectSegment{mEffectId=1, mEffectStrength=-1, mRingtonePath=''}], repeat=-1}}, attributes=VibrationAttributes: Usage=TOUCH Audio Usage= USAGE_ASSISTANCE_SONIFICATION Flags=0, token=2909812
05-22 21:43:44.157  2453  3239 W VibrationScaler: Got unexpected vibration intensity: 2000
05-22 21:43:44.157  2453  3239 E VibrationScaler: No configured scaling level! (current=2000, default= 2)
05-22 21:43:44.158  2453  2965 D VibrationThread: Perform OplusPrebakedSegment{mWaveformId=2, mDuration=45, mEffectStrength=2000, mDefaultUsage=TOUCH} on vibrator 0
05-22 21:43:44.313  2453  3093 D PowerManagerService: userActivityNoUpdateLocked: groupId=0, eventTime=55864355, event=touch, flags=0x0, uid=1000
05-22 21:43:44.317  2453  3302 D LinearmotorVibrator: vibrate: effect=WaveformEffect { 1f847f7, effectType=1, effectStrength=-1, effectLoop=false, ringtoneVibrateType=-1, isRingtoneCustomized=false, ringtoneFilePath=, strengthSettingEnabled=true, asynchronous=true, usageHint=13 }
05-22 21:43:44.317  2453  3302 I VibratorManagerServiceExtImpl: vibrate is uid=1000, pid=2453, opPkg=android, effect=Mono{mEffect=Composed{segments=[OplusVibrationEffectSegment{mEffectId=1, mEffectStrength=-1, mRingtonePath=''}], repeat=-1}}, attributes=VibrationAttributes: Usage=TOUCH Audio Usage= USAGE_ASSISTANCE_SONIFICATION Flags=0, token=2909812
05-22 21:43:44.318  2453  3302 W VibrationScaler: Got unexpected vibration intensity: 2000
05-22 21:43:44.318  2453  3302 E VibrationScaler: No configured scaling level! (current=2000, default= 2)
05-22 21:43:44.320  2453  2965 D VibrationThread: Perform OplusPrebakedSegment{mWaveformId=2, mDuration=45, mEffectStrength=2000, mDefaultUsage=TOUCH} on vibrator 0
05-22 21:43:44.533  2453  3093 D PowerManagerService: userActivityNoUpdateLocked: groupId=0, eventTime=55864575, event=touch, flags=0x0, uid=1000
05-22 21:43:44.536  2453  4093 D LinearmotorVibrator: vibrate: effect=WaveformEffect { cae1664, effectType=1, effectStrength=-1, effectLoop=false, ringtoneVibrateType=-1, isRingtoneCustomized=false, ringtoneFilePath=, strengthSettingEnabled=true, asynchronous=true, usageHint=13 }
05-22 21:43:44.537  2453  4093 I VibratorManagerServiceExtImpl: vibrate is uid=1000, pid=2453, opPkg=android, effect=Mono{mEffect=Composed{segments=[OplusVibrationEffectSegment{mEffectId=1, mEffectStrength=-1, mRingtonePath=''}], repeat=-1}}, attributes=VibrationAttributes: Usage=TOUCH Audio Usage= USAGE_ASSISTANCE_SONIFICATION Flags=0, token=2909812
05-22 21:43:44.538  2453  4093 W VibrationScaler: Got unexpected vibration intensity: 2000
05-22 21:43:44.538  2453  4093 E VibrationScaler: No configured scaling level! (current=2000, default= 2)
05-22 21:43:44.540  2453  2965 D VibrationThread: Perform OplusPrebakedSegment{mWaveformId=2, mDuration=45, mEffectStrength=2000, mDefaultUsage=TOUCH} on vibrator 0
05-22 21:43:45.660  2453  2559 I OplusSmartBrightnessController: deltaLux = 0.15623093, scale = 1.1763763
05-22 21:43:45.660  2453  2559 D OplusSmartBrightnessController: handleMessage MSG_LUX_CHANGED, mLux:33.118267 luxQueue=[33.146553, 33.146553, 33.244377, 33.244377, 32.727005, 32.727005, 33.160446, 33.160446, 33.160446, 33.160446, 33.160446]
05-22 21:43:46.659  2453  2559 D OplusSmartBrightnessController: handleMessage MSG_LUX_CHANGED, mLux:33.160446 luxQueue=[33.160446, 33.160446, 33.160446, 33.160446, 33.160446]
05-22 21:43:47.099  2453  3302 W ProcessStats: Tracking association SourceState{8289900 system/1000 BFgs #422271} whose proc state 4 is better than process ProcessState{613028c com.google.android.inputmethod.latin/10249 pkg=com.google.android.inputmethod.latin} proc state 6 (66 skipped)
05-22 21:43:47.838  2453  3093 D PowerManagerService: userActivityNoUpdateLocked: groupId=0, eventTime=55867879, event=touch, flags=0x0, uid=1000
05-22 21:43:47.843  2453  3302 D LinearmotorVibrator: vibrate: effect=WaveformEffect { 563cdfc, effectType=1, effectStrength=-1, effectLoop=false, ringtoneVibrateType=-1, isRingtoneCustomized=false, ringtoneFilePath=, strengthSettingEnabled=true, asynchronous=true, usageHint=13 }
05-22 21:43:47.844  2453  3302 I VibratorManagerServiceExtImpl: vibrate is uid=1000, pid=2453, opPkg=android, effect=Mono{mEffect=Composed{segments=[OplusVibrationEffectSegment{mEffectId=1, mEffectStrength=-1, mRingtonePath=''}], repeat=-1}}, attributes=VibrationAttributes: Usage=TOUCH Audio Usage= USAGE_ASSISTANCE_SONIFICATION Flags=0, token=2909812
05-22 21:43:47.844  2453  3302 W VibrationScaler: Got unexpected vibration intensity: 2000
05-22 21:43:47.844  2453  3302 E VibrationScaler: No configured scaling level! (current=2000, default= 2)
05-22 21:43:47.846  2453  2965 D VibrationThread: Perform OplusPrebakedSegment{mWaveformId=2, mDuration=45, mEffectStrength=2000, mDefaultUsage=TOUCH} on vibrator 0
05-22 21:43:47.936  2453  3093 D PowerManagerService: userActivityNoUpdateLocked: groupId=0, eventTime=55867979, event=touch, flags=0x0, uid=1000
05-22 21:43:47.957  2453  3302 V AlarmManager: set(PendingIntent{129ac85: PendingIntentRecord{fdbb0ce com.whatsapp broadcastIntent}}) : type=2 triggerAtTime=101374485 win=450000 tElapsed=101374485 maxElapsed=101824485 interval=0 flags=0x8 callingPackage=com.whatsapp listenerTag=null
05-22 21:43:48.072  2453  3093 D PowerManagerService: userActivityNoUpdateLocked: groupId=0, eventTime=55868114, event=touch, flags=0x0, uid=1000
05-22 21:43:48.075  2453  3302 D LinearmotorVibrator: vibrate: effect=WaveformEffect { 5e5db0b, effectType=1, effectStrength=-1, effectLoop=false, ringtoneVibrateType=-1, isRingtoneCustomized=false, ringtoneFilePath=, strengthSettingEnabled=true, asynchronous=true, usageHint=13 }
05-22 21:43:48.075  2453  3302 I VibratorManagerServiceExtImpl: vibrate is uid=1000, pid=2453, opPkg=android, effect=Mono{mEffect=Composed{segments=[OplusVibrationEffectSegment{mEffectId=1, mEffectStrength=-1, mRingtonePath=''}], repeat=-1}}, attributes=VibrationAttributes: Usage=TOUCH Audio Usage= USAGE_ASSISTANCE_SONIFICATION Flags=0, token=2909812
05-22 21:43:48.076  2453  3302 W VibrationScaler: Got unexpected vibration intensity: 2000
05-22 21:43:48.076  2453  3302 E VibrationScaler: No configured scaling level! (current=2000, default= 2)
05-22 21:43:48.078  2453  2965 D VibrationThread: Perform OplusPrebakedSegment{mWaveformId=2, mDuration=45, mEffectStrength=2000, mDefaultUsage=TOUCH} on vibrator 0
05-22 21:43:48.275  2453  3093 D PowerManagerService: userActivityNoUpdateLocked: groupId=0, eventTime=55868317, event=touch, flags=0x0, uid=1000
05-22 21:43:48.279  2453  4111 D LinearmotorVibrator: vibrate: effect=WaveformEffect { 11dcde8, effectType=1, effectStrength=-1, effectLoop=false, ringtoneVibrateType=-1, isRingtoneCustomized=false, ringtoneFilePath=, strengthSettingEnabled=true, asynchronous=true, usageHint=13 }
05-22 21:43:48.280  2453  4111 I VibratorManagerServiceExtImpl: vibrate is uid=1000, pid=2453, opPkg=android, effect=Mono{mEffect=Composed{segments=[OplusVibrationEffectSegment{mEffectId=1, mEffectStrength=-1, mRingtonePath=''}], repeat=-1}}, attributes=VibrationAttributes: Usage=TOUCH Audio Usage= USAGE_ASSISTANCE_SONIFICATION Flags=0, token=2909812
05-22 21:43:48.281  2453  4111 W VibrationScaler: Got unexpected vibration intensity: 2000
05-22 21:43:48.281  2453  4111 E VibrationScaler: No configured scaling level! (current=2000, default= 2)
05-22 21:43:48.284  2453  2965 D VibrationThread: Perform OplusPrebakedSegment{mWaveformId=2, mDuration=45, mEffectStrength=2000, mDefaultUsage=TOUCH} on vibrator 0
05-22 21:43:48.512  2453  3093 D PowerManagerService: userActivityNoUpdateLocked: groupId=0, eventTime=55868553, event=touch, flags=0x0, uid=1000
05-22 21:43:48.523  2453  3302 D LinearmotorVibrator: vibrate: effect=WaveformEffect { 7dd8c01, effectType=1, effectStrength=-1, effectLoop=false, ringtoneVibrateType=-1, isRingtoneCustomized=false, ringtoneFilePath=, strengthSettingEnabled=true, asynchronous=true, usageHint=13 }
05-22 21:43:48.523  2453  3302 I VibratorManagerServiceExtImpl: vibrate is uid=1000, pid=2453, opPkg=android, effect=Mono{mEffect=Composed{segments=[OplusVibrationEffectSegment{mEffectId=1, mEffectStrength=-1, mRingtonePath=''}], repeat=-1}}, attributes=VibrationAttributes: Usage=TOUCH Audio Usage= USAGE_ASSISTANCE_SONIFICATION Flags=0, token=2909812
05-22 21:43:48.524  2453  3302 W VibrationScaler: Got unexpected vibration intensity: 2000
05-22 21:43:48.524  2453  3302 E VibrationScaler: No configured scaling level! (current=2000, default= 2)
05-22 21:43:48.526  2453  2965 D VibrationThread: Perform OplusPrebakedSegment{mWaveformId=2, mDuration=45, mEffectStrength=2000, mDefaultUsage=TOUCH} on vibrator 0
05-22 21:43:48.629  2453  3093 D PowerManagerService: userActivityNoUpdateLocked: groupId=0, eventTime=55868671, event=touch, flags=0x0, uid=1000
05-22 21:43:48.659  2453  2559 D OplusSmartBrightnessController: handleMessage MSG_LUX_CHANGED, mLux:33.160446 luxQueue=[33.160446, 33.160446, 33.160446, 33.160446, 33.160446, 33.160446, 33.160446, 33.160446, 33.160446, 33.160446]
05-22 21:43:49.330  2453  3093 D PowerManagerService: userActivityNoUpdateLocked: groupId=0, eventTime=55869372, event=touch, flags=0x0, uid=1000
05-22 21:43:49.335  2453  4111 D LinearmotorVibrator: vibrate: effect=WaveformEffect { 3c31aa6, effectType=1, effectStrength=-1, effectLoop=false, ringtoneVibrateType=-1, isRingtoneCustomized=false, ringtoneFilePath=, strengthSettingEnabled=true, asynchronous=true, usageHint=13 }
05-22 21:43:49.336  2453  4111 I VibratorManagerServiceExtImpl: vibrate is uid=1000, pid=2453, opPkg=android, effect=Mono{mEffect=Composed{segments=[OplusVibrationEffectSegment{mEffectId=1, mEffectStrength=-1, mRingtonePath=''}], repeat=-1}}, attributes=VibrationAttributes: Usage=TOUCH Audio Usage= USAGE_ASSISTANCE_SONIFICATION Flags=0, token=2909812
05-22 21:43:49.337  2453  4111 W VibrationScaler: Got unexpected vibration intensity: 2000
05-22 21:43:49.337  2453  4111 E VibrationScaler: No configured scaling level! (current=2000, default= 2)
05-22 21:43:49.339  2453  2965 D VibrationThread: Perform OplusPrebakedSegment{mWaveformId=2, mDuration=45, mEffectStrength=2000, mDefaultUsage=TOUCH} on vibrator 0
05-22 21:43:49.455  2453  3093 D PowerManagerService: userActivityNoUpdateLocked: groupId=0, eventTime=55869497, event=touch, flags=0x0, uid=1000
05-22 21:43:49.912  2453  3093 D PowerManagerService: userActivityNoUpdateLocked: groupId=0, eventTime=55869955, event=touch, flags=0x0, uid=1000
05-22 21:43:49.917  2453  4111 D LinearmotorVibrator: vibrate: effect=WaveformEffect { a95e73d, effectType=1, effectStrength=-1, effectLoop=false, ringtoneVibrateType=-1, isRingtoneCustomized=false, ringtoneFilePath=, strengthSettingEnabled=true, asynchronous=true, usageHint=13 }
05-22 21:43:49.918  2453  4111 I VibratorManagerServiceExtImpl: vibrate is uid=1000, pid=2453, opPkg=android, effect=Mono{mEffect=Composed{segments=[OplusVibrationEffectSegment{mEffectId=1, mEffectStrength=-1, mRingtonePath=''}], repeat=-1}}, attributes=VibrationAttributes: Usage=TOUCH Audio Usage= USAGE_ASSISTANCE_SONIFICATION Flags=0, token=2909812
05-22 21:43:49.919  2453  4111 W VibrationScaler: Got unexpected vibration intensity: 2000
05-22 21:43:49.919  2453  4111 E VibrationScaler: No configured scaling level! (current=2000, default= 2)
05-22 21:43:49.922  2453  2965 D VibrationThread: Perform OplusPrebakedSegment{mWaveformId=2, mDuration=45, mEffectStrength=2000, mDefaultUsage=TOUCH} on vibrator 0
05-22 21:43:50.027  2453  3093 D PowerManagerService: userActivityNoUpdateLocked: groupId=0, eventTime=55870071, event=touch, flags=0x0, uid=1000
05-22 21:43:50.409  2453  3093 D PowerManagerService: userActivityNoUpdateLocked: groupId=0, eventTime=55870451, event=touch, flags=0x0, uid=1000
05-22 21:43:50.414  2453  4093 D LinearmotorVibrator: vibrate: effect=WaveformEffect { 70ca083, effectType=1, effectStrength=-1, effectLoop=false, ringtoneVibrateType=-1, isRingtoneCustomized=false, ringtoneFilePath=, strengthSettingEnabled=true, asynchronous=true, usageHint=13 }
05-22 21:43:50.414  2453  4093 I VibratorManagerServiceExtImpl: vibrate is uid=1000, pid=2453, opPkg=android, effect=Mono{mEffect=Composed{segments=[OplusVibrationEffectSegment{mEffectId=1, mEffectStrength=-1, mRingtonePath=''}], repeat=-1}}, attributes=VibrationAttributes: Usage=TOUCH Audio Usage= USAGE_ASSISTANCE_SONIFICATION Flags=0, token=2909812
05-22 21:43:50.415  2453  4093 W VibrationScaler: Got unexpected vibration intensity: 2000
05-22 21:43:50.415  2453  4093 E VibrationScaler: No configured scaling level! (current=2000, default= 2)
05-22 21:43:50.417  2453  2965 D VibrationThread: Perform OplusPrebakedSegment{mWaveformId=2, mDuration=45, mEffectStrength=2000, mDefaultUsage=TOUCH} on vibrator 0
05-22 21:43:50.508  2453  3093 D PowerManagerService: userActivityNoUpdateLocked: groupId=0, eventTime=55870551, event=touch, flags=0x0, uid=1000
05-22 21:43:50.659  2453  2559 D OplusSmartBrightnessController: handleMessage MSG_LUX_CHANGED, mLux:33.160446 luxQueue=[33.160446, 33.160446, 33.160446, 33.160446, 33.160446, 33.160446, 33.160446, 33.160446, 33.160446, 33.160446]
05-22 21:43:50.721  2453  3093 D PowerManagerService: userActivityNoUpdateLocked: groupId=0, eventTime=55870762, event=touch, flags=0x0, uid=1000
05-22 21:43:50.724  2453  4093 D LinearmotorVibrator: vibrate: effect=WaveformEffect { 97eba39, effectType=1, effectStrength=-1, effectLoop=false, ringtoneVibrateType=-1, isRingtoneCustomized=false, ringtoneFilePath=, strengthSettingEnabled=true, asynchronous=true, usageHint=13 }
05-22 21:43:50.724  2453  4093 I VibratorManagerServiceExtImpl: vibrate is uid=1000, pid=2453, opPkg=android, effect=Mono{mEffect=Composed{segments=[OplusVibrationEffectSegment{mEffectId=1, mEffectStrength=-1, mRingtonePath=''}], repeat=-1}}, attributes=VibrationAttributes: Usage=TOUCH Audio Usage= USAGE_ASSISTANCE_SONIFICATION Flags=0, token=2909812
05-22 21:43:50.725  2453  4093 W VibrationScaler: Got unexpected vibration intensity: 2000
05-22 21:43:50.725  2453  4093 E VibrationScaler: No configured scaling level! (current=2000, default= 2)
05-22 21:43:50.727  2453  2965 D VibrationThread: Perform OplusPrebakedSegment{mWaveformId=2, mDuration=45, mEffectStrength=2000, mDefaultUsage=TOUCH} on vibrator 0
05-22 21:43:51.013  2453  2970 V AlarmManager: Checking for alarms... rtc=1716394431013, elapsed=100777541, nextNoWakeup = 101896529, PendingNonWakeupAlarmsSize = 0, result = 0x4, hasPendingIdle = false
05-22 21:43:51.014  2453  2970 V AlarmManager: Triggering alarm #0: Alarm{5548118 type 2 origWhen 100777541 whenElapsed 100777541 android} uid 1000 whenElapsed 100777541 windowLength 0 maxWhenElapsed 100777541 repeatInterval 0 action com.android.server.audio.action.CHECK_MUSIC_ACTIVE component null flags 0x9 procName system_server
05-22 21:43:51.015  2453  2970 V AlarmManager: triggered: act=com.android.server.audio.action.CHECK_MUSIC_ACTIVE [oem] Alarm{5548118 type 2 origWhen 100777541 whenElapsed 100777541 android} uid 1000 whenElapsed 100777541 windowLength 0 maxWhenElapsed 100777541 repeatInterval 0 action com.android.server.audio.action.CHECK_MUSIC_ACTIVE component null flags 0x9 procName system_server
05-22 21:43:51.015  2453  2970 V AlarmManager: sending alarm Alarm{5548118 type 2 origWhen 100777541 whenElapsed 100777541 android} uid 1000 whenElapsed 100777541 windowLength 0 maxWhenElapsed 100777541 repeatInterval 0 action com.android.server.audio.action.CHECK_MUSIC_ACTIVE component null flags 0x9 procName system_server
05-22 21:43:51.018  2453  2970 D AlarmManager: mBroadcastRefCount -> 1
05-22 21:43:51.037  2453  2453 D AlarmManager: mBroadcastRefCount -> 0
05-22 21:43:52.060  2453  2559 D OplusSmartBrightnessController: handleMessage MSG_LUX_CHANGED, mLux:33.44009 luxQueue=[33.44009, 33.44009, 33.44009, 33.44009, 33.44009, 33.44009]
05-22 21:43:52.715  2453  3093 D PowerManagerService: userActivityNoUpdateLocked: groupId=0, eventTime=55872756, event=touch, flags=0x0, uid=1000
05-22 21:43:52.720  2453  3302 D LinearmotorVibrator: vibrate: effect=WaveformEffect { 3490dd7, effectType=1, effectStrength=-1, effectLoop=false, ringtoneVibrateType=-1, isRingtoneCustomized=false, ringtoneFilePath=, strengthSettingEnabled=true, asynchronous=true, usageHint=13 }
05-22 21:43:52.721  2453  3302 I VibratorManagerServiceExtImpl: vibrate is uid=1000, pid=2453, opPkg=android, effect=Mono{mEffect=Composed{segments=[OplusVibrationEffectSegment{mEffectId=1, mEffectStrength=-1, mRingtonePath=''}], repeat=-1}}, attributes=VibrationAttributes: Usage=TOUCH Audio Usage= USAGE_ASSISTANCE_SONIFICATION Flags=0, token=2909812
05-22 21:43:52.722  2453  3302 W VibrationScaler: Got unexpected vibration intensity: 2000
05-22 21:43:52.722  2453  3302 E VibrationScaler: No configured scaling level! (current=2000, default= 2)
05-22 21:43:52.723  2453  2965 D VibrationThread: Perform OplusPrebakedSegment{mWaveformId=2, mDuration=45, mEffectStrength=2000, mDefaultUsage=TOUCH} on vibrator 0
05-22 21:43:52.831  2453  3093 D PowerManagerService: userActivityNoUpdateLocked: groupId=0, eventTime=55872874, event=touch, flags=0x0, uid=1000
05-22 21:43:53.245  2453  3093 D PowerManagerService: userActivityNoUpdateLocked: groupId=0, eventTime=55873287, event=touch, flags=0x0, uid=1000
05-22 21:43:53.250  2453  3302 D LinearmotorVibrator: vibrate: effect=WaveformEffect { 39c96c4, effectType=1, effectStrength=-1, effectLoop=false, ringtoneVibrateType=-1, isRingtoneCustomized=false, ringtoneFilePath=, strengthSettingEnabled=true, asynchronous=true, usageHint=13 }
05-22 21:43:53.251  2453  3302 I VibratorManagerServiceExtImpl: vibrate is uid=1000, pid=2453, opPkg=android, effect=Mono{mEffect=Composed{segments=[OplusVibrationEffectSegment{mEffectId=1, mEffectStrength=-1, mRingtonePath=''}], repeat=-1}}, attributes=VibrationAttributes: Usage=TOUCH Audio Usage= USAGE_ASSISTANCE_SONIFICATION Flags=0, token=2909812
05-22 21:43:53.251  2453  3302 W VibrationScaler: Got unexpected vibration intensity: 2000
05-22 21:43:53.251  2453  3302 E VibrationScaler: No configured scaling level! (current=2000, default= 2)
05-22 21:43:53.253  2453  2965 D VibrationThread: Perform OplusPrebakedSegment{mWaveformId=2, mDuration=45, mEffectStrength=2000, mDefaultUsage=TOUCH} on vibrator 0
05-22 21:43:53.344  2453  3093 D PowerManagerService: userActivityNoUpdateLocked: groupId=0, eventTime=55873387, event=touch, flags=0x0, uid=1000
05-22 21:43:53.391  2453  4111 V AlarmManager: set(PendingIntent{f3419ad: PendingIntentRecord{fdbb0ce com.whatsapp broadcastIntent}}) : type=2 triggerAtTime=101379918 win=449999 tElapsed=101379918 maxElapsed=101829917 interval=0 flags=0x8 callingPackage=com.whatsapp listenerTag=null
05-22 21:43:53.599  2453  3093 D PowerManagerService: userActivityNoUpdateLocked: groupId=0, eventTime=55873641, event=touch, flags=0x0, uid=1000
05-22 21:43:53.604  2453  4111 D LinearmotorVibrator: vibrate: effect=WaveformEffect { 126b073, effectType=1, effectStrength=-1, effectLoop=false, ringtoneVibrateType=-1, isRingtoneCustomized=false, ringtoneFilePath=, strengthSettingEnabled=true, asynchronous=true, usageHint=13 }
05-22 21:43:53.604  2453  4111 I VibratorManagerServiceExtImpl: vibrate is uid=1000, pid=2453, opPkg=android, effect=Mono{mEffect=Composed{segments=[OplusVibrationEffectSegment{mEffectId=1, mEffectStrength=-1, mRingtonePath=''}], repeat=-1}}, attributes=VibrationAttributes: Usage=TOUCH Audio Usage= USAGE_ASSISTANCE_SONIFICATION Flags=0, token=2909812
05-22 21:43:53.605  2453  4111 W VibrationScaler: Got unexpected vibration intensity: 2000
05-22 21:43:53.605  2453  4111 E VibrationScaler: No configured scaling level! (current=2000, default= 2)
05-22 21:43:53.606  2453  2965 D VibrationThread: Perform OplusPrebakedSegment{mWaveformId=2, mDuration=45, mEffectStrength=2000, mDefaultUsage=TOUCH} on vibrator 0
05-22 21:43:53.843  2453  3093 D PowerManagerService: userActivityNoUpdateLocked: groupId=0, eventTime=55873885, event=touch, flags=0x0, uid=1000
05-22 21:43:53.848  2453  4093 D LinearmotorVibrator: vibrate: effect=WaveformEffect { 32e5b30, effectType=1, effectStrength=-1, effectLoop=false, ringtoneVibrateType=-1, isRingtoneCustomized=false, ringtoneFilePath=, strengthSettingEnabled=true, asynchronous=true, usageHint=13 }
05-22 21:43:53.848  2453  4093 I VibratorManagerServiceExtImpl: vibrate is uid=1000, pid=2453, opPkg=android, effect=Mono{mEffect=Composed{segments=[OplusVibrationEffectSegment{mEffectId=1, mEffectStrength=-1, mRingtonePath=''}], repeat=-1}}, attributes=VibrationAttributes: Usage=TOUCH Audio Usage= USAGE_ASSISTANCE_SONIFICATION Flags=0, token=2909812
05-22 21:43:53.849  2453  4093 W VibrationScaler: Got unexpected vibration intensity: 2000
05-22 21:43:53.849  2453  4093 E VibrationScaler: No configured scaling level! (current=2000, default= 2)
05-22 21:43:53.852  2453  2965 D VibrationThread: Perform OplusPrebakedSegment{mWaveformId=2, mDuration=45, mEffectStrength=2000, mDefaultUsage=TOUCH} on vibrator 0
05-22 21:43:54.037  2453  3093 D PowerManagerService: userActivityNoUpdateLocked: groupId=0, eventTime=55874079, event=touch, flags=0x0, uid=1000
05-22 21:43:54.042  2453  3302 D LinearmotorVibrator: vibrate: effect=WaveformEffect { 1a5a3a9, effectType=1, effectStrength=-1, effectLoop=false, ringtoneVibrateType=-1, isRingtoneCustomized=false, ringtoneFilePath=, strengthSettingEnabled=true, asynchronous=true, usageHint=13 }
05-22 21:43:54.043  2453  3302 I VibratorManagerServiceExtImpl: vibrate is uid=1000, pid=2453, opPkg=android, effect=Mono{mEffect=Composed{segments=[OplusVibrationEffectSegment{mEffectId=1, mEffectStrength=-1, mRingtonePath=''}], repeat=-1}}, attributes=VibrationAttributes: Usage=TOUCH Audio Usage= USAGE_ASSISTANCE_SONIFICATION Flags=0, token=2909812
05-22 21:43:54.044  2453  3302 W VibrationScaler: Got unexpected vibration intensity: 2000
05-22 21:43:54.044  2453  3302 E VibrationScaler: No configured scaling level! (current=2000, default= 2)
05-22 21:43:54.047  2453  2965 D VibrationThread: Perform OplusPrebakedSegment{mWaveformId=2, mDuration=45, mEffectStrength=2000, mDefaultUsage=TOUCH} on vibrator 0
05-22 21:43:54.139  2453  4093 D LinearmotorVibrator: vibrate: effect=WaveformEffect { 91a5d2e, effectType=1, effectStrength=-1, effectLoop=false, ringtoneVibrateType=-1, isRingtoneCustomized=false, ringtoneFilePath=, strengthSettingEnabled=true, asynchronous=true, usageHint=13 }
05-22 21:43:54.139  2453  4093 I VibratorManagerServiceExtImpl: vibrate is uid=1000, pid=2453, opPkg=android, effect=Mono{mEffect=Composed{segments=[OplusVibrationEffectSegment{mEffectId=1, mEffectStrength=-1, mRingtonePath=''}], repeat=-1}}, attributes=VibrationAttributes: Usage=TOUCH Audio Usage= USAGE_ASSISTANCE_SONIFICATION Flags=0, token=2909812
05-22 21:43:54.140  2453  4093 W VibrationScaler: Got unexpected vibration intensity: 2000
05-22 21:43:54.140  2453  4093 E VibrationScaler: No configured scaling level! (current=2000, default= 2)
05-22 21:43:54.143  2453  2965 D VibrationThread: Perform OplusPrebakedSegment{mWaveformId=2, mDuration=45, mEffectStrength=2000, mDefaultUsage=TOUCH} on vibrator 0
05-22 21:43:54.145  2453  3093 D PowerManagerService: userActivityNoUpdateLocked: groupId=0, eventTime=55874189, event=touch, flags=0x0, uid=1000
05-22 21:43:54.341  2453  3093 D PowerManagerService: userActivityNoUpdateLocked: groupId=0, eventTime=55874383, event=touch, flags=0x0, uid=1000
05-22 21:43:54.345  2453  4093 D LinearmotorVibrator: vibrate: effect=WaveformEffect { 831e0cf, effectType=1, effectStrength=-1, effectLoop=false, ringtoneVibrateType=-1, isRingtoneCustomized=false, ringtoneFilePath=, strengthSettingEnabled=true, asynchronous=true, usageHint=13 }
05-22 21:43:54.346  2453  4093 I VibratorManagerServiceExtImpl: vibrate is uid=1000, pid=2453, opPkg=android, effect=Mono{mEffect=Composed{segments=[OplusVibrationEffectSegment{mEffectId=1, mEffectStrength=-1, mRingtonePath=''}], repeat=-1}}, attributes=VibrationAttributes: Usage=TOUCH Audio Usage= USAGE_ASSISTANCE_SONIFICATION Flags=0, token=2909812
05-22 21:43:54.347  2453  4093 W VibrationScaler: Got unexpected vibration intensity: 2000
05-22 21:43:54.347  2453  4093 E VibrationScaler: No configured scaling level! (current=2000, default= 2)
05-22 21:43:54.349  2453  2965 D VibrationThread: Perform OplusPrebakedSegment{mWaveformId=2, mDuration=45, mEffectStrength=2000, mDefaultUsage=TOUCH} on vibrator 0
05-22 21:43:55.059  2453  2559 D OplusSmartBrightnessController: handleMessage MSG_LUX_CHANGED, mLux:33.957436 luxQueue=[33.95744, 33.95744, 33.95744, 33.95744, 33.95744, 33.95744]
05-22 21:43:55.861  2453  2559 D OplusSmartBrightnessController: handleMessage MSG_LUX_CHANGED, mLux:33.95744 luxQueue=[33.95744, 33.95744, 33.95744, 33.95744]
05-22 21:43:57.160  2453  3093 D PowerManagerService: userActivityNoUpdateLocked: groupId=0, eventTime=55877200, event=touch, flags=0x0, uid=1000
05-22 21:43:57.164  2453  4093 D LinearmotorVibrator: vibrate: effect=WaveformEffect { cd1c919, effectType=1, effectStrength=-1, effectLoop=false, ringtoneVibrateType=-1, isRingtoneCustomized=false, ringtoneFilePath=, strengthSettingEnabled=true, asynchronous=true, usageHint=13 }
05-22 21:43:57.165  2453  4093 I VibratorManagerServiceExtImpl: vibrate is uid=1000, pid=2453, opPkg=android, effect=Mono{mEffect=Composed{segments=[OplusVibrationEffectSegment{mEffectId=1, mEffectStrength=-1, mRingtonePath=''}], repeat=-1}}, attributes=VibrationAttributes: Usage=TOUCH Audio Usage= USAGE_ASSISTANCE_SONIFICATION Flags=0, token=2909812
05-22 21:43:57.165  2453  4093 W VibrationScaler: Got unexpected vibration intensity: 2000
05-22 21:43:57.165  2453  4093 E VibrationScaler: No configured scaling level! (current=2000, default= 2)
05-22 21:43:57.167  2453  2965 D VibrationThread: Perform OplusPrebakedSegment{mWaveformId=2, mDuration=45, mEffectStrength=2000, mDefaultUsage=TOUCH} on vibrator 0
05-22 21:43:57.265  2453  3093 D PowerManagerService: userActivityNoUpdateLocked: groupId=0, eventTime=55877308, event=touch, flags=0x0, uid=1000
05-22 21:43:57.285  2453  3302 V AlarmManager: set(PendingIntent{2ee6dde: PendingIntentRecord{fdbb0ce com.whatsapp broadcastIntent}}) : type=2 triggerAtTime=101383813 win=449999 tElapsed=101383813 maxElapsed=101833812 interval=0 flags=0x8 callingPackage=com.whatsapp listenerTag=null
05-22 21:43:57.376  2453  3093 D PowerManagerService: userActivityNoUpdateLocked: groupId=0, eventTime=55877418, event=touch, flags=0x0, uid=1000
05-22 21:43:57.380  2453  3302 D LinearmotorVibrator: vibrate: effect=WaveformEffect { 83ab28c, effectType=1, effectStrength=-1, effectLoop=false, ringtoneVibrateType=-1, isRingtoneCustomized=false, ringtoneFilePath=, strengthSettingEnabled=true, asynchronous=true, usageHint=13 }
05-22 21:43:57.380  2453  3302 I VibratorManagerServiceExtImpl: vibrate is uid=1000, pid=2453, opPkg=android, effect=Mono{mEffect=Composed{segments=[OplusVibrationEffectSegment{mEffectId=1, mEffectStrength=-1, mRingtonePath=''}], repeat=-1}}, attributes=VibrationAttributes: Usage=TOUCH Audio Usage= USAGE_ASSISTANCE_SONIFICATION Flags=0, token=2909812
05-22 21:43:57.381  2453  3302 W VibrationScaler: Got unexpected vibration intensity: 2000
05-22 21:43:57.381  2453  3302 E VibrationScaler: No configured scaling level! (current=2000, default= 2)
05-22 21:43:57.383  2453  2965 D VibrationThread: Perform OplusPrebakedSegment{mWaveformId=2, mDuration=45, mEffectStrength=2000, mDefaultUsage=TOUCH} on vibrator 0
05-22 21:43:57.476  2453  3093 D PowerManagerService: userActivityNoUpdateLocked: groupId=0, eventTime=55877519, event=touch, flags=0x0, uid=1000
05-22 21:43:57.672  2453  3093 D PowerManagerService: userActivityNoUpdateLocked: groupId=0, eventTime=55877714, event=touch, flags=0x0, uid=1000
05-22 21:43:57.678  2453  3302 D LinearmotorVibrator: vibrate: effect=WaveformEffect { 7acddd5, effectType=1, effectStrength=-1, effectLoop=false, ringtoneVibrateType=-1, isRingtoneCustomized=false, ringtoneFilePath=, strengthSettingEnabled=true, asynchronous=true, usageHint=13 }
05-22 21:43:57.678  2453  3302 I VibratorManagerServiceExtImpl: vibrate is uid=1000, pid=2453, opPkg=android, effect=Mono{mEffect=Composed{segments=[OplusVibrationEffectSegment{mEffectId=1, mEffectStrength=-1, mRingtonePath=''}], repeat=-1}}, attributes=VibrationAttributes: Usage=TOUCH Audio Usage= USAGE_ASSISTANCE_SONIFICATION Flags=0, token=2909812
05-22 21:43:57.679  2453  3302 W VibrationScaler: Got unexpected vibration intensity: 2000
05-22 21:43:57.679  2453  3302 E VibrationScaler: No configured scaling level! (current=2000, default= 2)
05-22 21:43:57.681  2453  2965 D VibrationThread: Perform OplusPrebakedSegment{mWaveformId=2, mDuration=45, mEffectStrength=2000, mDefaultUsage=TOUCH} on vibrator 0
05-22 21:43:57.757  2453  4111 D LinearmotorVibrator: vibrate: effect=WaveformEffect { 7ef89ea, effectType=1, effectStrength=-1, effectLoop=false, ringtoneVibrateType=-1, isRingtoneCustomized=false, ringtoneFilePath=, strengthSettingEnabled=true, asynchronous=true, usageHint=13 }
05-22 21:43:57.757  2453  4111 I VibratorManagerServiceExtImpl: vibrate is uid=1000, pid=2453, opPkg=android, effect=Mono{mEffect=Composed{segments=[OplusVibrationEffectSegment{mEffectId=1, mEffectStrength=-1, mRingtonePath=''}], repeat=-1}}, attributes=VibrationAttributes: Usage=TOUCH Audio Usage= USAGE_ASSISTANCE_SONIFICATION Flags=0, token=2909812
05-22 21:43:57.758  2453  4111 W VibrationScaler: Got unexpected vibration intensity: 2000
05-22 21:43:57.758  2453  4111 E VibrationScaler: No configured scaling level! (current=2000, default= 2)
05-22 21:43:57.763  2453  2965 D VibrationThread: Perform OplusPrebakedSegment{mWaveformId=2, mDuration=45, mEffectStrength=2000, mDefaultUsage=TOUCH} on vibrator 0
05-22 21:43:57.771  2453  3093 D PowerManagerService: userActivityNoUpdateLocked: groupId=0, eventTime=55877815, event=touch, flags=0x0, uid=1000
05-22 21:43:57.872  2453  3093 D PowerManagerService: userActivityNoUpdateLocked: groupId=0, eventTime=55877916, event=touch, flags=0x0, uid=1000
05-22 21:43:58.000  2453  3093 D PowerManagerService: userActivityNoUpdateLocked: groupId=0, eventTime=55878042, event=touch, flags=0x0, uid=1000
