--------- beginning of crash
12-18 09:57:54.327   743   743 F libc    : Fatal signal 6 (SIGABRT), code -1 (SI_QUEUE) in tid 743 (init), pid 743 (init)
12-18 09:57:54.342   743   743 F libc    : crash_dump helper failed to exec, or was killed
12-18 09:57:54.345   751   751 F libc    : Fatal signal 6 (SIGABRT), code -1 (SI_QUEUE) in tid 751 (init), pid 751 (init)
12-18 09:57:54.352   751   751 F libc    : crash_dump helper failed to exec, or was killed
05-22 18:47:08.681  9220 10115 F libc    : Fatal signal 6 (SIGABRT), code -1 (SI_QUEUE) in tid 10115 (AdWorker(Defaul), pid 9220 (com.truecaller)
05-22 18:47:09.481 11688 11688 F DEBUG   : Process name is com.truecaller, not key_process
05-22 18:47:09.481 11688 11688 F DEBUG   : keyProcess: 0
05-22 18:47:09.481 11688 11688 F DEBUG   : *** *** *** *** *** *** *** *** *** *** *** *** *** *** *** ***
05-22 18:47:09.481 11688 11688 F DEBUG   : Build fingerprint: 'OnePlus/OnePlus9R_IND/OnePlus9R:14/UKQ1.230924.001/R.17b0fc4-1-2:user/release-keys'
05-22 18:47:09.481 11688 11688 F DEBUG   : Revision: '0'
05-22 18:47:09.481 11688 11688 F DEBUG   : ABI: 'arm64'
05-22 18:47:09.481 11688 11688 F DEBUG   : Timestamp: 2024-05-22 18:47:09.076352355+0530
05-22 18:47:09.481 11688 11688 F DEBUG   : Process uptime: 46s
05-22 18:47:09.481 11688 11688 F DEBUG   : Cmdline: com.truecaller
05-22 18:47:09.481 11688 11688 F DEBUG   : pid: 9220, tid: 10115, name: AdWorker(Defaul  >>> com.truecaller <<<
05-22 18:47:09.481 11688 11688 F DEBUG   : uid: 10183
05-22 18:47:09.481 11688 11688 F DEBUG   : signal 6 (SIGABRT), code -1 (SI_QUEUE), fault addr --------
05-22 18:47:09.481 11688 11688 F DEBUG   : Abort message: 'Cannot get a dirty matrix!'
05-22 18:47:09.481 11688 11688 F DEBUG   :     x0  0000000000000000  x1  0000000000002783  x2  0000000000000006  x3  00000070bcdff050
05-22 18:47:09.481 11688 11688 F DEBUG   :     x4  00000000676f6c62  x5  00000000676f6c62  x6  00000000676f6c62  x7  b400007220b2e486
05-22 18:47:09.481 11688 11688 F DEBUG   :     x8  00000000000000f0  x9  00000072d1cf6d58  x10 0000000000000001  x11 00000072d1d7c0ec
05-22 18:47:09.481 11688 11688 F DEBUG   :     x12 0000000000000006  x13 0000000000000006  x14 00000070bcdfde50  x15 0000000034155555
05-22 18:47:09.481 11688 11688 F DEBUG   :     x16 00000072d1de7090  x17 00000072d1dbfd30  x18 00000000cd4c81cd  x19 0000000000002404
05-22 18:47:09.481 11688 11688 F DEBUG   :     x20 0000000000002783  x21 00000000ffffffff  x22 b400007220b16480  x23 000000721a4e927c
05-22 18:47:09.481 11688 11688 F DEBUG   :     x24 0000000000000000  x25 000000721b053000  x26 b400007220b33ca0  x27 000000721b056000
05-22 18:47:09.481 11688 11688 F DEBUG   :     x28 000000721b056000  x29 00000070bcdff0d0
05-22 18:47:09.481 11688 11688 F DEBUG   :     lr  00000072d1d6cde4  sp  00000070bcdff030  pc  00000072d1d6ce10  pst 0000000000001000
05-22 18:47:09.481 11688 11688 F DEBUG   : 16 total frames
05-22 18:47:09.481 11688 11688 F DEBUG   : backtrace:
05-22 18:47:09.481 11688 11688 F DEBUG   :   NOTE: Function names and BuildId information is missing for some frames due
05-22 18:47:09.481 11688 11688 F DEBUG   :   NOTE: to unreadable libraries. For unwinds of apps, only shared libraries
05-22 18:47:09.481 11688 11688 F DEBUG   :   NOTE: found under the lib/ directory are readable.
05-22 18:47:09.481 11688 11688 F DEBUG   :   NOTE: On this device, run setenforce 0 to make the libraries readable.
05-22 18:47:09.481 11688 11688 F DEBUG   :   NOTE: Unreadable libraries:
05-22 18:47:09.481 11688 11688 F DEBUG   :   NOTE:   /data/data/com.truecaller/app_pccache/5/3574DE77EAA66FD50598D1C5941BA947C7751DDA/pcam.jar
05-22 18:47:09.481 11688 11688 F DEBUG   :       #00 pc 000000000009ce10  /apex/com.android.runtime/lib64/bionic/libc.so (abort+168) (BuildId: d1a98b526f2f94260a53c3055979a4f6)
05-22 18:47:09.481 11688 11688 F DEBUG   :       #01 pc 000000000076fee0  /apex/com.android.art/lib64/libart.so (art::Runtime::Abort(char const*)+904) (BuildId: ddcc440d4609d2099db9d20895487a78)
05-22 18:47:09.481 11688 11688 F DEBUG   :       #02 pc 00000000000357d0  /apex/com.android.art/lib64/libbase.so (android::base::SetAborter(std::__1::function<void (char const*)>&&)::$_0::__invoke(char const*)+80) (BuildId: 6f67f69ff36b970d0b831cfdab3b578d)
05-22 18:47:09.481 11688 11688 F DEBUG   :       #03 pc 0000000000007060  /system/lib64/liblog.so (__android_log_assert+312) (BuildId: 3230c8a2cc9a6e693f5d3672873e9e5c)
05-22 18:47:09.481 11688 11688 F DEBUG   :       #04 pc 000000000020db98  /system/lib64/libhwui.so (android::android_view_RenderNode_hasIdentityMatrix(long) (.__uniq.317308322416686821681536579661143593440)+124) (BuildId: b49385f724b3212f885916556dfe0d1f)
05-22 18:47:09.481 11688 11688 F DEBUG   :       #05 pc 0000000000e4bf10  /data/misc/apexdata/com.android.art/dalvik-cache/arm64/boot.oat (android.view.ViewGroup.getChildVisibleRect+304)
05-22 18:47:09.481 11688 11688 F DEBUG   :       #06 pc 0000000000e4c51c  /data/misc/apexdata/com.android.art/dalvik-cache/arm64/boot.oat (android.view.ViewGroup.getChildVisibleRect+1852)
05-22 18:47:09.481 11688 11688 F DEBUG   :       #07 pc 0000000000e4c51c  /data/misc/apexdata/com.android.art/dalvik-cache/arm64/boot.oat (android.view.ViewGroup.getChildVisibleRect+1852)
05-22 18:47:09.481 11688 11688 F DEBUG   :       #08 pc 0000000000e4c51c  /data/misc/apexdata/com.android.art/dalvik-cache/arm64/boot.oat (android.view.ViewGroup.getChildVisibleRect+1852)
05-22 18:47:09.481 11688 11688 F DEBUG   :       #09 pc 0000000000e4bdbc  /data/misc/apexdata/com.android.art/dalvik-cache/arm64/boot.oat (android.view.ViewGroup.getChildVisibleRect+60)
05-22 18:47:09.481 11688 11688 F DEBUG   :       #10 pc 0000000000d96bec  /data/misc/apexdata/com.android.art/dalvik-cache/arm64/boot.oat (android.view.View.getGlobalVisibleRect+268)
05-22 18:47:09.481 11688 11688 F DEBUG   :       #11 pc 0000000000d96ac0  /data/misc/apexdata/com.android.art/dalvik-cache/arm64/boot.oat (android.view.View.getGlobalVisibleRect+48)
05-22 18:47:09.481 11688 11688 F DEBUG   :       #12 pc 000000000033b3a4  /apex/com.android.art/lib64/libart.so (art_quick_invoke_stub+612) (BuildId: ddcc440d4609d2099db9d20895487a78)
05-22 18:47:09.481 11688 11688 F DEBUG   :       #13 pc 00000000004f01a8  /apex/com.android.art/lib64/libart.so (art::JValue art::InvokeVirtualOrInterfaceWithJValues<art::ArtMethod*>(art::ScopedObjectAccessAlreadyRunnable const&, _jobject*, art::ArtMethod*, jvalue const*)+548) (BuildId: ddcc440d4609d2099db9d20895487a78)
05-22 18:47:09.481 11688 11688 F DEBUG   :       #14 pc 000000000055c258  /apex/com.android.art/lib64/libart.so (art::JNI<false>::CallBooleanMethodA(_JNIEnv*, _jobject*, _jmethodID*, jvalue const*)+176) (BuildId: ddcc440d4609d2099db9d20895487a78)
05-22 18:47:09.481 11688 11688 F DEBUG   :       #15 pc 0000000000044abc  /data/data/com.truecaller/app_pccache/5/3574DE77EAA66FD50598D1C5941BA947C7751DDA/pcam.jar (offset 0x4000)
--------- beginning of system
05-22 21:43:27.244  2453  3239 V AlarmManager: set(PendingIntent{1993d5a: PendingIntentRecord{fdbb0ce com.whatsapp broadcastIntent}}) : type=2 triggerAtTime=101353771 win=449999 tElapsed=101353771 maxElapsed=101803770 interval=0 flags=0x8 callingPackage=com.whatsapp listenerTag=null
05-22 21:43:27.362  2453  3093 D PowerManagerService: userActivityNoUpdateLocked: groupId=0, eventTime=55847404, event=touch, flags=0x0, uid=1000
05-22 21:43:27.365  2453  4093 D LinearmotorVibrator: vibrate: effect=WaveformEffect { 1926468, effectType=1, effectStrength=-1, effectLoop=false, ringtoneVibrateType=-1, isRingtoneCustomized=false, ringtoneFilePath=, strengthSettingEnabled=true, asynchronous=true, usageHint=13 }
05-22 21:43:27.365  2453  4093 I VibratorManagerServiceExtImpl: vibrate is uid=1000, pid=2453, opPkg=android, effect=Mono{mEffect=Composed{segments=[OplusVibrationEffectSegment{mEffectId=1, mEffectStrength=-1, mRingtonePath=''}], repeat=-1}}, attributes=VibrationAttributes: Usage=TOUCH Audio Usage= USAGE_ASSISTANCE_SONIFICATION Flags=0, token=2909812
05-22 21:43:27.366  2453  4093 W VibrationScaler: Got unexpected vibration intensity: 2000
05-22 21:43:27.366  2453  4093 E VibrationScaler: No configured scaling level! (current=2000, default= 2)
05-22 21:43:27.368  2453  2965 D VibrationThread: Perform OplusPrebakedSegment{mWaveformId=2, mDuration=45, mEffectStrength=2000, mDefaultUsage=TOUCH} on vibrator 0
05-22 21:43:27.539  2453  3093 D PowerManagerService: userActivityNoUpdateLocked: groupId=0, eventTime=55847581, event=touch, flags=0x0, uid=1000
05-22 21:43:27.542  2453  3239 D LinearmotorVibrator: vibrate: effect=WaveformEffect { 65ca081, effectType=1, effectStrength=-1, effectLoop=false, ringtoneVibrateType=-1, isRingtoneCustomized=false, ringtoneFilePath=, strengthSettingEnabled=true, asynchronous=true, usageHint=13 }
05-22 21:43:27.543  2453  3239 I VibratorManagerServiceExtImpl: vibrate is uid=1000, pid=2453, opPkg=android, effect=Mono{mEffect=Composed{segments=[OplusVibrationEffectSegment{mEffectId=1, mEffectStrength=-1, mRingtonePath=''}], repeat=-1}}, attributes=VibrationAttributes: Usage=TOUCH Audio Usage= USAGE_ASSISTANCE_SONIFICATION Flags=0, token=2909812
05-22 21:43:27.543  2453  3239 W VibrationScaler: Got unexpected vibration intensity: 2000
05-22 21:43:27.543  2453  3239 E VibrationScaler: No configured scaling level! (current=2000, default= 2)
05-22 21:43:27.545  2453  2965 D VibrationThread: Perform OplusPrebakedSegment{mWaveformId=2, mDuration=45, mEffectStrength=2000, mDefaultUsage=TOUCH} on vibrator 0
05-22 21:43:27.647  2453  3093 D PowerManagerService: userActivityNoUpdateLocked: groupId=0, eventTime=55847691, event=touch, flags=0x0, uid=1000
05-22 21:43:27.860  2453  3093 D PowerManagerService: userActivityNoUpdateLocked: groupId=0, eventTime=55847902, event=touch, flags=0x0, uid=1000
05-22 21:43:27.861  2453  2559 D OplusSmartBrightnessController: handleMessage MSG_LUX_CHANGED, mLux:34.348953 luxQueue=[34.34895, 34.34895, 34.34895, 34.34895, 34.34895, 34.34895, 34.34895, 34.34895, 34.34895, 34.34895]
05-22 21:43:27.863  2453  4093 D LinearmotorVibrator: vibrate: effect=WaveformEffect { c098567, effectType=1, effectStrength=-1, effectLoop=false, ringtoneVibrateType=-1, isRingtoneCustomized=false, ringtoneFilePath=, strengthSettingEnabled=true, asynchronous=true, usageHint=13 }
05-22 21:43:27.864  2453  4093 I VibratorManagerServiceExtImpl: vibrate is uid=1000, pid=2453, opPkg=android, effect=Mono{mEffect=Composed{segments=[OplusVibrationEffectSegment{mEffectId=1, mEffectStrength=-1, mRingtonePath=''}], repeat=-1}}, attributes=VibrationAttributes: Usage=TOUCH Audio Usage= USAGE_ASSISTANCE_SONIFICATION Flags=0, token=2909812
05-22 21:43:27.864  2453  4093 W VibrationScaler: Got unexpected vibration intensity: 2000
05-22 21:43:27.865  2453  4093 E VibrationScaler: No configured scaling level! (current=2000, default= 2)
05-22 21:43:27.868  2453  2965 D VibrationThread: Perform OplusPrebakedSegment{mWaveformId=2, mDuration=45, mEffectStrength=2000, mDefaultUsage=TOUCH} on vibrator 0
05-22 21:43:28.113  2453  2970 V AlarmManager: Checking for alarms... rtc=1716394408112, elapsed=100754641, nextNoWakeup = 101896529, PendingNonWakeupAlarmsSize = 0, result = 0x4, hasPendingIdle = false
05-22 21:43:28.116  2453  2970 V AlarmManager: Triggering alarm #0: Alarm{b5d5f14 type 2 origWhen 100744640 whenElapsed 100744640 com.heytap.mcs} uid 1000 whenElapsed 100744640 windowLength 10000 maxWhenElapsed 100754640 repeatInterval 0 action com.heytap.mcs.action component null flags 0x8 procName com.heytap.mcs
05-22 21:43:28.116  2453  2970 V AlarmManager: Triggering alarm #1: Alarm{731c3bd type 3 origWhen 100726721 whenElapsed 100726721 com.oplus.metis} uid 10116 whenElapsed 100726721 windowLength 225000 maxWhenElapsed 100951721 repeatInterval 300000 action oplus.intent.action.SORT_ALARM_ACTION component null flags 0x0 procName com.oplus.metis
05-22 21:43:28.116  2453  2970 V AlarmManager: Triggering alarm #2: Alarm{b021db2 type 3 origWhen 100727168 whenElapsed 100727168 com.oplus.metis} uid 10116 whenElapsed 100727168 windowLength 44999 maxWhenElapsed 100772167 repeatInterval 0 action com.oplus.action.PID_TIMER_CHECK component null flags 0x0 procName com.oplus.metis
05-22 21:43:28.117  2453  2970 V AlarmManager: triggered: act=com.heytap.mcs.action pkg=com.heytap.mcs [oem] Alarm{b5d5f14 type 2 origWhen 100744640 whenElapsed 100744640 com.heytap.mcs} uid 1000 whenElapsed 100744640 windowLength 10000 maxWhenElapsed 100754640 repeatInterval 0 action com.heytap.mcs.action component null flags 0x8 procName com.heytap.mcs
05-22 21:43:28.117  2453  2970 V AlarmManager: sending alarm Alarm{b5d5f14 type 2 origWhen 100744640 whenElapsed 100744640 com.heytap.mcs} uid 1000 whenElapsed 100744640 windowLength 10000 maxWhenElapsed 100754640 repeatInterval 0 action com.heytap.mcs.action component null flags 0x8 procName com.heytap.mcs
05-22 21:43:28.125  2453  2970 D AlarmManager: mBroadcastRefCount -> 1
05-22 21:43:28.128  2453  2970 V AlarmManager: sending alarm Alarm{731c3bd type 3 origWhen 100726721 whenElapsed 100726721 com.oplus.metis} uid 10116 whenElapsed 100726721 windowLength 225000 maxWhenElapsed 100951721 repeatInterval 300000 action oplus.intent.action.SORT_ALARM_ACTION component null flags 0x0 procName com.oplus.metis
05-22 21:43:28.129  2453  2970 D AlarmManager: mBroadcastRefCount -> 2
05-22 21:43:28.129  2453  2970 V AlarmManager: sending alarm Alarm{b021db2 type 3 origWhen 100727168 whenElapsed 100727168 com.oplus.metis} uid 10116 whenElapsed 100727168 windowLength 44999 maxWhenElapsed 100772167 repeatInterval 0 action com.oplus.action.PID_TIMER_CHECK component null flags 0x0 procName com.oplus.metis
05-22 21:43:28.135  2453  2970 D AlarmManager: mBroadcastRefCount -> 3
05-22 21:43:28.136  2453  2453 D AlarmManager: mBroadcastRefCount -> 2
05-22 21:43:28.136  2453  2453 D AlarmManager: mBroadcastRefCount -> 1
05-22 21:43:28.137  2453  4093 V AlarmManager: set(PendingIntent{c7062fe: PendingIntentRecord{cb72ac7 com.oplus.metis broadcastIntent}}) : type=3 triggerAtTime=100814664 win=44999 tElapsed=100814664 maxElapsed=100859663 interval=0 flags=0x0 callingPackage=com.oplus.metis listenerTag=null
05-22 21:43:28.137  2453  3302 D AlarmManager: remove: operation=PendingIntent{a3d7cac: PendingIntentRecord{ddde793 com.heytap.mcs startService}}, listener=null
05-22 21:43:28.141  2453  2453 D AlarmManager: mBroadcastRefCount -> 0
05-22 21:43:28.141  2453  3239 V AlarmManager: set(PendingIntent{132ad75: PendingIntentRecord{ddde793 com.heytap.mcs startService}}) : type=2 triggerAtTime=101039668 win=10000 tElapsed=101039668 maxElapsed=101049668 interval=0 flags=0x8 callingPackage=com.heytap.mcs listenerTag=null
05-22 21:43:28.274  2453  3093 D PowerManagerService: userActivityNoUpdateLocked: groupId=0, eventTime=55848315, event=touch, flags=0x0, uid=1000
05-22 21:43:28.276  2453  3239 D LinearmotorVibrator: vibrate: effect=WaveformEffect { c079d7b, effectType=1, effectStrength=-1, effectLoop=false, ringtoneVibrateType=-1, isRingtoneCustomized=false, ringtoneFilePath=, strengthSettingEnabled=true, asynchronous=true, usageHint=13 }
05-22 21:43:28.276  2453  3239 I VibratorManagerServiceExtImpl: vibrate is uid=1000, pid=2453, opPkg=android, effect=Mono{mEffect=Composed{segments=[OplusVibrationEffectSegment{mEffectId=1, mEffectStrength=-1, mRingtonePath=''}], repeat=-1}}, attributes=VibrationAttributes: Usage=TOUCH Audio Usage= USAGE_ASSISTANCE_SONIFICATION Flags=0, token=2909812
05-22 21:43:28.277  2453  3239 W VibrationScaler: Got unexpected vibration intensity: 2000
05-22 21:43:28.277  2453  3239 E VibrationScaler: No configured scaling level! (current=2000, default= 2)
05-22 21:43:28.280  2453  2965 D VibrationThread: Perform OplusPrebakedSegment{mWaveformId=2, mDuration=45, mEffectStrength=2000, mDefaultUsage=TOUCH} on vibrator 0
05-22 21:43:28.390  2453  3093 D PowerManagerService: userActivityNoUpdateLocked: groupId=0, eventTime=55848433, event=touch, flags=0x0, uid=1000
05-22 21:43:29.828  2453  3093 D PowerManagerService: userActivityNoUpdateLocked: groupId=0, eventTime=55849868, event=touch, flags=0x0, uid=1000
05-22 21:43:29.832  2453  3239 D LinearmotorVibrator: vibrate: effect=WaveformEffect { 320b544, effectType=1, effectStrength=-1, effectLoop=false, ringtoneVibrateType=-1, isRingtoneCustomized=false, ringtoneFilePath=, strengthSettingEnabled=true, asynchronous=true, usageHint=13 }
05-22 21:43:29.832  2453  3239 I VibratorManagerServiceExtImpl: vibrate is uid=1000, pid=2453, opPkg=android, effect=Mono{mEffect=Composed{segments=[OplusVibrationEffectSegment{mEffectId=1, mEffectStrength=-1, mRingtonePath=''}], repeat=-1}}, attributes=VibrationAttributes: Usage=TOUCH Audio Usage= USAGE_ASSISTANCE_SONIFICATION Flags=0, token=2909812
05-22 21:43:29.833  2453  3239 W VibrationScaler: Got unexpected vibration intensity: 2000
05-22 21:43:29.833  2453  3239 E VibrationScaler: No configured scaling level! (current=2000, default= 2)
05-22 21:43:29.835  2453  2965 D VibrationThread: Perform OplusPrebakedSegment{mWaveformId=2, mDuration=45, mEffectStrength=2000, mDefaultUsage=TOUCH} on vibrator 0
05-22 21:43:29.925  2453  3093 D PowerManagerService: userActivityNoUpdateLocked: groupId=0, eventTime=55849968, event=touch, flags=0x0, uid=1000
05-22 21:43:29.997  2453  4093 D LinearmotorVibrator: vibrate: effect=WaveformEffect { 2c0162d, effectType=1, effectStrength=-1, effectLoop=false, ringtoneVibrateType=-1, isRingtoneCustomized=false, ringtoneFilePath=, strengthSettingEnabled=true, asynchronous=true, usageHint=13 }
05-22 21:43:29.998  2453  4093 I VibratorManagerServiceExtImpl: vibrate is uid=1000, pid=2453, opPkg=android, effect=Mono{mEffect=Composed{segments=[OplusVibrationEffectSegment{mEffectId=1, mEffectStrength=-1, mRingtonePath=''}], repeat=-1}}, attributes=VibrationAttributes: Usage=TOUCH Audio Usage= USAGE_ASSISTANCE_SONIFICATION Flags=0, token=2909812
05-22 21:43:29.999  2453  4093 W VibrationScaler: Got unexpected vibration intensity: 2000
05-22 21:43:29.999  2453  4093 E VibrationScaler: No configured scaling level! (current=2000, default= 2)
05-22 21:43:30.001  2453  2965 D VibrationThread: Perform OplusPrebakedSegment{mWaveformId=2, mDuration=45, mEffectStrength=2000, mDefaultUsage=TOUCH} on vibrator 0
05-22 21:43:30.052  2453  3093 D PowerManagerService: userActivityNoUpdateLocked: groupId=0, eventTime=55850095, event=touch, flags=0x0, uid=1000
05-22 21:43:30.060  2453  2559 I OplusSmartBrightnessController: deltaLux = 0.46862793, scale = 1.1704558
05-22 21:43:30.060  2453  2559 D OplusSmartBrightnessController: handleMessage MSG_LUX_CHANGED, mLux:33.948574 luxQueue=[34.34895, 33.656815, 33.656815, 33.877037, 33.877037, 33.877037, 33.877037, 33.877037, 33.877037, 33.877037, 33.877037]
05-22 21:43:30.102  2453  3239 D LinearmotorVibrator: vibrate: effect=WaveformEffect { 6595762, effectType=1, effectStrength=-1, effectLoop=false, ringtoneVibrateType=-1, isRingtoneCustomized=false, ringtoneFilePath=, strengthSettingEnabled=true, asynchronous=true, usageHint=13 }
05-22 21:43:30.103  2453  3239 I VibratorManagerServiceExtImpl: vibrate is uid=1000, pid=2453, opPkg=android, effect=Mono{mEffect=Composed{segments=[OplusVibrationEffectSegment{mEffectId=1, mEffectStrength=-1, mRingtonePath=''}], repeat=-1}}, attributes=VibrationAttributes: Usage=TOUCH Audio Usage= USAGE_ASSISTANCE_SONIFICATION Flags=0, token=2909812
05-22 21:43:30.104  2453  3239 W VibrationScaler: Got unexpected vibration intensity: 2000
05-22 21:43:30.104  2453  3239 E VibrationScaler: No configured scaling level! (current=2000, default= 2)
05-22 21:43:30.106  2453  2965 D VibrationThread: Perform OplusPrebakedSegment{mWaveformId=2, mDuration=45, mEffectStrength=2000, mDefaultUsage=TOUCH} on vibrator 0
05-22 21:43:30.171  2453  3093 D PowerManagerService: userActivityNoUpdateLocked: groupId=0, eventTime=55850214, event=touch, flags=0x0, uid=1000
05-22 21:43:30.226  2453  3302 D AlarmManager: remove: operation=PendingIntent{47640f3: PendingIntentRecord{b6c03ec com.google.android.gms/com.google.android.gms.container startService}}, listener=null
05-22 21:43:30.240  2453  4093 D LinearmotorVibrator: vibrate: effect=WaveformEffect { d15e1b0, effectType=1, effectStrength=-1, effectLoop=false, ringtoneVibrateType=-1, isRingtoneCustomized=false, ringtoneFilePath=, strengthSettingEnabled=true, asynchronous=true, usageHint=13 }
05-22 21:43:30.240  2453  4093 I VibratorManagerServiceExtImpl: vibrate is uid=1000, pid=2453, opPkg=android, effect=Mono{mEffect=Composed{segments=[OplusVibrationEffectSegment{mEffectId=1, mEffectStrength=-1, mRingtonePath=''}], repeat=-1}}, attributes=VibrationAttributes: Usage=TOUCH Audio Usage= USAGE_ASSISTANCE_SONIFICATION Flags=0, token=2909812
05-22 21:43:30.241  2453  4093 W VibrationScaler: Got unexpected vibration intensity: 2000
05-22 21:43:30.241  2453  4093 E VibrationScaler: No configured scaling level! (current=2000, default= 2)
05-22 21:43:30.242  2453  2965 D VibrationThread: Perform OplusPrebakedSegment{mWaveformId=2, mDuration=45, mEffectStrength=2000, mDefaultUsage=TOUCH} on vibrator 0
05-22 21:43:30.305  2453  3093 D PowerManagerService: userActivityNoUpdateLocked: groupId=0, eventTime=55850348, event=touch, flags=0x0, uid=1000
05-22 21:43:30.364  2453  4093 D LinearmotorVibrator: vibrate: effect=WaveformEffect { b34e829, effectType=1, effectStrength=-1, effectLoop=false, ringtoneVibrateType=-1, isRingtoneCustomized=false, ringtoneFilePath=, strengthSettingEnabled=true, asynchronous=true, usageHint=13 }
05-22 21:43:30.364  2453  4093 I VibratorManagerServiceExtImpl: vibrate is uid=1000, pid=2453, opPkg=android, effect=Mono{mEffect=Composed{segments=[OplusVibrationEffectSegment{mEffectId=1, mEffectStrength=-1, mRingtonePath=''}], repeat=-1}}, attributes=VibrationAttributes: Usage=TOUCH Audio Usage= USAGE_ASSISTANCE_SONIFICATION Flags=0, token=2909812
05-22 21:43:30.365  2453  4093 W VibrationScaler: Got unexpected vibration intensity: 2000
05-22 21:43:30.365  2453  4093 E VibrationScaler: No configured scaling level! (current=2000, default= 2)
05-22 21:43:30.368  2453  2965 D VibrationThread: Perform OplusPrebakedSegment{mWaveformId=2, mDuration=45, mEffectStrength=2000, mDefaultUsage=TOUCH} on vibrator 0
05-22 21:43:30.458  2453  3093 D PowerManagerService: userActivityNoUpdateLocked: groupId=0, eventTime=55850500, event=touch, flags=0x0, uid=1000
05-22 21:43:31.023  2453  3093 D PowerManagerService: userActivityNoUpdateLocked: groupId=0, eventTime=55851065, event=touch, flags=0x0, uid=1000
05-22 21:43:31.028  2453  3239 D LinearmotorVibrator: vibrate: effect=WaveformEffect { 17836c8, effectType=1, effectStrength=-1, effectLoop=false, ringtoneVibrateType=-1, isRingtoneCustomized=false, ringtoneFilePath=, strengthSettingEnabled=true, asynchronous=true, usageHint=13 }
05-22 21:43:31.029  2453  3239 I VibratorManagerServiceExtImpl: vibrate is uid=1000, pid=2453, opPkg=android, effect=Mono{mEffect=Composed{segments=[OplusVibrationEffectSegment{mEffectId=1, mEffectStrength=-1, mRingtonePath=''}], repeat=-1}}, attributes=VibrationAttributes: Usage=TOUCH Audio Usage= USAGE_ASSISTANCE_SONIFICATION Flags=0, token=2909812
05-22 21:43:31.029  2453  3239 W VibrationScaler: Got unexpected vibration intensity: 2000
05-22 21:43:31.029  2453  3239 E VibrationScaler: No configured scaling level! (current=2000, default= 2)
05-22 21:43:31.031  2453  2965 D VibrationThread: Perform OplusPrebakedSegment{mWaveformId=2, mDuration=45, mEffectStrength=2000, mDefaultUsage=TOUCH} on vibrator 0
05-22 21:43:31.130  2453  3093 D PowerManagerService: userActivityNoUpdateLocked: groupId=0, eventTime=55851174, event=touch, flags=0x0, uid=1000
05-22 21:43:31.164  2453  4093 D LinearmotorVibrator: vibrate: effect=WaveformEffect { 7907361, effectType=1, effectStrength=-1, effectLoop=false, ringtoneVibrateType=-1, isRingtoneCustomized=false, ringtoneFilePath=, strengthSettingEnabled=true, asynchronous=true, usageHint=13 }
05-22 21:43:31.164  2453  4093 I VibratorManagerServiceExtImpl: vibrate is uid=1000, pid=2453, opPkg=android, effect=Mono{mEffect=Composed{segments=[OplusVibrationEffectSegment{mEffectId=1, mEffectStrength=-1, mRingtonePath=''}], repeat=-1}}, attributes=VibrationAttributes: Usage=TOUCH Audio Usage= USAGE_ASSISTANCE_SONIFICATION Flags=0, token=2909812
05-22 21:43:31.165  2453  4093 W VibrationScaler: Got unexpected vibration intensity: 2000
05-22 21:43:31.165  2453  4093 E VibrationScaler: No configured scaling level! (current=2000, default= 2)
05-22 21:43:31.167  2453  2965 D VibrationThread: Perform OplusPrebakedSegment{mWaveformId=2, mDuration=45, mEffectStrength=2000, mDefaultUsage=TOUCH} on vibrator 0
05-22 21:43:31.233  2453  3093 D PowerManagerService: userActivityNoUpdateLocked: groupId=0, eventTime=55851275, event=touch, flags=0x0, uid=1000
05-22 21:43:31.269  2453  4093 D LinearmotorVibrator: vibrate: effect=WaveformEffect { 9aede86, effectType=1, effectStrength=-1, effectLoop=false, ringtoneVibrateType=-1, isRingtoneCustomized=false, ringtoneFilePath=, strengthSettingEnabled=true, asynchronous=true, usageHint=13 }
05-22 21:43:31.269  2453  4093 I VibratorManagerServiceExtImpl: vibrate is uid=1000, pid=2453, opPkg=android, effect=Mono{mEffect=Composed{segments=[OplusVibrationEffectSegment{mEffectId=1, mEffectStrength=-1, mRingtonePath=''}], repeat=-1}}, attributes=VibrationAttributes: Usage=TOUCH Audio Usage= USAGE_ASSISTANCE_SONIFICATION Flags=0, token=2909812
05-22 21:43:31.270  2453  4093 W VibrationScaler: Got unexpected vibration intensity: 2000
05-22 21:43:31.270  2453  4093 E VibrationScaler: No configured scaling level! (current=2000, default= 2)
05-22 21:43:31.272  2453  2965 D VibrationThread: Perform OplusPrebakedSegment{mWaveformId=2, mDuration=45, mEffectStrength=2000, mDefaultUsage=TOUCH} on vibrator 0
05-22 21:43:31.306  1896  1896 I wificond: Regulatory domain changed to country: IN on wiphy_index: 0
05-22 21:43:31.307  1896  1896 I wificond: UpdateBandInfo
05-22 21:43:31.312  1896  1896 I wificond: 2.4Ghz frequencies: 2412 2417 2422 2427 2432 2437 2442 2447 2452 2457 2462 2467 2472
05-22 21:43:31.312  1896  1896 I wificond: 5Ghz non-DFS frequencies: 5180 5200 5220 5240 5745 5765 5785 5805 5825 5845 5865
05-22 21:43:31.312  1896  1896 I wificond: 5Ghz DFS frequencies: 5260 5280 5300 5320 5500 5520 5540 5560 5580 5600 5620 5640 5660 5680 5700 5720
05-22 21:43:31.312  1896  1896 I wificond: 6Ghz frequencies:
05-22 21:43:31.312  1896  1896 I wificond: 60Ghz frequencies:
05-22 21:43:31.333  2453  3093 D PowerManagerService: userActivityNoUpdateLocked: groupId=0, eventTime=55851377, event=touch, flags=0x0, uid=1000
05-22 21:43:31.411  2453  4093 E BatteryStatsService: Invalid uid for waking network packet: -1
05-22 21:43:31.413  2453  4093 E BatteryStatsService: Invalid uid for waking network packet: -1
05-22 21:43:31.414  2453  4093 E BatteryStatsService: Invalid uid for waking network packet: -1
05-22 21:43:31.698  2453  3093 D PowerManagerService: userActivityNoUpdateLocked: groupId=0, eventTime=55851739, event=touch, flags=0x0, uid=1000
05-22 21:43:31.700  2453  4093 D LinearmotorVibrator: vibrate: effect=WaveformEffect { 8e5c347, effectType=1, effectStrength=-1, effectLoop=false, ringtoneVibrateType=-1, isRingtoneCustomized=false, ringtoneFilePath=, strengthSettingEnabled=true, asynchronous=true, usageHint=13 }
05-22 21:43:31.701  2453  4093 I VibratorManagerServiceExtImpl: vibrate is uid=1000, pid=2453, opPkg=android, effect=Mono{mEffect=Composed{segments=[OplusVibrationEffectSegment{mEffectId=1, mEffectStrength=-1, mRingtonePath=''}], repeat=-1}}, attributes=VibrationAttributes: Usage=TOUCH Audio Usage= USAGE_ASSISTANCE_SONIFICATION Flags=0, token=2909812
05-22 21:43:31.701  2453  4093 W VibrationScaler: Got unexpected vibration intensity: 2000
05-22 21:43:31.701  2453  4093 E VibrationScaler: No configured scaling level! (current=2000, default= 2)
05-22 21:43:31.703  2453  2965 D VibrationThread: Perform OplusPrebakedSegment{mWaveformId=2, mDuration=45, mEffectStrength=2000, mDefaultUsage=TOUCH} on vibrator 0
05-22 21:43:31.908  2453  3093 D PowerManagerService: userActivityNoUpdateLocked: groupId=0, eventTime=55851950, event=touch, flags=0x0, uid=1000
05-22 21:43:32.013  2453  3302 W PackageConfigPersister: App-specific configuration not found for packageName: com.whatsapp and userId: 0
05-22 21:43:32.043  2453  3239 V AlarmManager: set(PendingIntent{b3df774: PendingIntentRecord{fdbb0ce com.whatsapp broadcastIntent}}) : type=2 triggerAtTime=101358571 win=449999 tElapsed=101358571 maxElapsed=101808570 interval=0 flags=0x8 callingPackage=com.whatsapp listenerTag=null
05-22 21:43:32.259  2453  2559 I OplusSmartBrightnessController: deltaLux = 0.05007553, scale = 1.0234962
05-22 21:43:32.259  2453  2559 D OplusSmartBrightnessController: handleMessage MSG_LUX_CHANGED, mLux:33.899647 luxQueue=[33.877037, 33.877037, 33.877037, 33.877037, 33.877037, 33.877037, 33.924225, 33.924225, 33.924225, 33.924225, 33.924225]
05-22 21:43:32.990  2453  7992 D UsageStatsService: User[0] type=0 b=1716394238761 e=1716394412987 cb=1716365141558 ce=1716394412084 disk=0 all=61
05-22 21:43:33.470  2453  4111 W ProcessStats: Tracking association SourceState{d51295f com.google.android.gms.persistent/10108 BFgs #422236} whose proc state 4 is better than process ProcessState{64f883a com.google.android.gms/10108 pkg=com.google.android.gms} proc state 6 (79 skipped)
05-22 21:43:34.261  2453  2559 D OplusSmartBrightnessController: handleMessage MSG_LUX_CHANGED, mLux:36.236584 luxQueue=[36.236584, 36.236584, 36.236584, 36.236584, 36.236584, 36.236584]
05-22 21:43:35.660  2453  2559 D OplusSmartBrightnessController: handleMessage MSG_LUX_CHANGED, mLux:36.236584 luxQueue=[36.236584, 36.236584, 36.236584, 36.236584, 36.236584, 36.236584, 36.236584]
05-22 21:43:35.973  2453  3239 W ContextImpl: Calling a method in the system process without a qualified user: android.app.ContextImpl.sendBroadcastMultiplePermissions:1282 android.content.Context.sendBroadcastMultiplePermissions:2476 com.android.server.TelephonyRegistry.broadcastServiceStateChanged:3594 com.android.server.TelephonyRegistry.notifyServiceStateForPhoneId:1759 com.android.internal.telephony.ITelephonyRegistry$Stub.onTransact:534 
05-22 21:43:35.980  2453  3239 W ContextImpl: Calling a method in the system process without a qualified user: android.app.ContextImpl.sendBroadcastMultiplePermissions:1315 com.android.server.TelephonyRegistry.broadcastServiceStateChanged:3599 com.android.server.TelephonyRegistry.notifyServiceStateForPhoneId:1759 com.android.internal.telephony.ITelephonyRegistry$Stub.onTransact:534 android.os.Binder.execTransactInternal:1392 
05-22 21:43:35.984  2453  3239 W ContextImpl: Calling a method in the system process without a qualified user: android.app.ContextImpl.sendBroadcastMultiplePermissions:1315 com.android.server.TelephonyRegistry.broadcastServiceStateChanged:3608 com.android.server.TelephonyRegistry.notifyServiceStateForPhoneId:1759 com.android.internal.telephony.ITelephonyRegistry$Stub.onTransact:534 android.os.Binder.execTransactInternal:1392 
05-22 21:43:35.985  2453  3239 W ContextImpl: Calling a method in the system process without a qualified user: android.app.ContextImpl.sendBroadcastMultiplePermissions:1315 com.android.server.TelephonyRegistry.broadcastServiceStateChanged:3614 com.android.server.TelephonyRegistry.notifyServiceStateForPhoneId:1759 com.android.internal.telephony.ITelephonyRegistry$Stub.onTransact:534 android.os.Binder.execTransactInternal:1392 
05-22 21:43:35.996  2453  3239 D OplusCustomizeRestrictionManagerService: ismmsreceiveDisabled null
05-22 21:43:35.996  2453  4111 E OplusCustomizeRestrictionManagerService: getMobileDataMode error :s == null
05-22 21:43:36.041  2453  3239 W ContextImpl: Calling a method in the system process without a qualified user: android.app.ContextImpl.sendBroadcastMultiplePermissions:1282 android.content.Context.sendBroadcastMultiplePermissions:2476 com.android.server.TelephonyRegistry.broadcastServiceStateChanged:3594 com.android.server.TelephonyRegistry.notifyServiceStateForPhoneId:1759 com.android.internal.telephony.ITelephonyRegistry$Stub.onTransact:534 
05-22 21:43:36.045  2453  3239 W ContextImpl: Calling a method in the system process without a qualified user: android.app.ContextImpl.sendBroadcastMultiplePermissions:1315 com.android.server.TelephonyRegistry.broadcastServiceStateChanged:3599 com.android.server.TelephonyRegistry.notifyServiceStateForPhoneId:1759 com.android.internal.telephony.ITelephonyRegistry$Stub.onTransact:534 android.os.Binder.execTransactInternal:1392 
05-22 21:43:36.049  2453  3239 W ContextImpl: Calling a method in the system process without a qualified user: android.app.ContextImpl.sendBroadcastMultiplePermissions:1315 com.android.server.TelephonyRegistry.broadcastServiceStateChanged:3608 com.android.server.TelephonyRegistry.notifyServiceStateForPhoneId:1759 com.android.internal.telephony.ITelephonyRegistry$Stub.onTransact:534 android.os.Binder.execTransactInternal:1392 
05-22 21:43:36.050  2453  3239 W ContextImpl: Calling a method in the system process without a qualified user: android.app.ContextImpl.sendBroadcastMultiplePermissions:1315 com.android.server.TelephonyRegistry.broadcastServiceStateChanged:3614 com.android.server.TelephonyRegistry.notifyServiceStateForPhoneId:1759 com.android.internal.telephony.ITelephonyRegistry$Stub.onTransact:534 android.os.Binder.execTransactInternal:1392 
05-22 21:43:36.068  2453  4093 D OplusCustomizeRestrictionManagerService: ismmsreceiveDisabled null
05-22 21:43:36.068  2453  4093 E OplusCustomizeRestrictionManagerService: getMobileDataMode error :s == null
05-22 21:43:36.222  2453  4534 W ContextImpl: Calling a method in the system process without a qualified user: android.app.ContextImpl.sendBroadcastMultiplePermissions:1282 android.content.Context.sendBroadcastMultiplePermissions:2476 com.android.server.TelephonyRegistry.broadcastServiceStateChanged:3594 com.android.server.TelephonyRegistry.notifyServiceStateForPhoneId:1759 com.android.internal.telephony.ITelephonyRegistry$Stub.onTransact:534 
05-22 21:43:36.227  2453  4534 W ContextImpl: Calling a method in the system process without a qualified user: android.app.ContextImpl.sendBroadcastMultiplePermissions:1315 com.android.server.TelephonyRegistry.broadcastServiceStateChanged:3599 com.android.server.TelephonyRegistry.notifyServiceStateForPhoneId:1759 com.android.internal.telephony.ITelephonyRegistry$Stub.onTransact:534 android.os.Binder.execTransactInternal:1392 
05-22 21:43:36.232  2453  4534 W ContextImpl: Calling a method in the system process without a qualified user: android.app.ContextImpl.sendBroadcastMultiplePermissions:1315 com.android.server.TelephonyRegistry.broadcastServiceStateChanged:3608 com.android.server.TelephonyRegistry.notifyServiceStateForPhoneId:1759 com.android.internal.telephony.ITelephonyRegistry$Stub.onTransact:534 android.os.Binder.execTransactInternal:1392 
05-22 21:43:36.234  2453  4534 W ContextImpl: Calling a method in the system process without a qualified user: android.app.ContextImpl.sendBroadcastMultiplePermissions:1315 com.android.server.TelephonyRegistry.broadcastServiceStateChanged:3614 com.android.server.TelephonyRegistry.notifyServiceStateForPhoneId:1759 com.android.internal.telephony.ITelephonyRegistry$Stub.onTransact:534 android.os.Binder.execTransactInternal:1392 
05-22 21:43:36.251  2453  4534 D OplusCustomizeRestrictionManagerService: ismmsreceiveDisabled null
05-22 21:43:36.251  2453  4534 E OplusCustomizeRestrictionManagerService: getMobileDataMode error :s == null
05-22 21:43:36.508  2453  4534 W JobScheduler: Job didn't exist in JobStore: #com.whatsapp/125427
05-22 21:43:36.556  2453  3093 D PowerManagerService: userActivityNoUpdateLocked: groupId=0, eventTime=55856596, event=touch, flags=0x0, uid=1000
05-22 21:43:36.561  2453  3239 D LinearmotorVibrator: vibrate: effect=WaveformEffect { 2403dbe, effectType=1, effectStrength=-1, effectLoop=false, ringtoneVibrateType=-1, isRingtoneCustomized=false, ringtoneFilePath=, strengthSettingEnabled=true, asynchronous=true, usageHint=13 }
05-22 21:43:36.562  2453  3239 I VibratorManagerServiceExtImpl: vibrate is uid=1000, pid=2453, opPkg=android, effect=Mono{mEffect=Composed{segments=[OplusVibrationEffectSegment{mEffectId=1, mEffectStrength=-1, mRingtonePath=''}], repeat=-1}}, attributes=VibrationAttributes: Usage=TOUCH Audio Usage= USAGE_ASSISTANCE_SONIFICATION Flags=0, token=2909812
05-22 21:43:36.562  2453  3239 W VibrationScaler: Got unexpected vibration intensity: 2000
05-22 21:43:36.563  2453  3239 E VibrationScaler: No configured scaling level! (current=2000, default= 2)
05-22 21:43:36.564  2453  2965 D VibrationThread: Perform OplusPrebakedSegment{mWaveformId=2, mDuration=45, mEffectStrength=2000, mDefaultUsage=TOUCH} on vibrator 0
05-22 21:43:36.689  2453  3239 V AlarmManager: set(PendingIntent{71e5e1f: PendingIntentRecord{fdbb0ce com.whatsapp broadcastIntent}}) : type=2 triggerAtTime=101363216 win=449999 tElapsed=101363216 maxElapsed=101813215 interval=0 flags=0x8 callingPackage=com.whatsapp listenerTag=null
05-22 21:43:36.756  2453  3093 D PowerManagerService: userActivityNoUpdateLocked: groupId=0, eventTime=55856798, event=touch, flags=0x0, uid=1000
05-22 21:43:36.763  2453  3239 D LinearmotorVibrator: vibrate: effect=WaveformEffect { 18d5735, effectType=1, effectStrength=-1, effectLoop=false, ringtoneVibrateType=-1, isRingtoneCustomized=false, ringtoneFilePath=, strengthSettingEnabled=true, asynchronous=true, usageHint=13 }
05-22 21:43:36.763  2453  3239 I VibratorManagerServiceExtImpl: vibrate is uid=1000, pid=2453, opPkg=android, effect=Mono{mEffect=Composed{segments=[OplusVibrationEffectSegment{mEffectId=1, mEffectStrength=-1, mRingtonePath=''}], repeat=-1}}, attributes=VibrationAttributes: Usage=TOUCH Audio Usage= USAGE_ASSISTANCE_SONIFICATION Flags=0, token=2909812
05-22 21:43:36.764  2453  3239 W VibrationScaler: Got unexpected vibration intensity: 2000
05-22 21:43:36.764  2453  3239 E VibrationScaler: No configured scaling level! (current=2000, default= 2)
05-22 21:43:36.768  2453  2965 D VibrationThread: Perform OplusPrebakedSegment{mWaveformId=2, mDuration=45, mEffectStrength=2000, mDefaultUsage=TOUCH} on vibrator 0
05-22 21:43:36.856  2453  3093 D PowerManagerService: userActivityNoUpdateLocked: groupId=0, eventTime=55856899, event=touch, flags=0x0, uid=1000
05-22 21:43:36.892  2453  4534 D LinearmotorVibrator: vibrate: effect=WaveformEffect { 1be77ca, effectType=1, effectStrength=-1, effectLoop=false, ringtoneVibrateType=-1, isRingtoneCustomized=false, ringtoneFilePath=, strengthSettingEnabled=true, asynchronous=true, usageHint=13 }
05-22 21:43:36.892  2453  4534 I VibratorManagerServiceExtImpl: vibrate is uid=1000, pid=2453, opPkg=android, effect=Mono{mEffect=Composed{segments=[OplusVibrationEffectSegment{mEffectId=1, mEffectStrength=-1, mRingtonePath=''}], repeat=-1}}, attributes=VibrationAttributes: Usage=TOUCH Audio Usage= USAGE_ASSISTANCE_SONIFICATION Flags=0, token=2909812
05-22 21:43:36.892  2453  4534 W VibrationScaler: Got unexpected vibration intensity: 2000
05-22 21:43:36.892  2453  4534 E VibrationScaler: No configured scaling level! (current=2000, default= 2)
05-22 21:43:36.895  2453  2965 D VibrationThread: Perform OplusPrebakedSegment{mWaveformId=2, mDuration=45, mEffectStrength=2000, mDefaultUsage=TOUCH} on vibrator 0
05-22 21:43:36.964  2453  3093 D PowerManagerService: userActivityNoUpdateLocked: groupId=0, eventTime=55857008, event=touch, flags=0x0, uid=1000
05-22 21:43:36.987  2453  3302 D LinearmotorVibrator: vibrate: effect=WaveformEffect { 6d4bd3b, effectType=1, effectStrength=-1, effectLoop=false, ringtoneVibrateType=-1, isRingtoneCustomized=false, ringtoneFilePath=, strengthSettingEnabled=true, asynchronous=true, usageHint=13 }
05-22 21:43:36.988  2453  3302 I VibratorManagerServiceExtImpl: vibrate is uid=1000, pid=2453, opPkg=android, effect=Mono{mEffect=Composed{segments=[OplusVibrationEffectSegment{mEffectId=1, mEffectStrength=-1, mRingtonePath=''}], repeat=-1}}, attributes=VibrationAttributes: Usage=TOUCH Audio Usage= USAGE_ASSISTANCE_SONIFICATION Flags=0, token=2909812
05-22 21:43:36.989  2453  3302 W VibrationScaler: Got unexpected vibration intensity: 2000
05-22 21:43:36.989  2453  3302 E VibrationScaler: No configured scaling level! (current=2000, default= 2)
05-22 21:43:36.991  2453  2965 D VibrationThread: Perform OplusPrebakedSegment{mWaveformId=2, mDuration=45, mEffectStrength=2000, mDefaultUsage=TOUCH} on vibrator 0
05-22 21:43:37.236  1896  1896 I wificond: Regulatory domain changed to country: IN on wiphy_index: 0
05-22 21:43:37.237  1896  1896 I wificond: UpdateBandInfo
05-22 21:43:37.243  1896  1896 I wificond: 2.4Ghz frequencies: 2412 2417 2422 2427 2432 2437 2442 2447 2452 2457 2462 2467 2472
05-22 21:43:37.243  1896  1896 I wificond: 5Ghz non-DFS frequencies: 5180 5200 5220 5240 5745 5765 5785 5805 5825 5845 5865
05-22 21:43:37.243  1896  1896 I wificond: 5Ghz DFS frequencies: 5260 5280 5300 5320 5500 5520 5540 5560 5580 5600 5620 5640 5660 5680 5700 5720
05-22 21:43:37.243  1896  1896 I wificond: 6Ghz frequencies:
05-22 21:43:37.243  1896  1896 I wificond: 60Ghz frequencies:
05-22 21:43:37.473  2453  3093 D PowerManagerService: userActivityNoUpdateLocked: groupId=0, eventTime=55857515, event=touch, flags=0x0, uid=1000
05-22 21:43:37.479  2453  4093 D LinearmotorVibrator: vibrate: effect=WaveformEffect { debc58, effectType=1, effectStrength=-1, effectLoop=false, ringtoneVibrateType=-1, isRingtoneCustomized=false, ringtoneFilePath=, strengthSettingEnabled=true, asynchronous=true, usageHint=13 }
05-22 21:43:37.479  2453  4093 I VibratorManagerServiceExtImpl: vibrate is uid=1000, pid=2453, opPkg=android, effect=Mono{mEffect=Composed{segments=[OplusVibrationEffectSegment{mEffectId=1, mEffectStrength=-1, mRingtonePath=''}], repeat=-1}}, attributes=VibrationAttributes: Usage=TOUCH Audio Usage= USAGE_ASSISTANCE_SONIFICATION Flags=0, token=2909812
05-22 21:43:37.480  2453  4093 W VibrationScaler: Got unexpected vibration intensity: 2000
05-22 21:43:37.480  2453  4093 E VibrationScaler: No configured scaling level! (current=2000, default= 2)
05-22 21:43:37.482  2453  2965 D VibrationThread: Perform OplusPrebakedSegment{mWaveformId=2, mDuration=45, mEffectStrength=2000, mDefaultUsage=TOUCH} on vibrator 0
05-22 21:43:37.581  2453  3093 D PowerManagerService: userActivityNoUpdateLocked: groupId=0, eventTime=55857624, event=touch, flags=0x0, uid=1000
05-22 21:43:37.644  2453  3302 D LinearmotorVibrator: vibrate: effect=WaveformEffect { 4931b1, effectType=1, effectStrength=-1, effectLoop=false, ringtoneVibrateType=-1, isRingtoneCustomized=false, ringtoneFilePath=, strengthSettingEnabled=true, asynchronous=true, usageHint=13 }
05-22 21:43:37.645  2453  3302 I VibratorManagerServiceExtImpl: vibrate is uid=1000, pid=2453, opPkg=android, effect=Mono{mEffect=Composed{segments=[OplusVibrationEffectSegment{mEffectId=1, mEffectStrength=-1, mRingtonePath=''}], repeat=-1}}, attributes=VibrationAttributes: Usage=TOUCH Audio Usage= USAGE_ASSISTANCE_SONIFICATION Flags=0, token=2909812
05-22 21:43:37.645  2453  3302 W VibrationScaler: Got unexpected vibration intensity: 2000
05-22 21:43:37.645  2453  3302 E VibrationScaler: No configured scaling level! (current=2000, default= 2)
05-22 21:43:37.648  2453  2965 D VibrationThread: Perform OplusPrebakedSegment{mWaveformId=2, mDuration=45, mEffectStrength=2000, mDefaultUsage=TOUCH} on vibrator 0
05-22 21:43:37.690  2453  3093 D PowerManagerService: userActivityNoUpdateLocked: groupId=0, eventTime=55857734, event=touch, flags=0x0, uid=1000
05-22 21:43:37.844  2453  3093 D PowerManagerService: userActivityNoUpdateLocked: groupId=0, eventTime=55857886, event=touch, flags=0x0, uid=1000
05-22 21:43:37.848  2453  4093 D LinearmotorVibrator: vibrate: effect=WaveformEffect { c344696, effectType=1, effectStrength=-1, effectLoop=false, ringtoneVibrateType=-1, isRingtoneCustomized=false, ringtoneFilePath=, strengthSettingEnabled=true, asynchronous=true, usageHint=13 }
05-22 21:43:37.849  2453  4093 I VibratorManagerServiceExtImpl: vibrate is uid=1000, pid=2453, opPkg=android, effect=Mono{mEffect=Composed{segments=[OplusVibrationEffectSegment{mEffectId=1, mEffectStrength=-1, mRingtonePath=''}], repeat=-1}}, attributes=VibrationAttributes: Usage=TOUCH Audio Usage= USAGE_ASSISTANCE_SONIFICATION Flags=0, token=2909812
05-22 21:43:37.850  2453  4093 W VibrationScaler: Got unexpected vibration intensity: 2000
05-22 21:43:37.850  2453  4093 E VibrationScaler: No configured scaling level! (current=2000, default= 2)
05-22 21:43:37.852  2453  2965 D VibrationThread: Perform OplusPrebakedSegment{mWaveformId=2, mDuration=45, mEffectStrength=2000, mDefaultUsage=TOUCH} on vibrator 0
05-22 21:43:38.061  2453  2559 D OplusSmartBrightnessController: handleMessage MSG_LUX_CHANGED, mLux:32.234028 luxQueue=[31.706257, 31.706257, 32.272545, 32.272545, 32.55569, 32.55569, 32.55569]
05-22 21:43:38.434  2453  3093 D PowerManagerService: userActivityNoUpdateLocked: groupId=0, eventTime=55858476, event=touch, flags=0x0, uid=1000
05-22 21:43:38.439  2453  3302 D LinearmotorVibrator: vibrate: effect=WaveformEffect { dc7f217, effectType=1, effectStrength=-1, effectLoop=false, ringtoneVibrateType=-1, isRingtoneCustomized=false, ringtoneFilePath=, strengthSettingEnabled=true, asynchronous=true, usageHint=13 }
05-22 21:43:38.443  2453  3302 I VibratorManagerServiceExtImpl: vibrate is uid=1000, pid=2453, opPkg=android, effect=Mono{mEffect=Composed{segments=[OplusVibrationEffectSegment{mEffectId=1, mEffectStrength=-1, mRingtonePath=''}], repeat=-1}}, attributes=VibrationAttributes: Usage=TOUCH Audio Usage= USAGE_ASSISTANCE_SONIFICATION Flags=0, token=2909812
05-22 21:43:38.443  2453  3302 W VibrationScaler: Got unexpected vibration intensity: 2000
05-22 21:43:38.443  2453  3302 E VibrationScaler: No configured scaling level! (current=2000, default= 2)
05-22 21:43:38.445  2453  2965 D VibrationThread: Perform OplusPrebakedSegment{mWaveformId=2, mDuration=45, mEffectStrength=2000, mDefaultUsage=TOUCH} on vibrator 0
05-22 21:43:38.534  2453  3093 D PowerManagerService: userActivityNoUpdateLocked: groupId=0, eventTime=55858576, event=touch, flags=0x0, uid=1000
05-22 21:43:38.622  2453  3302 D LinearmotorVibrator: vibrate: effect=WaveformEffect { eaf4604, effectType=1, effectStrength=-1, effectLoop=false, ringtoneVibrateType=-1, isRingtoneCustomized=false, ringtoneFilePath=, strengthSettingEnabled=true, asynchronous=true, usageHint=13 }
05-22 21:43:38.622  2453  3302 I VibratorManagerServiceExtImpl: vibrate is uid=1000, pid=2453, opPkg=android, effect=Mono{mEffect=Composed{segments=[OplusVibrationEffectSegment{mEffectId=1, mEffectStrength=-1, mRingtonePath=''}], repeat=-1}}, attributes=VibrationAttributes: Usage=TOUCH Audio Usage= USAGE_ASSISTANCE_SONIFICATION Flags=0, token=2909812
05-22 21:43:38.623  2453  3302 W VibrationScaler: Got unexpected vibration intensity: 2000
05-22 21:43:38.623  2453  3302 E VibrationScaler: No configured scaling level! (current=2000, default= 2)
05-22 21:43:38.624  2453  2965 D VibrationThread: Perform OplusPrebakedSegment{mWaveformId=2, mDuration=45, mEffectStrength=2000, mDefaultUsage=TOUCH} on vibrator 0
05-22 21:43:38.634  2453  3093 D PowerManagerService: userActivityNoUpdateLocked: groupId=0, eventTime=55858678, event=touch, flags=0x0, uid=1000
05-22 21:43:38.744  2453  5448 I ActivityManager: Process com.heytap.mcs.appservice (pid 31556) has died: cch+5 CEM 
05-22 21:43:38.848  2453  3093 D PowerManagerService: userActivityNoUpdateLocked: groupId=0, eventTime=55858889, event=touch, flags=0x0, uid=1000
05-22 21:43:38.850  2453  3302 D LinearmotorVibrator: vibrate: effect=WaveformEffect { 663622, effectType=1, effectStrength=-1, effectLoop=false, ringtoneVibrateType=-1, isRingtoneCustomized=false, ringtoneFilePath=, strengthSettingEnabled=true, asynchronous=true, usageHint=13 }
05-22 21:43:38.850  2453  3302 I VibratorManagerServiceExtImpl: vibrate is uid=1000, pid=2453, opPkg=android, effect=Mono{mEffect=Composed{segments=[OplusVibrationEffectSegment{mEffectId=1, mEffectStrength=-1, mRingtonePath=''}], repeat=-1}}, attributes=VibrationAttributes: Usage=TOUCH Audio Usage= USAGE_ASSISTANCE_SONIFICATION Flags=0, token=2909812
05-22 21:43:38.851  2453  3302 W VibrationScaler: Got unexpected vibration intensity: 2000
05-22 21:43:38.851  2453  3302 E VibrationScaler: No configured scaling level! (current=2000, default= 2)
05-22 21:43:38.853  2453  2965 D VibrationThread: Perform OplusPrebakedSegment{mWaveformId=2, mDuration=45, mEffectStrength=2000, mDefaultUsage=TOUCH} on vibrator 0
05-22 21:43:39.060  2453  2559 D OplusSmartBrightnessController: handleMessage MSG_LUX_CHANGED, mLux:32.974987 luxQueue=[32.55569, 32.948948, 32.948948, 33.2085, 33.2085]
05-22 21:43:39.733  2453  3093 D PowerManagerService: userActivityNoUpdateLocked: groupId=0, eventTime=55859776, event=touch, flags=0x0, uid=1000
05-22 21:43:39.737  2453  4111 D LinearmotorVibrator: vibrate: effect=WaveformEffect { 4f98b3, effectType=1, effectStrength=-1, effectLoop=false, ringtoneVibrateType=-1, isRingtoneCustomized=false, ringtoneFilePath=, strengthSettingEnabled=true, asynchronous=true, usageHint=13 }
05-22 21:43:39.737  2453  4111 I VibratorManagerServiceExtImpl: vibrate is uid=1000, pid=2453, opPkg=android, effect=Mono{mEffect=Composed{segments=[OplusVibrationEffectSegment{mEffectId=1, mEffectStrength=-1, mRingtonePath=''}], repeat=-1}}, attributes=VibrationAttributes: Usage=TOUCH Audio Usage= USAGE_ASSISTANCE_SONIFICATION Flags=0, token=2909812
05-22 21:43:39.738  2453  4111 W VibrationScaler: Got unexpected vibration intensity: 2000
05-22 21:43:39.738  2453  4111 E VibrationScaler: No configured scaling level! (current=2000, default= 2)
