05-22 21:43:58.004  2453  3302 D LinearmotorVibrator: vibrate: effect=WaveformEffect { 1ff34db, effectType=1, effectStrength=-1, effectLoop=false, ringtoneVibrateType=-1, isRingtoneCustomized=false, ringtoneFilePath=, strengthSettingEnabled=true, asynchronous=true, usageHint=13 }
05-22 21:43:58.004  2453  3302 I VibratorManagerServiceExtImpl: vibrate is uid=1000, pid=2453, opPkg=android, effect=Mono{mEffect=Composed{segments=[OplusVibrationEffectSegment{mEffectId=1, mEffectStrength=-1, mRingtonePath=''}], repeat=-1}}, attributes=VibrationAttributes: Usage=TOUCH Audio Usage= USAGE_ASSISTANCE_SONIFICATION Flags=0, token=2909812
05-22 21:43:58.005  2453  3302 W VibrationScaler: Got unexpected vibration intensity: 2000
05-22 21:43:58.005  2453  3302 E VibrationScaler: No configured scaling level! (current=2000, default= 2)
05-22 21:43:58.007  2453  2965 D VibrationThread: Perform OplusPrebakedSegment{mWaveformId=2, mDuration=45, mEffectStrength=2000, mDefaultUsage=TOUCH} on vibrator 0
05-22 21:43:58.059  2453  2559 I OplusSmartBrightnessController: deltaLux = 3.8146973E-6, scale = 1.0
05-22 21:43:58.060  2453  2559 D OplusSmartBrightnessController: handleMessage MSG_LUX_CHANGED, mLux:33.957436 luxQueue=[33.95744, 33.95744, 33.95744, 33.95744, 33.95744, 33.95744, 33.95744, 33.95744, 33.95744, 33.95744, 33.95744]
05-22 21:43:58.802  2453  3093 D PowerManagerService: userActivityNoUpdateLocked: groupId=0, eventTime=55878844, event=touch, flags=0x0, uid=1000
05-22 21:43:58.807  2453  4093 D LinearmotorVibrator: vibrate: effect=WaveformEffect { 8266b78, effectType=1, effectStrength=-1, effectLoop=false, ringtoneVibrateType=-1, isRingtoneCustomized=false, ringtoneFilePath=, strengthSettingEnabled=true, asynchronous=true, usageHint=13 }
05-22 21:43:58.808  2453  4093 I VibratorManagerServiceExtImpl: vibrate is uid=1000, pid=2453, opPkg=android, effect=Mono{mEffect=Composed{segments=[OplusVibrationEffectSegment{mEffectId=1, mEffectStrength=-1, mRingtonePath=''}], repeat=-1}}, attributes=VibrationAttributes: Usage=TOUCH Audio Usage= USAGE_ASSISTANCE_SONIFICATION Flags=0, token=2909812
05-22 21:43:58.809  2453  4093 W VibrationScaler: Got unexpected vibration intensity: 2000
05-22 21:43:58.809  2453  4093 E VibrationScaler: No configured scaling level! (current=2000, default= 2)
05-22 21:43:58.811  2453  2965 D VibrationThread: Perform OplusPrebakedSegment{mWaveformId=2, mDuration=45, mEffectStrength=2000, mDefaultUsage=TOUCH} on vibrator 0
05-22 21:43:58.900  2453  3093 D PowerManagerService: userActivityNoUpdateLocked: groupId=0, eventTime=55878944, event=touch, flags=0x0, uid=1000
05-22 21:43:59.060  2453  2559 D OplusSmartBrightnessController: handleMessage MSG_LUX_CHANGED, mLux:33.95744 luxQueue=[33.95744, 33.95744, 33.95744, 33.95744, 33.95744]
05-22 21:43:59.358  2453  3093 D PowerManagerService: userActivityNoUpdateLocked: groupId=0, eventTime=55879400, event=touch, flags=0x0, uid=1000
05-22 21:43:59.363  2453  3302 D LinearmotorVibrator: vibrate: effect=WaveformEffect { 3ea8251, effectType=1, effectStrength=-1, effectLoop=false, ringtoneVibrateType=-1, isRingtoneCustomized=false, ringtoneFilePath=, strengthSettingEnabled=true, asynchronous=true, usageHint=13 }
05-22 21:43:59.364  2453  3302 I VibratorManagerServiceExtImpl: vibrate is uid=1000, pid=2453, opPkg=android, effect=Mono{mEffect=Composed{segments=[OplusVibrationEffectSegment{mEffectId=1, mEffectStrength=-1, mRingtonePath=''}], repeat=-1}}, attributes=VibrationAttributes: Usage=TOUCH Audio Usage= USAGE_ASSISTANCE_SONIFICATION Flags=0, token=2909812
05-22 21:43:59.364  2453  3302 W VibrationScaler: Got unexpected vibration intensity: 2000
05-22 21:43:59.365  2453  3302 E VibrationScaler: No configured scaling level! (current=2000, default= 2)
05-22 21:43:59.366  2453  2965 D VibrationThread: Perform OplusPrebakedSegment{mWaveformId=2, mDuration=45, mEffectStrength=2000, mDefaultUsage=TOUCH} on vibrator 0
05-22 21:43:59.467  2453  3093 D PowerManagerService: userActivityNoUpdateLocked: groupId=0, eventTime=55879509, event=touch, flags=0x0, uid=1000
05-22 21:43:59.653  2453  3093 D PowerManagerService: userActivityNoUpdateLocked: groupId=0, eventTime=55879695, event=touch, flags=0x0, uid=1000
05-22 21:43:59.655  2453  3302 D LinearmotorVibrator: vibrate: effect=WaveformEffect { a345ab6, effectType=1, effectStrength=-1, effectLoop=false, ringtoneVibrateType=-1, isRingtoneCustomized=false, ringtoneFilePath=, strengthSettingEnabled=true, asynchronous=true, usageHint=13 }
05-22 21:43:59.656  2453  3302 I VibratorManagerServiceExtImpl: vibrate is uid=1000, pid=2453, opPkg=android, effect=Mono{mEffect=Composed{segments=[OplusVibrationEffectSegment{mEffectId=1, mEffectStrength=-1, mRingtonePath=''}], repeat=-1}}, attributes=VibrationAttributes: Usage=TOUCH Audio Usage= USAGE_ASSISTANCE_SONIFICATION Flags=0, token=2909812
05-22 21:43:59.656  2453  3302 W VibrationScaler: Got unexpected vibration intensity: 2000
05-22 21:43:59.656  2453  3302 E VibrationScaler: No configured scaling level! (current=2000, default= 2)
05-22 21:43:59.659  2453  2965 D VibrationThread: Perform OplusPrebakedSegment{mWaveformId=2, mDuration=45, mEffectStrength=2000, mDefaultUsage=TOUCH} on vibrator 0
05-22 21:43:59.737  2453  3302 D LinearmotorVibrator: vibrate: effect=WaveformEffect { ab243b7, effectType=1, effectStrength=-1, effectLoop=false, ringtoneVibrateType=-1, isRingtoneCustomized=false, ringtoneFilePath=, strengthSettingEnabled=true, asynchronous=true, usageHint=13 }
05-22 21:43:59.738  2453  3302 I VibratorManagerServiceExtImpl: vibrate is uid=1000, pid=2453, opPkg=android, effect=Mono{mEffect=Composed{segments=[OplusVibrationEffectSegment{mEffectId=1, mEffectStrength=-1, mRingtonePath=''}], repeat=-1}}, attributes=VibrationAttributes: Usage=TOUCH Audio Usage= USAGE_ASSISTANCE_SONIFICATION Flags=0, token=2909812
05-22 21:43:59.738  2453  3302 W VibrationScaler: Got unexpected vibration intensity: 2000
05-22 21:43:59.739  2453  3302 E VibrationScaler: No configured scaling level! (current=2000, default= 2)
05-22 21:43:59.741  2453  2965 D VibrationThread: Perform OplusPrebakedSegment{mWaveformId=2, mDuration=45, mEffectStrength=2000, mDefaultUsage=TOUCH} on vibrator 0
05-22 21:43:59.752  2453  3093 D PowerManagerService: userActivityNoUpdateLocked: groupId=0, eventTime=55879796, event=touch, flags=0x0, uid=1000
05-22 21:43:59.853  2453  3093 D PowerManagerService: userActivityNoUpdateLocked: groupId=0, eventTime=55879896, event=touch, flags=0x0, uid=1000
05-22 21:43:59.899  2453  3302 D LinearmotorVibrator: vibrate: effect=WaveformEffect { 512c724, effectType=1, effectStrength=-1, effectLoop=false, ringtoneVibrateType=-1, isRingtoneCustomized=false, ringtoneFilePath=, strengthSettingEnabled=true, asynchronous=true, usageHint=13 }
05-22 21:43:59.900  2453  3302 I VibratorManagerServiceExtImpl: vibrate is uid=1000, pid=2453, opPkg=android, effect=Mono{mEffect=Composed{segments=[OplusVibrationEffectSegment{mEffectId=1, mEffectStrength=-1, mRingtonePath=''}], repeat=-1}}, attributes=VibrationAttributes: Usage=TOUCH Audio Usage= USAGE_ASSISTANCE_SONIFICATION Flags=0, token=2909812
05-22 21:43:59.900  2453  3302 W VibrationScaler: Got unexpected vibration intensity: 2000
05-22 21:43:59.900  2453  3302 E VibrationScaler: No configured scaling level! (current=2000, default= 2)
05-22 21:43:59.903  2453  2965 D VibrationThread: Perform OplusPrebakedSegment{mWaveformId=2, mDuration=45, mEffectStrength=2000, mDefaultUsage=TOUCH} on vibrator 0
05-22 21:43:59.972  2453  3093 D PowerManagerService: userActivityNoUpdateLocked: groupId=0, eventTime=55880015, event=touch, flags=0x0, uid=1000
05-22 21:44:00.000  2453  2970 V AlarmManager: Checking for alarms... rtc=1716394439999, elapsed=100786528, nextNoWakeup = 101896529, PendingNonWakeupAlarmsSize = 0, result = 0x8, hasPendingIdle = false
05-22 21:44:00.000  2453  2970 V AlarmManager: Triggering alarm #0: Alarm{b83f28d type 3 origWhen 100786528 whenElapsed 100786528 android} uid 1000 whenElapsed 100786528 windowLength 0 maxWhenElapsed 100786528 repeatInterval 0 action null component null tag TIME_TICK flags 0x9 procName system_server
05-22 21:44:00.000  2453  2970 V AlarmManager: sending alarm Alarm{b83f28d type 3 origWhen 100786528 whenElapsed 100786528 android} uid 1000 whenElapsed 100786528 windowLength 0 maxWhenElapsed 100786528 repeatInterval 0 action null component null tag TIME_TICK flags 0x9 procName system_server
05-22 21:44:00.000  2453  2970 V AlarmManager: Alarm to uid=1000 listener=com.android.server.alarm.AlarmManagerService$3@23f812e
05-22 21:44:00.000  2453  2970 V AlarmManager: Received TIME_TICK alarm; rescheduling
05-22 21:44:00.001  2453  2970 V AlarmManager: set(null) : type=3 triggerAtTime=100846529 win=0 tElapsed=100846529 maxElapsed=100846529 interval=0 flags=0x9 callingPackage=android listenerTag=TIME_TICK
05-22 21:44:00.006  2453  2970 D AlarmManager: mBroadcastRefCount -> 1
05-22 21:44:00.012  2453  2453 I AlarmManager: alarmComplete() from com.android.server.alarm.AlarmManagerService$3@23f812e
05-22 21:44:00.012  2453  2453 D AlarmManager: mBroadcastRefCount -> 0
05-22 21:44:00.069  2453  3302 E OplusCustomizeRestrictionManagerService: isBiometricDisabled start
05-22 21:44:00.091  2453  3093 D PowerManagerService: userActivityNoUpdateLocked: groupId=0, eventTime=55880134, event=touch, flags=0x0, uid=1000
05-22 21:44:00.093  2453  3302 D LinearmotorVibrator: vibrate: effect=WaveformEffect { 615d6bc, effectType=1, effectStrength=-1, effectLoop=false, ringtoneVibrateType=-1, isRingtoneCustomized=false, ringtoneFilePath=, strengthSettingEnabled=true, asynchronous=true, usageHint=13 }
05-22 21:44:00.094  2453  3302 I VibratorManagerServiceExtImpl: vibrate is uid=1000, pid=2453, opPkg=android, effect=Mono{mEffect=Composed{segments=[OplusVibrationEffectSegment{mEffectId=1, mEffectStrength=-1, mRingtonePath=''}], repeat=-1}}, attributes=VibrationAttributes: Usage=TOUCH Audio Usage= USAGE_ASSISTANCE_SONIFICATION Flags=0, token=2909812
05-22 21:44:00.094  2453  3302 W VibrationScaler: Got unexpected vibration intensity: 2000
05-22 21:44:00.094  2453  3302 E VibrationScaler: No configured scaling level! (current=2000, default= 2)
05-22 21:44:00.096  2453  2965 D VibrationThread: Perform OplusPrebakedSegment{mWaveformId=2, mDuration=45, mEffectStrength=2000, mDefaultUsage=TOUCH} on vibrator 0
05-22 21:44:00.295  2453  3093 D PowerManagerService: userActivityNoUpdateLocked: groupId=0, eventTime=55880336, event=touch, flags=0x0, uid=1000
05-22 21:44:00.299  2453  3302 D LinearmotorVibrator: vibrate: effect=WaveformEffect { f6419a, effectType=1, effectStrength=-1, effectLoop=false, ringtoneVibrateType=-1, isRingtoneCustomized=false, ringtoneFilePath=, strengthSettingEnabled=true, asynchronous=true, usageHint=13 }
05-22 21:44:00.300  2453  3302 I VibratorManagerServiceExtImpl: vibrate is uid=1000, pid=2453, opPkg=android, effect=Mono{mEffect=Composed{segments=[OplusVibrationEffectSegment{mEffectId=1, mEffectStrength=-1, mRingtonePath=''}], repeat=-1}}, attributes=VibrationAttributes: Usage=TOUCH Audio Usage= USAGE_ASSISTANCE_SONIFICATION Flags=0, token=2909812
05-22 21:44:00.300  2453  3302 W VibrationScaler: Got unexpected vibration intensity: 2000
05-22 21:44:00.300  2453  3302 E VibrationScaler: No configured scaling level! (current=2000, default= 2)
05-22 21:44:00.302  2453  2965 D VibrationThread: Perform OplusPrebakedSegment{mWaveformId=2, mDuration=45, mEffectStrength=2000, mDefaultUsage=TOUCH} on vibrator 0
05-22 21:44:00.479  2453  3093 D PowerManagerService: userActivityNoUpdateLocked: groupId=0, eventTime=55880521, event=touch, flags=0x0, uid=1000
05-22 21:44:00.482  2453  4093 D LinearmotorVibrator: vibrate: effect=WaveformEffect { 7f30acb, effectType=1, effectStrength=-1, effectLoop=false, ringtoneVibrateType=-1, isRingtoneCustomized=false, ringtoneFilePath=, strengthSettingEnabled=true, asynchronous=true, usageHint=13 }
05-22 21:44:00.483  2453  4093 I VibratorManagerServiceExtImpl: vibrate is uid=1000, pid=2453, opPkg=android, effect=Mono{mEffect=Composed{segments=[OplusVibrationEffectSegment{mEffectId=1, mEffectStrength=-1, mRingtonePath=''}], repeat=-1}}, attributes=VibrationAttributes: Usage=TOUCH Audio Usage= USAGE_ASSISTANCE_SONIFICATION Flags=0, token=2909812
05-22 21:44:00.484  2453  4093 W VibrationScaler: Got unexpected vibration intensity: 2000
05-22 21:44:00.484  2453  4093 E VibrationScaler: No configured scaling level! (current=2000, default= 2)
05-22 21:44:00.486  2453  2965 D VibrationThread: Perform OplusPrebakedSegment{mWaveformId=2, mDuration=45, mEffectStrength=2000, mDefaultUsage=TOUCH} on vibrator 0
05-22 21:44:00.507  2453  4093 E OplusCustomizeRestrictionManagerService: isBiometricDisabled start
05-22 21:44:00.681  2453  3093 D PowerManagerService: userActivityNoUpdateLocked: groupId=0, eventTime=55880723, event=touch, flags=0x0, uid=1000
05-22 21:44:00.687  2453  3302 D LinearmotorVibrator: vibrate: effect=WaveformEffect { 6e6dd66, effectType=1, effectStrength=-1, effectLoop=false, ringtoneVibrateType=-1, isRingtoneCustomized=false, ringtoneFilePath=, strengthSettingEnabled=true, asynchronous=true, usageHint=13 }
05-22 21:44:00.687  2453  3302 I VibratorManagerServiceExtImpl: vibrate is uid=1000, pid=2453, opPkg=android, effect=Mono{mEffect=Composed{segments=[OplusVibrationEffectSegment{mEffectId=1, mEffectStrength=-1, mRingtonePath=''}], repeat=-1}}, attributes=VibrationAttributes: Usage=TOUCH Audio Usage= USAGE_ASSISTANCE_SONIFICATION Flags=0, token=2909812
05-22 21:44:00.688  2453  3302 W VibrationScaler: Got unexpected vibration intensity: 2000
05-22 21:44:00.688  2453  3302 E VibrationScaler: No configured scaling level! (current=2000, default= 2)
05-22 21:44:00.691  2453  2965 D VibrationThread: Perform OplusPrebakedSegment{mWaveformId=2, mDuration=45, mEffectStrength=2000, mDefaultUsage=TOUCH} on vibrator 0
05-22 21:44:00.849  2453  3093 D PowerManagerService: userActivityNoUpdateLocked: groupId=0, eventTime=55880892, event=touch, flags=0x0, uid=1000
05-22 21:44:00.851  2453  4093 D LinearmotorVibrator: vibrate: effect=WaveformEffect { 315c7f9, effectType=1, effectStrength=-1, effectLoop=false, ringtoneVibrateType=-1, isRingtoneCustomized=false, ringtoneFilePath=, strengthSettingEnabled=true, asynchronous=true, usageHint=13 }
05-22 21:44:00.852  2453  4093 I VibratorManagerServiceExtImpl: vibrate is uid=1000, pid=2453, opPkg=android, effect=Mono{mEffect=Composed{segments=[OplusVibrationEffectSegment{mEffectId=1, mEffectStrength=-1, mRingtonePath=''}], repeat=-1}}, attributes=VibrationAttributes: Usage=TOUCH Audio Usage= USAGE_ASSISTANCE_SONIFICATION Flags=0, token=2909812
05-22 21:44:00.853  2453  4093 W VibrationScaler: Got unexpected vibration intensity: 2000
05-22 21:44:00.853  2453  4093 E VibrationScaler: No configured scaling level! (current=2000, default= 2)
05-22 21:44:00.855  2453  2965 D VibrationThread: Perform OplusPrebakedSegment{mWaveformId=2, mDuration=45, mEffectStrength=2000, mDefaultUsage=TOUCH} on vibrator 0
05-22 21:44:01.018  2453  3093 D PowerManagerService: userActivityNoUpdateLocked: groupId=0, eventTime=55881061, event=touch, flags=0x0, uid=1000
05-22 21:44:01.023  2453  3302 D LinearmotorVibrator: vibrate: effect=WaveformEffect { fa8e59f, effectType=1, effectStrength=-1, effectLoop=false, ringtoneVibrateType=-1, isRingtoneCustomized=false, ringtoneFilePath=, strengthSettingEnabled=true, asynchronous=true, usageHint=13 }
05-22 21:44:01.023  2453  3302 I VibratorManagerServiceExtImpl: vibrate is uid=1000, pid=2453, opPkg=android, effect=Mono{mEffect=Composed{segments=[OplusVibrationEffectSegment{mEffectId=1, mEffectStrength=-1, mRingtonePath=''}], repeat=-1}}, attributes=VibrationAttributes: Usage=TOUCH Audio Usage= USAGE_ASSISTANCE_SONIFICATION Flags=0, token=2909812
05-22 21:44:01.024  2453  3302 W VibrationScaler: Got unexpected vibration intensity: 2000
05-22 21:44:01.024  2453  3302 E VibrationScaler: No configured scaling level! (current=2000, default= 2)
05-22 21:44:01.026  2453  2965 D VibrationThread: Perform OplusPrebakedSegment{mWaveformId=2, mDuration=45, mEffectStrength=2000, mDefaultUsage=TOUCH} on vibrator 0
05-22 21:44:01.049  2453  2764 W ProcessStats: Tracking association SourceState{fb78e29 system/1000 BFgs #422274} whose proc state 4 is better than process ProcessState{edbda4e com.oplus.securitypermission/1000 pkg=com.oplus.securitypermission} proc state 8 (6 skipped)
05-22 21:44:01.109  2453  3302 D LinearmotorVibrator: vibrate: effect=WaveformEffect { 6e1eab5, effectType=1, effectStrength=-1, effectLoop=false, ringtoneVibrateType=-1, isRingtoneCustomized=false, ringtoneFilePath=, strengthSettingEnabled=true, asynchronous=true, usageHint=13 }
05-22 21:44:01.112  2453  3302 I VibratorManagerServiceExtImpl: vibrate is uid=1000, pid=2453, opPkg=android, effect=Mono{mEffect=Composed{segments=[OplusVibrationEffectSegment{mEffectId=1, mEffectStrength=-1, mRingtonePath=''}], repeat=-1}}, attributes=VibrationAttributes: Usage=TOUCH Audio Usage= USAGE_ASSISTANCE_SONIFICATION Flags=0, token=2909812
05-22 21:44:01.113  2453  3302 W VibrationScaler: Got unexpected vibration intensity: 2000
05-22 21:44:01.113  2453  3302 E VibrationScaler: No configured scaling level! (current=2000, default= 2)
05-22 21:44:01.119  2453  3093 D PowerManagerService: userActivityNoUpdateLocked: groupId=0, eventTime=55881162, event=touch, flags=0x0, uid=1000
05-22 21:44:01.129  2453  2965 D VibrationThread: Perform OplusPrebakedSegment{mWaveformId=2, mDuration=45, mEffectStrength=2000, mDefaultUsage=TOUCH} on vibrator 0
05-22 21:44:01.222  2453  3093 D PowerManagerService: userActivityNoUpdateLocked: groupId=0, eventTime=55881264, event=touch, flags=0x0, uid=1000
05-22 21:44:01.225  2453  3302 D LinearmotorVibrator: vibrate: effect=WaveformEffect { b2454a, effectType=1, effectStrength=-1, effectLoop=false, ringtoneVibrateType=-1, isRingtoneCustomized=false, ringtoneFilePath=, strengthSettingEnabled=true, asynchronous=true, usageHint=13 }
05-22 21:44:01.225  2453  3302 I VibratorManagerServiceExtImpl: vibrate is uid=1000, pid=2453, opPkg=android, effect=Mono{mEffect=Composed{segments=[OplusVibrationEffectSegment{mEffectId=1, mEffectStrength=-1, mRingtonePath=''}], repeat=-1}}, attributes=VibrationAttributes: Usage=TOUCH Audio Usage= USAGE_ASSISTANCE_SONIFICATION Flags=0, token=2909812
05-22 21:44:01.226  2453  3302 W VibrationScaler: Got unexpected vibration intensity: 2000
05-22 21:44:01.226  2453  3302 E VibrationScaler: No configured scaling level! (current=2000, default= 2)
05-22 21:44:01.229  2453  2965 D VibrationThread: Perform OplusPrebakedSegment{mWaveformId=2, mDuration=45, mEffectStrength=2000, mDefaultUsage=TOUCH} on vibrator 0
05-22 21:44:01.260  2453  2559 I OplusSmartBrightnessController: deltaLux = 3.8146973E-6, scale = 1.0
05-22 21:44:01.260  2453  2559 D OplusSmartBrightnessController: handleMessage MSG_LUX_CHANGED, mLux:33.957436 luxQueue=[33.95744, 33.95744, 33.95744, 33.95744, 33.95744, 33.95744, 33.95744, 33.95744, 33.95744, 33.95744, 33.95744]
05-22 21:44:01.416  2453  3093 D PowerManagerService: userActivityNoUpdateLocked: groupId=0, eventTime=55881458, event=touch, flags=0x0, uid=1000
05-22 21:44:01.422  2453  3302 D LinearmotorVibrator: vibrate: effect=WaveformEffect { e403cbb, effectType=1, effectStrength=-1, effectLoop=false, ringtoneVibrateType=-1, isRingtoneCustomized=false, ringtoneFilePath=, strengthSettingEnabled=true, asynchronous=true, usageHint=13 }
05-22 21:44:01.422  2453  3302 I VibratorManagerServiceExtImpl: vibrate is uid=1000, pid=2453, opPkg=android, effect=Mono{mEffect=Composed{segments=[OplusVibrationEffectSegment{mEffectId=1, mEffectStrength=-1, mRingtonePath=''}], repeat=-1}}, attributes=VibrationAttributes: Usage=TOUCH Audio Usage= USAGE_ASSISTANCE_SONIFICATION Flags=0, token=2909812
05-22 21:44:01.422  2453  3302 W VibrationScaler: Got unexpected vibration intensity: 2000
05-22 21:44:01.422  2453  3302 E VibrationScaler: No configured scaling level! (current=2000, default= 2)
05-22 21:44:01.425  2453  2965 D VibrationThread: Perform OplusPrebakedSegment{mWaveformId=2, mDuration=45, mEffectStrength=2000, mDefaultUsage=TOUCH} on vibrator 0
05-22 21:44:01.593  2453  3093 D PowerManagerService: userActivityNoUpdateLocked: groupId=0, eventTime=55881634, event=touch, flags=0x0, uid=1000
05-22 21:44:01.597  2453  3302 D LinearmotorVibrator: vibrate: effect=WaveformEffect { 5137d31, effectType=1, effectStrength=-1, effectLoop=false, ringtoneVibrateType=-1, isRingtoneCustomized=false, ringtoneFilePath=, strengthSettingEnabled=true, asynchronous=true, usageHint=13 }
05-22 21:44:01.598  2453  3302 I VibratorManagerServiceExtImpl: vibrate is uid=1000, pid=2453, opPkg=android, effect=Mono{mEffect=Composed{segments=[OplusVibrationEffectSegment{mEffectId=1, mEffectStrength=-1, mRingtonePath=''}], repeat=-1}}, attributes=VibrationAttributes: Usage=TOUCH Audio Usage= USAGE_ASSISTANCE_SONIFICATION Flags=0, token=2909812
05-22 21:44:01.598  2453  3302 W VibrationScaler: Got unexpected vibration intensity: 2000
05-22 21:44:01.598  2453  3302 E VibrationScaler: No configured scaling level! (current=2000, default= 2)
05-22 21:44:01.600  2453  2965 D VibrationThread: Perform OplusPrebakedSegment{mWaveformId=2, mDuration=45, mEffectStrength=2000, mDefaultUsage=TOUCH} on vibrator 0
05-22 21:44:01.692  2453  3093 D PowerManagerService: userActivityNoUpdateLocked: groupId=0, eventTime=55881735, event=touch, flags=0x0, uid=1000
05-22 21:44:01.701  2453  3302 D LinearmotorVibrator: vibrate: effect=WaveformEffect { e576c16, effectType=1, effectStrength=-1, effectLoop=false, ringtoneVibrateType=-1, isRingtoneCustomized=false, ringtoneFilePath=, strengthSettingEnabled=true, asynchronous=true, usageHint=13 }
05-22 21:44:01.701  2453  3302 I VibratorManagerServiceExtImpl: vibrate is uid=1000, pid=2453, opPkg=android, effect=Mono{mEffect=Composed{segments=[OplusVibrationEffectSegment{mEffectId=1, mEffectStrength=-1, mRingtonePath=''}], repeat=-1}}, attributes=VibrationAttributes: Usage=TOUCH Audio Usage= USAGE_ASSISTANCE_SONIFICATION Flags=0, token=2909812
05-22 21:44:01.702  2453  3302 W VibrationScaler: Got unexpected vibration intensity: 2000
05-22 21:44:01.703  2453  3302 E VibrationScaler: No configured scaling level! (current=2000, default= 2)
05-22 21:44:01.706  2453  2965 D VibrationThread: Perform OplusPrebakedSegment{mWaveformId=2, mDuration=45, mEffectStrength=2000, mDefaultUsage=TOUCH} on vibrator 0
05-22 21:44:01.794  2453  3093 D PowerManagerService: userActivityNoUpdateLocked: groupId=0, eventTime=55881836, event=touch, flags=0x0, uid=1000
05-22 21:44:01.810  2453  4093 D LinearmotorVibrator: vibrate: effect=WaveformEffect { d2be997, effectType=1, effectStrength=-1, effectLoop=false, ringtoneVibrateType=-1, isRingtoneCustomized=false, ringtoneFilePath=, strengthSettingEnabled=true, asynchronous=true, usageHint=13 }
05-22 21:44:01.810  2453  4093 I VibratorManagerServiceExtImpl: vibrate is uid=1000, pid=2453, opPkg=android, effect=Mono{mEffect=Composed{segments=[OplusVibrationEffectSegment{mEffectId=1, mEffectStrength=-1, mRingtonePath=''}], repeat=-1}}, attributes=VibrationAttributes: Usage=TOUCH Audio Usage= USAGE_ASSISTANCE_SONIFICATION Flags=0, token=2909812
05-22 21:44:01.811  2453  4093 W VibrationScaler: Got unexpected vibration intensity: 2000
05-22 21:44:01.811  2453  4093 E VibrationScaler: No configured scaling level! (current=2000, default= 2)
05-22 21:44:01.813  2453  2965 D VibrationThread: Perform OplusPrebakedSegment{mWaveformId=2, mDuration=45, mEffectStrength=2000, mDefaultUsage=TOUCH} on vibrator 0
05-22 21:44:01.903  2453  3093 D PowerManagerService: userActivityNoUpdateLocked: groupId=0, eventTime=55881946, event=touch, flags=0x0, uid=1000
05-22 21:44:01.989  2453  3302 D LinearmotorVibrator: vibrate: effect=WaveformEffect { ea8a784, effectType=1, effectStrength=-1, effectLoop=false, ringtoneVibrateType=-1, isRingtoneCustomized=false, ringtoneFilePath=, strengthSettingEnabled=true, asynchronous=true, usageHint=13 }
05-22 21:44:01.989  2453  3302 I VibratorManagerServiceExtImpl: vibrate is uid=1000, pid=2453, opPkg=android, effect=Mono{mEffect=Composed{segments=[OplusVibrationEffectSegment{mEffectId=1, mEffectStrength=-1, mRingtonePath=''}], repeat=-1}}, attributes=VibrationAttributes: Usage=TOUCH Audio Usage= USAGE_ASSISTANCE_SONIFICATION Flags=0, token=2909812
05-22 21:44:01.990  2453  3302 W VibrationScaler: Got unexpected vibration intensity: 2000
05-22 21:44:01.990  2453  3302 E VibrationScaler: No configured scaling level! (current=2000, default= 2)
05-22 21:44:01.992  2453  2965 D VibrationThread: Perform OplusPrebakedSegment{mWaveformId=2, mDuration=45, mEffectStrength=2000, mDefaultUsage=TOUCH} on vibrator 0
05-22 21:44:02.081  2453  3093 D PowerManagerService: userActivityNoUpdateLocked: groupId=0, eventTime=55882123, event=touch, flags=0x0, uid=1000
05-22 21:44:02.180  2453  3302 D LinearmotorVibrator: vibrate: effect=WaveformEffect { 4f1bb6d, effectType=1, effectStrength=-1, effectLoop=false, ringtoneVibrateType=-1, isRingtoneCustomized=false, ringtoneFilePath=, strengthSettingEnabled=true, asynchronous=true, usageHint=13 }
05-22 21:44:02.180  2453  3302 I VibratorManagerServiceExtImpl: vibrate is uid=1000, pid=2453, opPkg=android, effect=Mono{mEffect=Composed{segments=[OplusVibrationEffectSegment{mEffectId=1, mEffectStrength=-1, mRingtonePath=''}], repeat=-1}}, attributes=VibrationAttributes: Usage=TOUCH Audio Usage= USAGE_ASSISTANCE_SONIFICATION Flags=0, token=2909812
05-22 21:44:02.181  2453  3302 W VibrationScaler: Got unexpected vibration intensity: 2000
05-22 21:44:02.181  2453  3302 E VibrationScaler: No configured scaling level! (current=2000, default= 2)
05-22 21:44:02.183  2453  2965 D VibrationThread: Perform OplusPrebakedSegment{mWaveformId=2, mDuration=45, mEffectStrength=2000, mDefaultUsage=TOUCH} on vibrator 0
05-22 21:44:02.189  2453  3093 D PowerManagerService: userActivityNoUpdateLocked: groupId=0, eventTime=55882233, event=touch, flags=0x0, uid=1000
05-22 21:44:02.258  2453  2559 D OplusSmartBrightnessController: handleMessage MSG_LUX_CHANGED, mLux:33.95744 luxQueue=[33.95744, 33.95744, 33.95744, 33.95744, 33.95744]
05-22 21:44:02.385  2453  3093 D PowerManagerService: userActivityNoUpdateLocked: groupId=0, eventTime=55882427, event=touch, flags=0x0, uid=1000
05-22 21:44:02.389  2453  4093 D LinearmotorVibrator: vibrate: effect=WaveformEffect { 55633a2, effectType=1, effectStrength=-1, effectLoop=false, ringtoneVibrateType=-1, isRingtoneCustomized=false, ringtoneFilePath=, strengthSettingEnabled=true, asynchronous=true, usageHint=13 }
05-22 21:44:02.390  2453  4093 I VibratorManagerServiceExtImpl: vibrate is uid=1000, pid=2453, opPkg=android, effect=Mono{mEffect=Composed{segments=[OplusVibrationEffectSegment{mEffectId=1, mEffectStrength=-1, mRingtonePath=''}], repeat=-1}}, attributes=VibrationAttributes: Usage=TOUCH Audio Usage= USAGE_ASSISTANCE_SONIFICATION Flags=0, token=2909812
05-22 21:44:02.391  2453  4093 W VibrationScaler: Got unexpected vibration intensity: 2000
05-22 21:44:02.391  2453  4093 E VibrationScaler: No configured scaling level! (current=2000, default= 2)
05-22 21:44:02.392  2453  2965 D VibrationThread: Perform OplusPrebakedSegment{mWaveformId=2, mDuration=45, mEffectStrength=2000, mDefaultUsage=TOUCH} on vibrator 0
05-22 21:44:02.605  2453  3093 D PowerManagerService: userActivityNoUpdateLocked: groupId=0, eventTime=55882647, event=touch, flags=0x0, uid=1000
05-22 21:44:02.609  2453  3302 D LinearmotorVibrator: vibrate: effect=WaveformEffect { abb8833, effectType=1, effectStrength=-1, effectLoop=false, ringtoneVibrateType=-1, isRingtoneCustomized=false, ringtoneFilePath=, strengthSettingEnabled=true, asynchronous=true, usageHint=13 }
05-22 21:44:02.610  2453  3302 I VibratorManagerServiceExtImpl: vibrate is uid=1000, pid=2453, opPkg=android, effect=Mono{mEffect=Composed{segments=[OplusVibrationEffectSegment{mEffectId=1, mEffectStrength=-1, mRingtonePath=''}], repeat=-1}}, attributes=VibrationAttributes: Usage=TOUCH Audio Usage= USAGE_ASSISTANCE_SONIFICATION Flags=0, token=2909812
05-22 21:44:02.611  2453  3302 W VibrationScaler: Got unexpected vibration intensity: 2000
05-22 21:44:02.611  2453  3302 E VibrationScaler: No configured scaling level! (current=2000, default= 2)
05-22 21:44:02.613  2453  2965 D VibrationThread: Perform OplusPrebakedSegment{mWaveformId=2, mDuration=45, mEffectStrength=2000, mDefaultUsage=TOUCH} on vibrator 0
05-22 21:44:02.791  2453  3093 D PowerManagerService: userActivityNoUpdateLocked: groupId=0, eventTime=55882832, event=touch, flags=0x0, uid=1000
05-22 21:44:02.793  2453  3302 D LinearmotorVibrator: vibrate: effect=WaveformEffect { fcab7f0, effectType=1, effectStrength=-1, effectLoop=false, ringtoneVibrateType=-1, isRingtoneCustomized=false, ringtoneFilePath=, strengthSettingEnabled=true, asynchronous=true, usageHint=13 }
05-22 21:44:02.793  2453  3302 I VibratorManagerServiceExtImpl: vibrate is uid=1000, pid=2453, opPkg=android, effect=Mono{mEffect=Composed{segments=[OplusVibrationEffectSegment{mEffectId=1, mEffectStrength=-1, mRingtonePath=''}], repeat=-1}}, attributes=VibrationAttributes: Usage=TOUCH Audio Usage= USAGE_ASSISTANCE_SONIFICATION Flags=0, token=2909812
05-22 21:44:02.794  2453  3302 W VibrationScaler: Got unexpected vibration intensity: 2000
05-22 21:44:02.794  2453  3302 E VibrationScaler: No configured scaling level! (current=2000, default= 2)
05-22 21:44:02.796  2453  2965 D VibrationThread: Perform OplusPrebakedSegment{mWaveformId=2, mDuration=45, mEffectStrength=2000, mDefaultUsage=TOUCH} on vibrator 0
05-22 21:44:02.908  2453  3093 D PowerManagerService: userActivityNoUpdateLocked: groupId=0, eventTime=55882950, event=touch, flags=0x0, uid=1000
05-22 21:44:02.929  2453  3302 D LinearmotorVibrator: vibrate: effect=WaveformEffect { fba169, effectType=1, effectStrength=-1, effectLoop=false, ringtoneVibrateType=-1, isRingtoneCustomized=false, ringtoneFilePath=, strengthSettingEnabled=true, asynchronous=true, usageHint=13 }
05-22 21:44:02.929  2453  3302 I VibratorManagerServiceExtImpl: vibrate is uid=1000, pid=2453, opPkg=android, effect=Mono{mEffect=Composed{segments=[OplusVibrationEffectSegment{mEffectId=1, mEffectStrength=-1, mRingtonePath=''}], repeat=-1}}, attributes=VibrationAttributes: Usage=TOUCH Audio Usage= USAGE_ASSISTANCE_SONIFICATION Flags=0, token=2909812
05-22 21:44:02.930  2453  3302 W VibrationScaler: Got unexpected vibration intensity: 2000
05-22 21:44:02.930  2453  3302 E VibrationScaler: No configured scaling level! (current=2000, default= 2)
05-22 21:44:02.932  2453  2965 D VibrationThread: Perform OplusPrebakedSegment{mWaveformId=2, mDuration=45, mEffectStrength=2000, mDefaultUsage=TOUCH} on vibrator 0
05-22 21:44:03.237  2453  3093 D PowerManagerService: userActivityNoUpdateLocked: groupId=0, eventTime=55883279, event=touch, flags=0x0, uid=1000
05-22 21:44:03.242  2453  4093 D LinearmotorVibrator: vibrate: effect=WaveformEffect { 687e7ee, effectType=1, effectStrength=-1, effectLoop=false, ringtoneVibrateType=-1, isRingtoneCustomized=false, ringtoneFilePath=, strengthSettingEnabled=true, asynchronous=true, usageHint=13 }
05-22 21:44:03.243  2453  4093 I VibratorManagerServiceExtImpl: vibrate is uid=1000, pid=2453, opPkg=android, effect=Mono{mEffect=Composed{segments=[OplusVibrationEffectSegment{mEffectId=1, mEffectStrength=-1, mRingtonePath=''}], repeat=-1}}, attributes=VibrationAttributes: Usage=TOUCH Audio Usage= USAGE_ASSISTANCE_SONIFICATION Flags=0, token=2909812
05-22 21:44:03.243  2453  4093 W VibrationScaler: Got unexpected vibration intensity: 2000
05-22 21:44:03.243  2453  4093 E VibrationScaler: No configured scaling level! (current=2000, default= 2)
05-22 21:44:03.245  2453  2965 D VibrationThread: Perform OplusPrebakedSegment{mWaveformId=2, mDuration=45, mEffectStrength=2000, mDefaultUsage=TOUCH} on vibrator 0
05-22 21:44:03.929  2453  3093 D PowerManagerService: userActivityNoUpdateLocked: groupId=0, eventTime=55883971, event=touch, flags=0x0, uid=1000
05-22 21:44:03.935  2453  4093 D LinearmotorVibrator: vibrate: effect=WaveformEffect { 2a3eb25, effectType=1, effectStrength=-1, effectLoop=false, ringtoneVibrateType=-1, isRingtoneCustomized=false, ringtoneFilePath=, strengthSettingEnabled=true, asynchronous=true, usageHint=13 }
05-22 21:44:03.936  2453  4093 I VibratorManagerServiceExtImpl: vibrate is uid=1000, pid=2453, opPkg=android, effect=Mono{mEffect=Composed{segments=[OplusVibrationEffectSegment{mEffectId=1, mEffectStrength=-1, mRingtonePath=''}], repeat=-1}}, attributes=VibrationAttributes: Usage=TOUCH Audio Usage= USAGE_ASSISTANCE_SONIFICATION Flags=0, token=2909812
05-22 21:44:03.937  2453  4093 W VibrationScaler: Got unexpected vibration intensity: 2000
05-22 21:44:03.937  2453  4093 E VibrationScaler: No configured scaling level! (current=2000, default= 2)
05-22 21:44:03.939  2453  2965 D VibrationThread: Perform OplusPrebakedSegment{mWaveformId=2, mDuration=45, mEffectStrength=2000, mDefaultUsage=TOUCH} on vibrator 0
05-22 21:44:04.079  2453  3093 D PowerManagerService: userActivityNoUpdateLocked: groupId=0, eventTime=55884122, event=touch, flags=0x0, uid=1000
05-22 21:44:04.084  2453  4093 D LinearmotorVibrator: vibrate: effect=WaveformEffect { 50e94fa, effectType=1, effectStrength=-1, effectLoop=false, ringtoneVibrateType=-1, isRingtoneCustomized=false, ringtoneFilePath=, strengthSettingEnabled=true, asynchronous=true, usageHint=13 }
05-22 21:44:04.085  2453  4093 I VibratorManagerServiceExtImpl: vibrate is uid=1000, pid=2453, opPkg=android, effect=Mono{mEffect=Composed{segments=[OplusVibrationEffectSegment{mEffectId=1, mEffectStrength=-1, mRingtonePath=''}], repeat=-1}}, attributes=VibrationAttributes: Usage=TOUCH Audio Usage= USAGE_ASSISTANCE_SONIFICATION Flags=0, token=2909812
05-22 21:44:04.085  2453  4093 W VibrationScaler: Got unexpected vibration intensity: 2000
05-22 21:44:04.085  2453  4093 E VibrationScaler: No configured scaling level! (current=2000, default= 2)
05-22 21:44:04.087  2453  2965 D VibrationThread: Perform OplusPrebakedSegment{mWaveformId=2, mDuration=45, mEffectStrength=2000, mDefaultUsage=TOUCH} on vibrator 0
05-22 21:44:04.259  2453  2559 I OplusSmartBrightnessController: deltaLux = 3.8146973E-6, scale = 1.0
05-22 21:44:04.260  2453  2559 D OplusSmartBrightnessController: handleMessage MSG_LUX_CHANGED, mLux:33.957436 luxQueue=[33.95744, 33.95744, 33.95744, 33.95744, 33.95744, 33.95744, 33.95744, 33.95744, 33.95744, 33.95744]
05-22 21:44:04.468  2453  3093 D PowerManagerService: userActivityNoUpdateLocked: groupId=0, eventTime=55884510, event=touch, flags=0x0, uid=1000
05-22 21:44:04.472  2453  3431 D LinearmotorVibrator: vibrate: effect=WaveformEffect { bf5caab, effectType=1, effectStrength=-1, effectLoop=false, ringtoneVibrateType=-1, isRingtoneCustomized=false, ringtoneFilePath=, strengthSettingEnabled=true, asynchronous=true, usageHint=13 }
05-22 21:44:04.473  2453  3431 I VibratorManagerServiceExtImpl: vibrate is uid=1000, pid=2453, opPkg=android, effect=Mono{mEffect=Composed{segments=[OplusVibrationEffectSegment{mEffectId=1, mEffectStrength=-1, mRingtonePath=''}], repeat=-1}}, attributes=VibrationAttributes: Usage=TOUCH Audio Usage= USAGE_ASSISTANCE_SONIFICATION Flags=0, token=2909812
05-22 21:44:04.473  2453  3431 W VibrationScaler: Got unexpected vibration intensity: 2000
05-22 21:44:04.473  2453  3431 E VibrationScaler: No configured scaling level! (current=2000, default= 2)
05-22 21:44:04.475  2453  2965 D VibrationThread: Perform OplusPrebakedSegment{mWaveformId=2, mDuration=45, mEffectStrength=2000, mDefaultUsage=TOUCH} on vibrator 0
05-22 21:44:04.907  2453  3093 D PowerManagerService: userActivityNoUpdateLocked: groupId=0, eventTime=55884948, event=touch, flags=0x0, uid=1000
05-22 21:44:04.912  2453  3302 D LinearmotorVibrator: vibrate: effect=WaveformEffect { 6a99508, effectType=1, effectStrength=-1, effectLoop=false, ringtoneVibrateType=-1, isRingtoneCustomized=false, ringtoneFilePath=, strengthSettingEnabled=true, asynchronous=true, usageHint=13 }
05-22 21:44:04.912  2453  3302 I VibratorManagerServiceExtImpl: vibrate is uid=1000, pid=2453, opPkg=android, effect=Mono{mEffect=Composed{segments=[OplusVibrationEffectSegment{mEffectId=1, mEffectStrength=-1, mRingtonePath=''}], repeat=-1}}, attributes=VibrationAttributes: Usage=TOUCH Audio Usage= USAGE_ASSISTANCE_SONIFICATION Flags=0, token=2909812
05-22 21:44:04.913  2453  3302 W VibrationScaler: Got unexpected vibration intensity: 2000
05-22 21:44:04.913  2453  3302 E VibrationScaler: No configured scaling level! (current=2000, default= 2)
05-22 21:44:04.915  2453  2965 D VibrationThread: Perform OplusPrebakedSegment{mWaveformId=2, mDuration=45, mEffectStrength=2000, mDefaultUsage=TOUCH} on vibrator 0
05-22 21:44:05.005  2453  3093 D PowerManagerService: userActivityNoUpdateLocked: groupId=0, eventTime=55885049, event=touch, flags=0x0, uid=1000
05-22 21:44:05.041  2453  3431 D LinearmotorVibrator: vibrate: effect=WaveformEffect { dcd14a1, effectType=1, effectStrength=-1, effectLoop=false, ringtoneVibrateType=-1, isRingtoneCustomized=false, ringtoneFilePath=, strengthSettingEnabled=true, asynchronous=true, usageHint=13 }
05-22 21:44:05.042  2453  3431 I VibratorManagerServiceExtImpl: vibrate is uid=1000, pid=2453, opPkg=android, effect=Mono{mEffect=Composed{segments=[OplusVibrationEffectSegment{mEffectId=1, mEffectStrength=-1, mRingtonePath=''}], repeat=-1}}, attributes=VibrationAttributes: Usage=TOUCH Audio Usage= USAGE_ASSISTANCE_SONIFICATION Flags=0, token=2909812
05-22 21:44:05.043  2453  3431 W VibrationScaler: Got unexpected vibration intensity: 2000
05-22 21:44:05.043  2453  3431 E VibrationScaler: No configured scaling level! (current=2000, default= 2)
05-22 21:44:05.045  2453  2965 D VibrationThread: Perform OplusPrebakedSegment{mWaveformId=2, mDuration=45, mEffectStrength=2000, mDefaultUsage=TOUCH} on vibrator 0
05-22 21:44:05.114  2453  3093 D PowerManagerService: userActivityNoUpdateLocked: groupId=0, eventTime=55885158, event=touch, flags=0x0, uid=1000
05-22 21:44:05.268  2453  3093 D PowerManagerService: userActivityNoUpdateLocked: groupId=0, eventTime=55885310, event=touch, flags=0x0, uid=1000
05-22 21:44:05.272  2453  3302 D LinearmotorVibrator: vibrate: effect=WaveformEffect { 22106c6, effectType=1, effectStrength=-1, effectLoop=false, ringtoneVibrateType=-1, isRingtoneCustomized=false, ringtoneFilePath=, strengthSettingEnabled=true, asynchronous=true, usageHint=13 }
05-22 21:44:05.273  2453  3302 I VibratorManagerServiceExtImpl: vibrate is uid=1000, pid=2453, opPkg=android, effect=Mono{mEffect=Composed{segments=[OplusVibrationEffectSegment{mEffectId=1, mEffectStrength=-1, mRingtonePath=''}], repeat=-1}}, attributes=VibrationAttributes: Usage=TOUCH Audio Usage= USAGE_ASSISTANCE_SONIFICATION Flags=0, token=2909812
05-22 21:44:05.273  2453  3302 W VibrationScaler: Got unexpected vibration intensity: 2000
05-22 21:44:05.273  2453  3302 E VibrationScaler: No configured scaling level! (current=2000, default= 2)
05-22 21:44:05.275  2453  2965 D VibrationThread: Perform OplusPrebakedSegment{mWaveformId=2, mDuration=45, mEffectStrength=2000, mDefaultUsage=TOUCH} on vibrator 0
05-22 21:44:05.463  2453  3093 D PowerManagerService: userActivityNoUpdateLocked: groupId=0, eventTime=55885504, event=touch, flags=0x0, uid=1000
05-22 21:44:05.468  2453  3431 D LinearmotorVibrator: vibrate: effect=WaveformEffect { b446687, effectType=1, effectStrength=-1, effectLoop=false, ringtoneVibrateType=-1, isRingtoneCustomized=false, ringtoneFilePath=, strengthSettingEnabled=true, asynchronous=true, usageHint=13 }
05-22 21:44:05.469  2453  3431 I VibratorManagerServiceExtImpl: vibrate is uid=1000, pid=2453, opPkg=android, effect=Mono{mEffect=Composed{segments=[OplusVibrationEffectSegment{mEffectId=1, mEffectStrength=-1, mRingtonePath=''}], repeat=-1}}, attributes=VibrationAttributes: Usage=TOUCH Audio Usage= USAGE_ASSISTANCE_SONIFICATION Flags=0, token=2909812
05-22 21:44:05.469  2453  3431 W VibrationScaler: Got unexpected vibration intensity: 2000
05-22 21:44:05.469  2453  3431 E VibrationScaler: No configured scaling level! (current=2000, default= 2)
05-22 21:44:05.471  2453  2965 D VibrationThread: Perform OplusPrebakedSegment{mWaveformId=2, mDuration=45, mEffectStrength=2000, mDefaultUsage=TOUCH} on vibrator 0
05-22 21:44:05.548  2453  3302 D LinearmotorVibrator: vibrate: effect=WaveformEffect { 6c6f9b4, effectType=1, effectStrength=-1, effectLoop=false, ringtoneVibrateType=-1, isRingtoneCustomized=false, ringtoneFilePath=, strengthSettingEnabled=true, asynchronous=true, usageHint=13 }
05-22 21:44:05.549  2453  3302 I VibratorManagerServiceExtImpl: vibrate is uid=1000, pid=2453, opPkg=android, effect=Mono{mEffect=Composed{segments=[OplusVibrationEffectSegment{mEffectId=1, mEffectStrength=-1, mRingtonePath=''}], repeat=-1}}, attributes=VibrationAttributes: Usage=TOUCH Audio Usage= USAGE_ASSISTANCE_SONIFICATION Flags=0, token=2909812
05-22 21:44:05.550  2453  3302 W VibrationScaler: Got unexpected vibration intensity: 2000
05-22 21:44:05.550  2453  3302 E VibrationScaler: No configured scaling level! (current=2000, default= 2)
05-22 21:44:05.553  2453  2965 D VibrationThread: Perform OplusPrebakedSegment{mWaveformId=2, mDuration=45, mEffectStrength=2000, mDefaultUsage=TOUCH} on vibrator 0
05-22 21:44:05.562  2453  3093 D PowerManagerService: userActivityNoUpdateLocked: groupId=0, eventTime=55885605, event=touch, flags=0x0, uid=1000
05-22 21:44:05.749  2453  3093 D PowerManagerService: userActivityNoUpdateLocked: groupId=0, eventTime=55885791, event=touch, flags=0x0, uid=1000
05-22 21:44:05.755  2453  3302 D LinearmotorVibrator: vibrate: effect=WaveformEffect { 80559dd, effectType=1, effectStrength=-1, effectLoop=false, ringtoneVibrateType=-1, isRingtoneCustomized=false, ringtoneFilePath=, strengthSettingEnabled=true, asynchronous=true, usageHint=13 }
05-22 21:44:05.755  2453  3302 I VibratorManagerServiceExtImpl: vibrate is uid=1000, pid=2453, opPkg=android, effect=Mono{mEffect=Composed{segments=[OplusVibrationEffectSegment{mEffectId=1, mEffectStrength=-1, mRingtonePath=''}], repeat=-1}}, attributes=VibrationAttributes: Usage=TOUCH Audio Usage= USAGE_ASSISTANCE_SONIFICATION Flags=0, token=2909812
05-22 21:44:05.756  2453  3302 W VibrationScaler: Got unexpected vibration intensity: 2000
05-22 21:44:05.756  2453  3302 E VibrationScaler: No configured scaling level! (current=2000, default= 2)
05-22 21:44:05.758  2453  2965 D VibrationThread: Perform OplusPrebakedSegment{mWaveformId=2, mDuration=45, mEffectStrength=2000, mDefaultUsage=TOUCH} on vibrator 0
05-22 21:44:06.094  2453  3093 D PowerManagerService: userActivityNoUpdateLocked: groupId=0, eventTime=55886136, event=touch, flags=0x0, uid=1000
05-22 21:44:06.098  2453  4111 D LinearmotorVibrator: vibrate: effect=WaveformEffect { 5dee795, effectType=1, effectStrength=-1, effectLoop=false, ringtoneVibrateType=-1, isRingtoneCustomized=false, ringtoneFilePath=, strengthSettingEnabled=true, asynchronous=true, usageHint=13 }
05-22 21:44:06.099  2453  4111 I VibratorManagerServiceExtImpl: vibrate is uid=1000, pid=2453, opPkg=android, effect=Mono{mEffect=Composed{segments=[OplusVibrationEffectSegment{mEffectId=1, mEffectStrength=-1, mRingtonePath=''}], repeat=-1}}, attributes=VibrationAttributes: Usage=TOUCH Audio Usage= USAGE_ASSISTANCE_SONIFICATION Flags=0, token=2909812
05-22 21:44:06.100  2453  4111 W VibrationScaler: Got unexpected vibration intensity: 2000
05-22 21:44:06.100  2453  4111 E VibrationScaler: No configured scaling level! (current=2000, default= 2)
05-22 21:44:06.102  2453  2965 D VibrationThread: Perform OplusPrebakedSegment{mWaveformId=2, mDuration=45, mEffectStrength=2000, mDefaultUsage=TOUCH} on vibrator 0
05-22 21:44:06.193  2453  3093 D PowerManagerService: userActivityNoUpdateLocked: groupId=0, eventTime=55886237, event=touch, flags=0x0, uid=1000
05-22 21:44:06.272  2453  4111 D LinearmotorVibrator: vibrate: effect=WaveformEffect { cb630aa, effectType=1, effectStrength=-1, effectLoop=false, ringtoneVibrateType=-1, isRingtoneCustomized=false, ringtoneFilePath=, strengthSettingEnabled=true, asynchronous=true, usageHint=13 }
05-22 21:44:06.273  2453  4111 I VibratorManagerServiceExtImpl: vibrate is uid=1000, pid=2453, opPkg=android, effect=Mono{mEffect=Composed{segments=[OplusVibrationEffectSegment{mEffectId=1, mEffectStrength=-1, mRingtonePath=''}], repeat=-1}}, attributes=VibrationAttributes: Usage=TOUCH Audio Usage= USAGE_ASSISTANCE_SONIFICATION Flags=0, token=2909812
05-22 21:44:06.273  2453  4111 W VibrationScaler: Got unexpected vibration intensity: 2000
05-22 21:44:06.274  2453  4111 E VibrationScaler: No configured scaling level! (current=2000, default= 2)
05-22 21:44:06.276  2453  2965 D VibrationThread: Perform OplusPrebakedSegment{mWaveformId=2, mDuration=45, mEffectStrength=2000, mDefaultUsage=TOUCH} on vibrator 0
05-22 21:44:06.338  2453  3093 D PowerManagerService: userActivityNoUpdateLocked: groupId=0, eventTime=55886381, event=touch, flags=0x0, uid=1000
05-22 21:44:06.618  2453  3093 D PowerManagerService: userActivityNoUpdateLocked: groupId=0, eventTime=55886659, event=touch, flags=0x0, uid=1000
05-22 21:44:06.624  2453  4111 D LinearmotorVibrator: vibrate: effect=WaveformEffect { 2936811, effectType=1, effectStrength=-1, effectLoop=false, ringtoneVibrateType=-1, isRingtoneCustomized=false, ringtoneFilePath=, strengthSettingEnabled=true, asynchronous=true, usageHint=13 }
05-22 21:44:06.625  2453  4111 I VibratorManagerServiceExtImpl: vibrate is uid=1000, pid=2453, opPkg=android, effect=Mono{mEffect=Composed{segments=[OplusVibrationEffectSegment{mEffectId=1, mEffectStrength=-1, mRingtonePath=''}], repeat=-1}}, attributes=VibrationAttributes: Usage=TOUCH Audio Usage= USAGE_ASSISTANCE_SONIFICATION Flags=0, token=2909812
05-22 21:44:06.625  2453  4111 W VibrationScaler: Got unexpected vibration intensity: 2000
05-22 21:44:06.625  2453  4111 E VibrationScaler: No configured scaling level! (current=2000, default= 2)
05-22 21:44:06.628  2453  2965 D VibrationThread: Perform OplusPrebakedSegment{mWaveformId=2, mDuration=45, mEffectStrength=2000, mDefaultUsage=TOUCH} on vibrator 0
05-22 21:44:06.904  2453  3093 D PowerManagerService: userActivityNoUpdateLocked: groupId=0, eventTime=55886946, event=touch, flags=0x0, uid=1000
05-22 21:44:07.008  2453  4111 D LinearmotorVibrator: vibrate: effect=WaveformEffect { 9ead76, effectType=1, effectStrength=-1, effectLoop=false, ringtoneVibrateType=-1, isRingtoneCustomized=false, ringtoneFilePath=, strengthSettingEnabled=true, asynchronous=true, usageHint=13 }
05-22 21:44:07.008  2453  4111 I VibratorManagerServiceExtImpl: vibrate is uid=1000, pid=2453, opPkg=android, effect=Mono{mEffect=Composed{segments=[OplusVibrationEffectSegment{mEffectId=1, mEffectStrength=-1, mRingtonePath=''}], repeat=-1}}, attributes=VibrationAttributes: Usage=TOUCH Audio Usage= USAGE_ASSISTANCE_SONIFICATION Flags=0, token=2909812
05-22 21:44:07.009  2453  4111 W VibrationScaler: Got unexpected vibration intensity: 2000
05-22 21:44:07.009  2453  4111 E VibrationScaler: No configured scaling level! (current=2000, default= 2)
05-22 21:44:07.010 25640 25640 W VRI[InputMethod]: updateBlastSurfaceIfNeeded, surfaceSize:Point(1080, 2297), lastSurfaceSize:Point(1080, 2297), format:-2, blastBufferQueue:android.graphics.BLASTBufferQueue@d2c6b92
05-22 21:44:07.011  2453  3093 D PowerManagerService: userActivityNoUpdateLocked: groupId=0, eventTime=55887055, event=touch, flags=0x0, uid=1000
05-22 21:44:07.011  2453  2965 D VibrationThread: Perform OplusPrebakedSegment{mWaveformId=2, mDuration=45, mEffectStrength=2000, mDefaultUsage=TOUCH} on vibrator 0
05-22 21:44:07.012  2453  4111 D WindowManagerServiceExtImpl: extractConfigInfoAndRealFlags rotation=0, screenDp=720, win=Window{7ef1c04 u0 InputMethod}
05-22 21:44:07.013  2453  4111 V WindowManager: Relayout Window{7ef1c04 u0 InputMethod}: viewVisibility=0, oldvis=0, req=1080x2297, vsysui=
05-22 21:44:07.259  2453  2559 D OplusSmartBrightnessController: handleMessage MSG_LUX_CHANGED, mLux:34.062313 luxQueue=[34.06231, 34.06231, 34.06231, 34.06231, 34.06231, 34.06231]
05-22 21:44:07.495  2453  3093 D PowerManagerService: userActivityNoUpdateLocked: groupId=0, eventTime=55887536, event=touch, flags=0x0, uid=1000
05-22 21:44:07.512  2453  4111 D LinearmotorVibrator: vibrate: effect=WaveformEffect { badff77, effectType=1, effectStrength=-1, effectLoop=false, ringtoneVibrateType=-1, isRingtoneCustomized=false, ringtoneFilePath=, strengthSettingEnabled=true, asynchronous=true, usageHint=13 }
05-22 21:44:07.513  2453  4111 I VibratorManagerServiceExtImpl: vibrate is uid=1000, pid=2453, opPkg=android, effect=Mono{mEffect=Composed{segments=[OplusVibrationEffectSegment{mEffectId=1, mEffectStrength=-1, mRingtonePath=''}], repeat=-1}}, attributes=VibrationAttributes: Usage=TOUCH Audio Usage= USAGE_ASSISTANCE_SONIFICATION Flags=0, token=2909812
05-22 21:44:07.513  2453  4111 W VibrationScaler: Got unexpected vibration intensity: 2000
05-22 21:44:07.513  2453  4111 E VibrationScaler: No configured scaling level! (current=2000, default= 2)
05-22 21:44:07.516  2453  2965 D VibrationThread: Perform OplusPrebakedSegment{mWaveformId=2, mDuration=45, mEffectStrength=2000, mDefaultUsage=TOUCH} on vibrator 0
05-22 21:44:07.611  2453  3239 V AlarmManager: set(PendingIntent{9f637e4: PendingIntentRecord{fdbb0ce com.whatsapp broadcastIntent}}) : type=2 triggerAtTime=101394138 win=449999 tElapsed=101394138 maxElapsed=101844137 interval=0 flags=0x8 callingPackage=com.whatsapp listenerTag=null
05-22 21:44:07.678  2453  3093 D PowerManagerService: userActivityNoUpdateLocked: groupId=0, eventTime=55887721, event=touch, flags=0x0, uid=1000
